ARM GAS  /tmp/ccxyWw2v.s 			page 1


   1              		.cpu cortex-m4
   2              		.arch armv7e-m
   3              		.fpu fpv4-sp-d16
   4              		.eabi_attribute 27, 1
   5              		.eabi_attribute 28, 1
   6              		.eabi_attribute 20, 1
   7              		.eabi_attribute 21, 1
   8              		.eabi_attribute 23, 3
   9              		.eabi_attribute 24, 1
  10              		.eabi_attribute 25, 1
  11              		.eabi_attribute 26, 1
  12              		.eabi_attribute 30, 1
  13              		.eabi_attribute 34, 1
  14              		.eabi_attribute 18, 4
  15              		.file	"clocks.c"
  16              		.text
  17              	.Ltext0:
  18              		.cfi_sections	.debug_frame
  19              		.file 1 "Core/Src/clocks.c"
  20              		.section	.text.SystemClock_Config,"ax",%progbits
  21              		.align	1
  22              		.global	SystemClock_Config
  23              		.syntax unified
  24              		.thumb
  25              		.thumb_func
  27              	SystemClock_Config:
  28              	.LFB288:
   1:Core/Src/clocks.c **** #include "clocks.h"
   2:Core/Src/clocks.c **** #include "main.h"
   3:Core/Src/clocks.c **** void SystemClock_Config(void)
   4:Core/Src/clocks.c **** {
  29              		.loc 1 4 1 view -0
  30              		.cfi_startproc
  31              		@ args = 0, pretend = 0, frame = 88
  32              		@ frame_needed = 0, uses_anonymous_args = 0
  33 0000 00B5     		push	{lr}
  34              		.cfi_def_cfa_offset 4
  35              		.cfi_offset 14, -4
  36 0002 97B0     		sub	sp, sp, #92
  37              		.cfi_def_cfa_offset 96
   5:Core/Src/clocks.c ****   RCC_OscInitTypeDef RCC_OscInitStruct = {0};
  38              		.loc 1 5 3 view .LVU1
  39              		.loc 1 5 22 is_stmt 0 view .LVU2
  40 0004 4422     		movs	r2, #68
  41 0006 0021     		movs	r1, #0
  42 0008 05A8     		add	r0, sp, #20
  43 000a FFF7FEFF 		bl	memset
  44              	.LVL0:
   6:Core/Src/clocks.c ****   RCC_ClkInitTypeDef RCC_ClkInitStruct = {0};
  45              		.loc 1 6 3 is_stmt 1 view .LVU3
  46              		.loc 1 6 22 is_stmt 0 view .LVU4
  47 000e 0023     		movs	r3, #0
  48 0010 0093     		str	r3, [sp]
  49 0012 0193     		str	r3, [sp, #4]
  50 0014 0293     		str	r3, [sp, #8]
  51 0016 0393     		str	r3, [sp, #12]
  52 0018 0493     		str	r3, [sp, #16]
ARM GAS  /tmp/ccxyWw2v.s 			page 2


   7:Core/Src/clocks.c **** 
   8:Core/Src/clocks.c ****   /** Configure the main internal regulator output voltage
   9:Core/Src/clocks.c ****   */
  10:Core/Src/clocks.c ****   if (HAL_PWREx_ControlVoltageScaling(PWR_REGULATOR_VOLTAGE_SCALE1) != HAL_OK)
  53              		.loc 1 10 3 is_stmt 1 view .LVU5
  54              		.loc 1 10 7 is_stmt 0 view .LVU6
  55 001a 4FF40070 		mov	r0, #512
  56 001e FFF7FEFF 		bl	HAL_PWREx_ControlVoltageScaling
  57              	.LVL1:
  58              		.loc 1 10 6 discriminator 1 view .LVU7
  59 0022 28BB     		cbnz	r0, .L6
  60              	.L2:
  11:Core/Src/clocks.c ****   {
  12:Core/Src/clocks.c ****     Error_Handler();
  13:Core/Src/clocks.c ****   }
  14:Core/Src/clocks.c **** 
  15:Core/Src/clocks.c ****   /** Initializes the RCC Oscillators according to the specified parameters
  16:Core/Src/clocks.c ****   * in the RCC_OscInitTypeDef structure.
  17:Core/Src/clocks.c ****   */
  18:Core/Src/clocks.c ****   RCC_OscInitStruct.OscillatorType = RCC_OSCILLATORTYPE_MSI;
  61              		.loc 1 18 3 is_stmt 1 view .LVU8
  62              		.loc 1 18 36 is_stmt 0 view .LVU9
  63 0024 1023     		movs	r3, #16
  64 0026 0593     		str	r3, [sp, #20]
  19:Core/Src/clocks.c ****   RCC_OscInitStruct.MSIState = RCC_MSI_ON;
  65              		.loc 1 19 3 is_stmt 1 view .LVU10
  66              		.loc 1 19 30 is_stmt 0 view .LVU11
  67 0028 0122     		movs	r2, #1
  68 002a 0B92     		str	r2, [sp, #44]
  20:Core/Src/clocks.c ****   RCC_OscInitStruct.MSICalibrationValue = 0;
  69              		.loc 1 20 3 is_stmt 1 view .LVU12
  70              		.loc 1 20 41 is_stmt 0 view .LVU13
  71 002c 0023     		movs	r3, #0
  72 002e 0C93     		str	r3, [sp, #48]
  21:Core/Src/clocks.c ****   RCC_OscInitStruct.MSIClockRange = RCC_MSIRANGE_6;
  73              		.loc 1 21 3 is_stmt 1 view .LVU14
  74              		.loc 1 21 35 is_stmt 0 view .LVU15
  75 0030 6023     		movs	r3, #96
  76 0032 0D93     		str	r3, [sp, #52]
  22:Core/Src/clocks.c ****   RCC_OscInitStruct.PLL.PLLState = RCC_PLL_ON;
  77              		.loc 1 22 3 is_stmt 1 view .LVU16
  78              		.loc 1 22 34 is_stmt 0 view .LVU17
  79 0034 0223     		movs	r3, #2
  80 0036 0F93     		str	r3, [sp, #60]
  23:Core/Src/clocks.c ****   RCC_OscInitStruct.PLL.PLLSource = RCC_PLLSOURCE_MSI;
  81              		.loc 1 23 3 is_stmt 1 view .LVU18
  82              		.loc 1 23 35 is_stmt 0 view .LVU19
  83 0038 1092     		str	r2, [sp, #64]
  24:Core/Src/clocks.c ****   RCC_OscInitStruct.PLL.PLLM = 1;
  84              		.loc 1 24 3 is_stmt 1 view .LVU20
  85              		.loc 1 24 30 is_stmt 0 view .LVU21
  86 003a 1192     		str	r2, [sp, #68]
  25:Core/Src/clocks.c ****   RCC_OscInitStruct.PLL.PLLN = 40;
  87              		.loc 1 25 3 is_stmt 1 view .LVU22
  88              		.loc 1 25 30 is_stmt 0 view .LVU23
  89 003c 2822     		movs	r2, #40
  90 003e 1292     		str	r2, [sp, #72]
ARM GAS  /tmp/ccxyWw2v.s 			page 3


  26:Core/Src/clocks.c ****   RCC_OscInitStruct.PLL.PLLP = RCC_PLLP_DIV7;
  91              		.loc 1 26 3 is_stmt 1 view .LVU24
  92              		.loc 1 26 30 is_stmt 0 view .LVU25
  93 0040 0722     		movs	r2, #7
  94 0042 1392     		str	r2, [sp, #76]
  27:Core/Src/clocks.c ****   RCC_OscInitStruct.PLL.PLLQ = RCC_PLLQ_DIV2;
  95              		.loc 1 27 3 is_stmt 1 view .LVU26
  96              		.loc 1 27 30 is_stmt 0 view .LVU27
  97 0044 1493     		str	r3, [sp, #80]
  28:Core/Src/clocks.c ****   RCC_OscInitStruct.PLL.PLLR = RCC_PLLR_DIV2;
  98              		.loc 1 28 3 is_stmt 1 view .LVU28
  99              		.loc 1 28 30 is_stmt 0 view .LVU29
 100 0046 1593     		str	r3, [sp, #84]
  29:Core/Src/clocks.c ****   if (HAL_RCC_OscConfig(&RCC_OscInitStruct) != HAL_OK)
 101              		.loc 1 29 3 is_stmt 1 view .LVU30
 102              		.loc 1 29 7 is_stmt 0 view .LVU31
 103 0048 05A8     		add	r0, sp, #20
 104 004a FFF7FEFF 		bl	HAL_RCC_OscConfig
 105              	.LVL2:
 106              		.loc 1 29 6 discriminator 1 view .LVU32
 107 004e 90B9     		cbnz	r0, .L7
 108              	.L3:
  30:Core/Src/clocks.c ****   {
  31:Core/Src/clocks.c ****     Error_Handler();
  32:Core/Src/clocks.c ****   }
  33:Core/Src/clocks.c **** 
  34:Core/Src/clocks.c ****   /** Initializes the CPU, AHB and APB buses clocks
  35:Core/Src/clocks.c ****   */
  36:Core/Src/clocks.c ****   RCC_ClkInitStruct.ClockType = RCC_CLOCKTYPE_HCLK|RCC_CLOCKTYPE_SYSCLK
 109              		.loc 1 36 3 is_stmt 1 view .LVU33
 110              		.loc 1 36 31 is_stmt 0 view .LVU34
 111 0050 0F23     		movs	r3, #15
 112 0052 0093     		str	r3, [sp]
  37:Core/Src/clocks.c ****                               |RCC_CLOCKTYPE_PCLK1|RCC_CLOCKTYPE_PCLK2;
  38:Core/Src/clocks.c ****   RCC_ClkInitStruct.SYSCLKSource = RCC_SYSCLKSOURCE_PLLCLK;
 113              		.loc 1 38 3 is_stmt 1 view .LVU35
 114              		.loc 1 38 34 is_stmt 0 view .LVU36
 115 0054 0323     		movs	r3, #3
 116 0056 0193     		str	r3, [sp, #4]
  39:Core/Src/clocks.c ****   RCC_ClkInitStruct.AHBCLKDivider = RCC_SYSCLK_DIV1;
 117              		.loc 1 39 3 is_stmt 1 view .LVU37
 118              		.loc 1 39 35 is_stmt 0 view .LVU38
 119 0058 0023     		movs	r3, #0
 120 005a 0293     		str	r3, [sp, #8]
  40:Core/Src/clocks.c ****   RCC_ClkInitStruct.APB1CLKDivider = RCC_HCLK_DIV1;
 121              		.loc 1 40 3 is_stmt 1 view .LVU39
 122              		.loc 1 40 36 is_stmt 0 view .LVU40
 123 005c 0393     		str	r3, [sp, #12]
  41:Core/Src/clocks.c ****   RCC_ClkInitStruct.APB2CLKDivider = RCC_HCLK_DIV1;
 124              		.loc 1 41 3 is_stmt 1 view .LVU41
 125              		.loc 1 41 36 is_stmt 0 view .LVU42
 126 005e 0493     		str	r3, [sp, #16]
  42:Core/Src/clocks.c **** 
  43:Core/Src/clocks.c ****   if (HAL_RCC_ClockConfig(&RCC_ClkInitStruct, FLASH_LATENCY_4) != HAL_OK)
 127              		.loc 1 43 3 is_stmt 1 view .LVU43
 128              		.loc 1 43 7 is_stmt 0 view .LVU44
 129 0060 0421     		movs	r1, #4
ARM GAS  /tmp/ccxyWw2v.s 			page 4


 130 0062 6846     		mov	r0, sp
 131 0064 FFF7FEFF 		bl	HAL_RCC_ClockConfig
 132              	.LVL3:
 133              		.loc 1 43 6 discriminator 1 view .LVU45
 134 0068 40B9     		cbnz	r0, .L8
 135              	.L1:
  44:Core/Src/clocks.c ****   {
  45:Core/Src/clocks.c ****     Error_Handler();
  46:Core/Src/clocks.c ****   }
  47:Core/Src/clocks.c **** }...
 136              		.loc 1 47 1 view .LVU46
 137 006a 17B0     		add	sp, sp, #92
 138              		.cfi_remember_state
 139              		.cfi_def_cfa_offset 4
 140              		@ sp needed
 141 006c 5DF804FB 		ldr	pc, [sp], #4
 142              	.L6:
 143              		.cfi_restore_state
  12:Core/Src/clocks.c ****     Error_Handler();
 144              		.loc 1 12 5 is_stmt 1 view .LVU47
 145 0070 FFF7FEFF 		bl	Error_Handler
 146              	.LVL4:
 147 0074 D6E7     		b	.L2
 148              	.L7:
  31:Core/Src/clocks.c ****     Error_Handler();
 149              		.loc 1 31 5 view .LVU48
 150 0076 FFF7FEFF 		bl	Error_Handler
 151              	.LVL5:
 152 007a E9E7     		b	.L3
 153              	.L8:
  45:Core/Src/clocks.c ****     Error_Handler();
 154              		.loc 1 45 5 view .LVU49
 155 007c FFF7FEFF 		bl	Error_Handler
 156              	.LVL6:
 157              		.loc 1 47 1 is_stmt 0 view .LVU50
 158 0080 F3E7     		b	.L1
 159              		.cfi_endproc
 160              	.LFE288:
 162              		.text
 163              	.Letext0:
 164              		.file 2 "/home/d-zaretski/.config/Code/User/globalStorage/bmd.stm32-for-vscode/@xpack-dev-tools/ar
 165              		.file 3 "/home/d-zaretski/.config/Code/User/globalStorage/bmd.stm32-for-vscode/@xpack-dev-tools/ar
 166              		.file 4 "Drivers/STM32L4xx_HAL_Driver/Inc/stm32l4xx_hal_def.h"
 167              		.file 5 "Drivers/STM32L4xx_HAL_Driver/Inc/stm32l4xx_hal_rcc.h"
 168              		.file 6 "Drivers/STM32L4xx_HAL_Driver/Inc/stm32l4xx_hal_pwr_ex.h"
 169              		.file 7 "Core/Inc/main.h"
 170              		.file 8 "<built-in>"
ARM GAS  /tmp/ccxyWw2v.s 			page 5


DEFINED SYMBOLS
                            *ABS*:00000000 clocks.c
     /tmp/ccxyWw2v.s:21     .text.SystemClock_Config:00000000 $t
     /tmp/ccxyWw2v.s:27     .text.SystemClock_Config:00000000 SystemClock_Config

UNDEFINED SYMBOLS
memset
HAL_PWREx_ControlVoltageScaling
HAL_RCC_OscConfig
HAL_RCC_ClockConfig
Error_Handler
