ARM GAS  /tmp/ccMe5lSe.s 			page 1


   1              		.cpu cortex-m4
   2              		.arch armv7e-m
   3              		.fpu fpv4-sp-d16
   4              		.eabi_attribute 27, 1
   5              		.eabi_attribute 28, 1
   6              		.eabi_attribute 20, 1
   7              		.eabi_attribute 21, 1
   8              		.eabi_attribute 23, 3
   9              		.eabi_attribute 24, 1
  10              		.eabi_attribute 25, 1
  11              		.eabi_attribute 26, 1
  12              		.eabi_attribute 30, 1
  13              		.eabi_attribute 34, 1
  14              		.eabi_attribute 18, 4
  15              		.file	"dac.c"
  16              		.text
  17              	.Ltext0:
  18              		.cfi_sections	.debug_frame
  19              		.file 1 "Core/Src/dac.c"
  20              		.section	.text.dac_init,"ax",%progbits
  21              		.align	1
  22              		.global	dac_init
  23              		.syntax unified
  24              		.thumb
  25              		.thumb_func
  27              	dac_init:
  28              	.LFB132:
   1:Core/Src/dac.c **** 
   2:Core/Src/dac.c **** #include "dac.h"
   3:Core/Src/dac.c **** //#include "stm32l4xx_hal_spi.h"
   4:Core/Src/dac.c **** void dac_init (void)
   5:Core/Src/dac.c **** { 
  29              		.loc 1 5 1 view -0
  30              		.cfi_startproc
  31              		@ args = 0, pretend = 0, frame = 8
  32              		@ frame_needed = 0, uses_anonymous_args = 0
  33 0000 10B5     		push	{r4, lr}
  34              		.cfi_def_cfa_offset 8
  35              		.cfi_offset 4, -8
  36              		.cfi_offset 14, -4
  37 0002 82B0     		sub	sp, sp, #8
  38              		.cfi_def_cfa_offset 16
   6:Core/Src/dac.c ****     //PA5 Pin
   7:Core/Src/dac.c ****     GPIOA->MODER |= GPIO_MODER_MODE5_0 | GPIO_MODER_MODE5_1; //Analog Mode (reset state)
  39              		.loc 1 7 5 view .LVU1
  40              		.loc 1 7 10 is_stmt 0 view .LVU2
  41 0004 4FF09043 		mov	r3, #1207959552
  42 0008 1A68     		ldr	r2, [r3]
  43              		.loc 1 7 18 view .LVU3
  44 000a 42F44062 		orr	r2, r2, #3072
  45 000e 1A60     		str	r2, [r3]
   8:Core/Src/dac.c ****     GPIOA->OTYPER &= ~GPIO_OTYPER_OT5; //Push-Pull (reset state)
  46              		.loc 1 8 5 is_stmt 1 view .LVU4
  47              		.loc 1 8 10 is_stmt 0 view .LVU5
  48 0010 5A68     		ldr	r2, [r3, #4]
  49              		.loc 1 8 19 view .LVU6
  50 0012 22F02002 		bic	r2, r2, #32
ARM GAS  /tmp/ccMe5lSe.s 			page 2


  51 0016 5A60     		str	r2, [r3, #4]
   9:Core/Src/dac.c ****     RCC->APB1ENR1 |= RCC_APB1ENR1_DAC1EN;
  52              		.loc 1 9 5 is_stmt 1 view .LVU7
  53              		.loc 1 9 8 is_stmt 0 view .LVU8
  54 0018 214A     		ldr	r2, .L7
  55 001a 936D     		ldr	r3, [r2, #88]
  56              		.loc 1 9 19 view .LVU9
  57 001c 43F00053 		orr	r3, r3, #536870912
  58 0020 9365     		str	r3, [r2, #88]
  10:Core/Src/dac.c **** 
  11:Core/Src/dac.c ****     /*Calibration*/
  12:Core/Src/dac.c ****     DAC->CR &= ~DAC_CR_EN2;
  59              		.loc 1 12 5 is_stmt 1 view .LVU10
  60              		.loc 1 12 8 is_stmt 0 view .LVU11
  61 0022 204B     		ldr	r3, .L7+4
  62 0024 1A68     		ldr	r2, [r3]
  63              		.loc 1 12 13 view .LVU12
  64 0026 22F48032 		bic	r2, r2, #65536
  65 002a 1A60     		str	r2, [r3]
  13:Core/Src/dac.c ****     DAC->CR &= ~DAC_CR_CEN2;
  66              		.loc 1 13 5 is_stmt 1 view .LVU13
  67              		.loc 1 13 8 is_stmt 0 view .LVU14
  68 002c 1A68     		ldr	r2, [r3]
  69              		.loc 1 13 13 view .LVU15
  70 002e 22F08042 		bic	r2, r2, #1073741824
  71 0032 1A60     		str	r2, [r3]
  14:Core/Src/dac.c ****     DAC->MCR |= 2 << DAC_MCR_MODE2_Pos; // DAC channel2 is connected to external pin with Buffer en
  72              		.loc 1 14 5 is_stmt 1 view .LVU16
  73              		.loc 1 14 8 is_stmt 0 view .LVU17
  74 0034 DA6B     		ldr	r2, [r3, #60]
  75              		.loc 1 14 14 view .LVU18
  76 0036 42F40032 		orr	r2, r2, #131072
  77 003a DA63     		str	r2, [r3, #60]
  15:Core/Src/dac.c ****     DAC->SHSR2 = 500;
  78              		.loc 1 15 5 is_stmt 1 view .LVU19
  79              		.loc 1 15 16 is_stmt 0 view .LVU20
  80 003c 4FF4FA72 		mov	r2, #500
  81 0040 5A64     		str	r2, [r3, #68]
  16:Core/Src/dac.c ****     DAC->CR |= DAC_CR_CEN2;
  82              		.loc 1 16 5 is_stmt 1 view .LVU21
  83              		.loc 1 16 8 is_stmt 0 view .LVU22
  84 0042 1A68     		ldr	r2, [r3]
  85              		.loc 1 16 13 view .LVU23
  86 0044 42F08042 		orr	r2, r2, #1073741824
  87 0048 1A60     		str	r2, [r3]
  17:Core/Src/dac.c **** 
  18:Core/Src/dac.c **** 
  19:Core/Src/dac.c ****     for (volatile uint8_t calibr = 0; calibr < 31; calibr ++)
  88              		.loc 1 19 5 is_stmt 1 view .LVU24
  89              	.LBB2:
  90              		.loc 1 19 10 view .LVU25
  91              		.loc 1 19 27 is_stmt 0 view .LVU26
  92 004a 0023     		movs	r3, #0
  93 004c 8DF80730 		strb	r3, [sp, #7]
  94              		.loc 1 19 5 view .LVU27
  95 0050 05E0     		b	.L2
  96              	.L6:
ARM GAS  /tmp/ccMe5lSe.s 			page 3


  97              		.loc 1 19 59 is_stmt 1 discriminator 2 view .LVU28
  98 0052 9DF80730 		ldrb	r3, [sp, #7]	@ zero_extendqisi2
  99 0056 0133     		adds	r3, r3, #1
 100 0058 DBB2     		uxtb	r3, r3
 101 005a 8DF80730 		strb	r3, [sp, #7]
 102              	.L2:
 103              		.loc 1 19 46 discriminator 1 view .LVU29
 104 005e 9DF80730 		ldrb	r3, [sp, #7]	@ zero_extendqisi2
 105 0062 DBB2     		uxtb	r3, r3
 106 0064 1E2B     		cmp	r3, #30
 107 0066 0DD8     		bhi	.L3
 108              	.LBB3:
  20:Core/Src/dac.c ****     {
  21:Core/Src/dac.c ****         DAC->CCR |=  calibr << DAC_CCR_OTRIM2_Pos;
 109              		.loc 1 21 9 view .LVU30
 110              		.loc 1 21 29 is_stmt 0 view .LVU31
 111 0068 9DF80720 		ldrb	r2, [sp, #7]	@ zero_extendqisi2
 112              		.loc 1 21 12 view .LVU32
 113 006c 0D4C     		ldr	r4, .L7+4
 114 006e A36B     		ldr	r3, [r4, #56]
 115              		.loc 1 21 18 view .LVU33
 116 0070 43EA0243 		orr	r3, r3, r2, lsl #16
 117 0074 A363     		str	r3, [r4, #56]
  22:Core/Src/dac.c ****         HAL_Delay(5);
 118              		.loc 1 22 9 is_stmt 1 view .LVU34
 119 0076 0520     		movs	r0, #5
 120 0078 FFF7FEFF 		bl	HAL_Delay
 121              	.LVL0:
  23:Core/Src/dac.c ****         if (DAC->SR & DAC_SR_CAL_FLAG2)
 122              		.loc 1 23 9 view .LVU35
 123              		.loc 1 23 16 is_stmt 0 view .LVU36
 124 007c 636B     		ldr	r3, [r4, #52]
 125              		.loc 1 23 12 view .LVU37
 126 007e 13F0804F 		tst	r3, #1073741824
 127 0082 E6D0     		beq	.L6
 128              	.L3:
 129              	.LBE3:
 130              	.LBE2:
  24:Core/Src/dac.c ****         break;
  25:Core/Src/dac.c **** 
  26:Core/Src/dac.c ****     }
  27:Core/Src/dac.c ****     DAC->CR &= ~DAC_CR_CEN2;
 131              		.loc 1 27 5 is_stmt 1 view .LVU38
 132              		.loc 1 27 8 is_stmt 0 view .LVU39
 133 0084 074B     		ldr	r3, .L7+4
 134 0086 1A68     		ldr	r2, [r3]
 135              		.loc 1 27 13 view .LVU40
 136 0088 22F08042 		bic	r2, r2, #1073741824
 137 008c 1A60     		str	r2, [r3]
  28:Core/Src/dac.c ****     /*End calibration*/
  29:Core/Src/dac.c **** 
  30:Core/Src/dac.c ****         DAC->CR |= DAC_CR_EN2;
 138              		.loc 1 30 9 is_stmt 1 view .LVU41
 139              		.loc 1 30 12 is_stmt 0 view .LVU42
 140 008e 1A68     		ldr	r2, [r3]
 141              		.loc 1 30 17 view .LVU43
 142 0090 42F48032 		orr	r2, r2, #65536
ARM GAS  /tmp/ccMe5lSe.s 			page 4


 143 0094 1A60     		str	r2, [r3]
  31:Core/Src/dac.c ****         DAC->DHR12R2 = 0;
 144              		.loc 1 31 9 is_stmt 1 view .LVU44
 145              		.loc 1 31 22 is_stmt 0 view .LVU45
 146 0096 0022     		movs	r2, #0
 147 0098 5A61     		str	r2, [r3, #20]
  32:Core/Src/dac.c **** }
 148              		.loc 1 32 1 view .LVU46
 149 009a 02B0     		add	sp, sp, #8
 150              		.cfi_def_cfa_offset 8
 151              		@ sp needed
 152 009c 10BD     		pop	{r4, pc}
 153              	.L8:
 154 009e 00BF     		.align	2
 155              	.L7:
 156 00a0 00100240 		.word	1073876992
 157 00a4 00740040 		.word	1073771520
 158              		.cfi_endproc
 159              	.LFE132:
 161              		.section	.text.dac_data_send,"ax",%progbits
 162              		.align	1
 163              		.global	dac_data_send
 164              		.syntax unified
 165              		.thumb
 166              		.thumb_func
 168              	dac_data_send:
 169              	.LVL1:
 170              	.LFB133:
  33:Core/Src/dac.c **** 
  34:Core/Src/dac.c **** void dac_data_send (uint16_t data)
  35:Core/Src/dac.c **** {
 171              		.loc 1 35 1 is_stmt 1 view -0
 172              		.cfi_startproc
 173              		@ args = 0, pretend = 0, frame = 0
 174              		@ frame_needed = 0, uses_anonymous_args = 0
 175              		@ link register save eliminated.
  36:Core/Src/dac.c ****     DAC->DHR12R2 = data;
 176              		.loc 1 36 5 view .LVU48
 177              		.loc 1 36 18 is_stmt 0 view .LVU49
 178 0000 014B     		ldr	r3, .L10
 179 0002 5861     		str	r0, [r3, #20]
  37:Core/Src/dac.c **** }...
 180              		.loc 1 37 1 view .LVU50
 181 0004 7047     		bx	lr
 182              	.L11:
 183 0006 00BF     		.align	2
 184              	.L10:
 185 0008 00740040 		.word	1073771520
 186              		.cfi_endproc
 187              	.LFE133:
 189              		.text
 190              	.Letext0:
 191              		.file 2 "/home/d-zaretski/.config/Code/User/globalStorage/bmd.stm32-for-vscode/@xpack-dev-tools/ar
 192              		.file 3 "/home/d-zaretski/.config/Code/User/globalStorage/bmd.stm32-for-vscode/@xpack-dev-tools/ar
 193              		.file 4 "Drivers/CMSIS/Device/ST/STM32L4xx/Include/stm32l431xx.h"
ARM GAS  /tmp/ccMe5lSe.s 			page 5


DEFINED SYMBOLS
                            *ABS*:00000000 dac.c
     /tmp/ccMe5lSe.s:21     .text.dac_init:00000000 $t
     /tmp/ccMe5lSe.s:27     .text.dac_init:00000000 dac_init
     /tmp/ccMe5lSe.s:156    .text.dac_init:000000a0 $d
     /tmp/ccMe5lSe.s:162    .text.dac_data_send:00000000 $t
     /tmp/ccMe5lSe.s:168    .text.dac_data_send:00000000 dac_data_send
     /tmp/ccMe5lSe.s:185    .text.dac_data_send:00000008 $d

UNDEFINED SYMBOLS
HAL_Delay
