ARM GAS  /tmp/ccAItdwr.s 			page 1


   1              		.cpu cortex-m4
   2              		.arch armv7e-m
   3              		.fpu fpv4-sp-d16
   4              		.eabi_attribute 27, 1
   5              		.eabi_attribute 28, 1
   6              		.eabi_attribute 20, 1
   7              		.eabi_attribute 21, 1
   8              		.eabi_attribute 23, 3
   9              		.eabi_attribute 24, 1
  10              		.eabi_attribute 25, 1
  11              		.eabi_attribute 26, 1
  12              		.eabi_attribute 30, 1
  13              		.eabi_attribute 34, 1
  14              		.eabi_attribute 18, 4
  15              		.file	"main.c"
  16              		.text
  17              	.Ltext0:
  18              		.cfi_sections	.debug_frame
  19              		.file 1 "Core/Src/main.c"
  20              		.section	.text.main,"ax",%progbits
  21              		.align	1
  22              		.global	main
  23              		.syntax unified
  24              		.thumb
  25              		.thumb_func
  27              	main:
  28              	.LFB288:
   1:Core/Src/main.c **** /* USER CODE BEGIN Header */
   2:Core/Src/main.c **** /**
   3:Core/Src/main.c ****   ******************************************************************************
   4:Core/Src/main.c ****   * @file           : main.c
   5:Core/Src/main.c ****   * @brief          : Main program body
   6:Core/Src/main.c ****   ******************************************************************************
   7:Core/Src/main.c ****   * @attention
   8:Core/Src/main.c ****   *
   9:Core/Src/main.c ****   * Copyright (c) 2024 STMicroelectronics.
  10:Core/Src/main.c ****   * All rights reserved.
  11:Core/Src/main.c ****   *
  12:Core/Src/main.c ****   * This software is licensed under terms that can be found in the LICENSE file
  13:Core/Src/main.c ****   * in the root directory of this software component.
  14:Core/Src/main.c ****   * If no LICENSE file comes with this software, it is provided AS-IS.
  15:Core/Src/main.c ****   *
  16:Core/Src/main.c ****   ******************************************************************************
  17:Core/Src/main.c ****   */
  18:Core/Src/main.c **** /* USER CODE END Header */
  19:Core/Src/main.c **** /* Includes ------------------------------------------------------------------*/
  20:Core/Src/main.c **** #include "main.h"
  21:Core/Src/main.c **** #include "adc.h"
  22:Core/Src/main.c **** #include "i2c.h"
  23:Core/Src/main.c **** #include "spi.h"
  24:Core/Src/main.c **** #include "gpio.h"
  25:Core/Src/main.c **** 
  26:Core/Src/main.c **** /* Private includes ----------------------------------------------------------*/
  27:Core/Src/main.c **** /* USER CODE BEGIN Includes */
  28:Core/Src/main.c **** #include "display.h"
  29:Core/Src/main.c **** #include "dac.h"
  30:Core/Src/main.c **** #include "motor.h"
ARM GAS  /tmp/ccAItdwr.s 			page 2


  31:Core/Src/main.c **** #include "fonts.h"
  32:Core/Src/main.c **** #include "clocks.h"
  33:Core/Src/main.c **** #include "time.h"
  34:Core/Src/main.c **** #include <stdbool.h>
  35:Core/Src/main.c **** 
  36:Core/Src/main.c **** /* USER CODE END Includes */
  37:Core/Src/main.c **** 
  38:Core/Src/main.c **** /* Private typedef -----------------------------------------------------------*/
  39:Core/Src/main.c **** /* USER CODE BEGIN PTD */
  40:Core/Src/main.c **** 
  41:Core/Src/main.c **** /* USER CODE END PTD */
  42:Core/Src/main.c **** 
  43:Core/Src/main.c **** /* Private define ------------------------------------------------------------*/
  44:Core/Src/main.c **** /* USER CODE BEGIN PD */
  45:Core/Src/main.c **** 
  46:Core/Src/main.c **** /* USER CODE END PD */
  47:Core/Src/main.c **** 
  48:Core/Src/main.c **** /* Private macro -------------------------------------------------------------*/
  49:Core/Src/main.c **** /* USER CODE BEGIN PM */
  50:Core/Src/main.c **** 
  51:Core/Src/main.c **** /* USER CODE END PM */
  52:Core/Src/main.c **** 
  53:Core/Src/main.c **** /* Private variables ---------------------------------------------------------*/
  54:Core/Src/main.c **** 
  55:Core/Src/main.c **** /* USER CODE BEGIN PV */
  56:Core/Src/main.c **** uint8_t speed = 40;
  57:Core/Src/main.c **** uint8_t flag_motor = 3;
  58:Core/Src/main.c **** volatile uint16_t ADC_Data[3] = { 0, };
  59:Core/Src/main.c **** uint16_t time = 0;
  60:Core/Src/main.c **** bool time_active = 1;
  61:Core/Src/main.c **** 
  62:Core/Src/main.c **** /* USER CODE END PV */
  63:Core/Src/main.c **** 
  64:Core/Src/main.c **** /* Private function prototypes -----------------------------------------------*/
  65:Core/Src/main.c **** /* USER CODE BEGIN PFP */
  66:Core/Src/main.c **** 
  67:Core/Src/main.c **** /* USER CODE END PFP */
  68:Core/Src/main.c **** 
  69:Core/Src/main.c **** /* Private user code ---------------------------------------------------------*/
  70:Core/Src/main.c **** /* USER CODE BEGIN 0 */
  71:Core/Src/main.c **** /* USER CODE END 0 */
  72:Core/Src/main.c **** 
  73:Core/Src/main.c **** /**
  74:Core/Src/main.c ****   * @brief  The application entry point.
  75:Core/Src/main.c ****   * @retval int
  76:Core/Src/main.c ****   */
  77:Core/Src/main.c **** int main(void)
  78:Core/Src/main.c **** {
  29              		.loc 1 78 1 view -0
  30              		.cfi_startproc
  31              		@ Volatile: function does not return.
  32              		@ args = 0, pretend = 0, frame = 0
  33              		@ frame_needed = 0, uses_anonymous_args = 0
  34 0000 08B5     		push	{r3, lr}
  35              		.cfi_def_cfa_offset 8
  36              		.cfi_offset 3, -8
  37              		.cfi_offset 14, -4
ARM GAS  /tmp/ccAItdwr.s 			page 3


  79:Core/Src/main.c ****   /* USER CODE BEGIN 1 */
  80:Core/Src/main.c ****   /* USER CODE END 1 */
  81:Core/Src/main.c ****   /* MCU Configuration--------------------------------------------------------*/
  82:Core/Src/main.c ****   /* Reset of all peripherals, Initializes the Flash interface and the Systick. */
  83:Core/Src/main.c ****   HAL_Init();
  38              		.loc 1 83 3 view .LVU1
  39 0002 FFF7FEFF 		bl	HAL_Init
  40              	.LVL0:
  84:Core/Src/main.c ****   /* USER CODE BEGIN Init */
  85:Core/Src/main.c ****   /* USER CODE END Init */
  86:Core/Src/main.c ****   /* Configure the system clock */
  87:Core/Src/main.c ****   SystemClock_Config();
  41              		.loc 1 87 3 view .LVU2
  42 0006 FFF7FEFF 		bl	SystemClock_Config
  43              	.LVL1:
  88:Core/Src/main.c ****   /* USER CODE BEGIN SysInit */
  89:Core/Src/main.c ****   MX_GPIO_Init();
  44              		.loc 1 89 3 view .LVU3
  45 000a FFF7FEFF 		bl	MX_GPIO_Init
  46              	.LVL2:
  90:Core/Src/main.c ****   adc_init();
  47              		.loc 1 90 3 view .LVU4
  48 000e FFF7FEFF 		bl	adc_init
  49              	.LVL3:
  91:Core/Src/main.c ****   dac_init();
  50              		.loc 1 91 3 view .LVU5
  51 0012 FFF7FEFF 		bl	dac_init
  52              	.LVL4:
  92:Core/Src/main.c ****   MX_I2C3_Init();
  53              		.loc 1 92 3 view .LVU6
  54 0016 FFF7FEFF 		bl	MX_I2C3_Init
  55              	.LVL5:
  93:Core/Src/main.c ****   MX_SPI1_Init();
  56              		.loc 1 93 3 view .LVU7
  57 001a FFF7FEFF 		bl	MX_SPI1_Init
  58              	.LVL6:
  94:Core/Src/main.c ****   button_interrupt_init();
  59              		.loc 1 94 3 view .LVU8
  60 001e FFF7FEFF 		bl	button_interrupt_init
  61              	.LVL7:
  95:Core/Src/main.c ****   motor_init();
  62              		.loc 1 95 3 view .LVU9
  63 0022 FFF7FEFF 		bl	motor_init
  64              	.LVL8:
  96:Core/Src/main.c ****   display_power_high();
  65              		.loc 1 96 3 view .LVU10
  66 0026 0122     		movs	r2, #1
  67 0028 1146     		mov	r1, r2
  68 002a 4FF09040 		mov	r0, #1207959552
  69 002e FFF7FEFF 		bl	HAL_GPIO_WritePin
  70              	.LVL9:
  97:Core/Src/main.c ****   dac_data_send(993);
  71              		.loc 1 97 3 view .LVU11
  72 0032 40F2E130 		movw	r0, #993
  73 0036 FFF7FEFF 		bl	dac_data_send
  74              	.LVL10:
  98:Core/Src/main.c ****   display_init();
ARM GAS  /tmp/ccAItdwr.s 			page 4


  75              		.loc 1 98 3 view .LVU12
  76 003a FFF7FEFF 		bl	display_init
  77              	.LVL11:
  99:Core/Src/main.c ****   display_test();
  78              		.loc 1 99 3 view .LVU13
  79 003e FFF7FEFF 		bl	display_test
  80              	.LVL12:
 100:Core/Src/main.c ****   time_init();
  81              		.loc 1 100 3 view .LVU14
  82 0042 FFF7FEFF 		bl	time_init
  83              	.LVL13:
  84              	.L2:
 101:Core/Src/main.c ****   /* USER CODE END SysInit */
 102:Core/Src/main.c ****   /* Initialize all configured peripherals */
 103:Core/Src/main.c ****   /* USER CODE BEGIN 2 */
 104:Core/Src/main.c ****   /* USER CODE END 2 */
 105:Core/Src/main.c ****   /* Infinite loop */
 106:Core/Src/main.c ****   /* USER CODE BEGIN WHILE */
 107:Core/Src/main.c ****   while (1)
  85              		.loc 1 107 3 view .LVU15
 108:Core/Src/main.c ****   {
 109:Core/Src/main.c ****     
 110:Core/Src/main.c ****     show_motor_speed();
  86              		.loc 1 110 5 view .LVU16
  87 0046 FFF7FEFF 		bl	show_motor_speed
  88              	.LVL14:
 111:Core/Src/main.c ****     show_vbat();
  89              		.loc 1 111 5 view .LVU17
  90 004a FFF7FEFF 		bl	show_vbat
  91              	.LVL15:
 112:Core/Src/main.c ****     show_time();
  92              		.loc 1 112 5 view .LVU18
  93 004e FFF7FEFF 		bl	show_time
  94              	.LVL16:
 113:Core/Src/main.c ****     show_motor_duty();
  95              		.loc 1 113 5 view .LVU19
  96 0052 FFF7FEFF 		bl	show_motor_duty
  97              	.LVL17:
 114:Core/Src/main.c ****     HAL_Delay(500);
  98              		.loc 1 114 5 view .LVU20
  99 0056 4FF4FA70 		mov	r0, #500
 100 005a FFF7FEFF 		bl	HAL_Delay
 101              	.LVL18:
 115:Core/Src/main.c ****     SSD1306_UpdateScreen();
 102              		.loc 1 115 5 discriminator 1 view .LVU21
 103 005e FFF7FEFF 		bl	SSD1306_UpdateScreen
 104              	.LVL19:
 107:Core/Src/main.c ****   {
 105              		.loc 1 107 9 view .LVU22
 106 0062 F0E7     		b	.L2
 107              		.cfi_endproc
 108              	.LFE288:
 110              		.section	.text.EXTI1_IRQHandler,"ax",%progbits
 111              		.align	1
 112              		.global	EXTI1_IRQHandler
 113              		.syntax unified
 114              		.thumb
ARM GAS  /tmp/ccAItdwr.s 			page 5


 115              		.thumb_func
 117              	EXTI1_IRQHandler:
 118              	.LFB289:
 116:Core/Src/main.c ****     /* USER CODE END WHILE */
 117:Core/Src/main.c **** 
 118:Core/Src/main.c ****     /* USER CODE BEGIN 3 */
 119:Core/Src/main.c ****   }
 120:Core/Src/main.c ****   /* USER CODE END 3 */
 121:Core/Src/main.c **** }
 122:Core/Src/main.c **** 
 123:Core/Src/main.c **** /* USER CODE BEGIN 4 */
 124:Core/Src/main.c **** void EXTI1_IRQHandler (void)    //PB1 BUTTON - 
 125:Core/Src/main.c **** {
 119              		.loc 1 125 1 view -0
 120              		.cfi_startproc
 121              		@ args = 0, pretend = 0, frame = 0
 122              		@ frame_needed = 0, uses_anonymous_args = 0
 123 0000 08B5     		push	{r3, lr}
 124              		.cfi_def_cfa_offset 8
 125              		.cfi_offset 3, -8
 126              		.cfi_offset 14, -4
 126:Core/Src/main.c ****   EXTI->PR1 |= EXTI_PR1_PIF1;
 127              		.loc 1 126 3 view .LVU24
 128              		.loc 1 126 7 is_stmt 0 view .LVU25
 129 0002 064A     		ldr	r2, .L6
 130 0004 5369     		ldr	r3, [r2, #20]
 131              		.loc 1 126 13 view .LVU26
 132 0006 43F00203 		orr	r3, r3, #2
 133 000a 5361     		str	r3, [r2, #20]
 127:Core/Src/main.c ****   speed--;
 134              		.loc 1 127 3 is_stmt 1 view .LVU27
 135              		.loc 1 127 8 is_stmt 0 view .LVU28
 136 000c 044B     		ldr	r3, .L6+4
 137 000e 1878     		ldrb	r0, [r3]	@ zero_extendqisi2
 138 0010 0138     		subs	r0, r0, #1
 139 0012 C0B2     		uxtb	r0, r0
 140 0014 1870     		strb	r0, [r3]
 128:Core/Src/main.c ****   motor_speed_write(speed);
 141              		.loc 1 128 3 is_stmt 1 view .LVU29
 142 0016 FFF7FEFF 		bl	motor_speed_write
 143              	.LVL20:
 129:Core/Src/main.c **** 
 130:Core/Src/main.c **** }
 144              		.loc 1 130 1 is_stmt 0 view .LVU30
 145 001a 08BD     		pop	{r3, pc}
 146              	.L7:
 147              		.align	2
 148              	.L6:
 149 001c 00040140 		.word	1073808384
 150 0020 00000000 		.word	speed
 151              		.cfi_endproc
 152              	.LFE289:
 154              		.section	.text.EXTI9_5_IRQHandler,"ax",%progbits
 155              		.align	1
 156              		.global	EXTI9_5_IRQHandler
 157              		.syntax unified
 158              		.thumb
ARM GAS  /tmp/ccAItdwr.s 			page 6


 159              		.thumb_func
 161              	EXTI9_5_IRQHandler:
 162              	.LFB290:
 131:Core/Src/main.c **** void EXTI9_5_IRQHandler (void) //PB6 BUTTON +
 132:Core/Src/main.c **** {
 163              		.loc 1 132 1 is_stmt 1 view -0
 164              		.cfi_startproc
 165              		@ args = 0, pretend = 0, frame = 0
 166              		@ frame_needed = 0, uses_anonymous_args = 0
 167 0000 08B5     		push	{r3, lr}
 168              		.cfi_def_cfa_offset 8
 169              		.cfi_offset 3, -8
 170              		.cfi_offset 14, -4
 133:Core/Src/main.c ****   EXTI->PR1 |= EXTI_PR1_PIF6; 
 171              		.loc 1 133 3 view .LVU32
 172              		.loc 1 133 7 is_stmt 0 view .LVU33
 173 0002 064A     		ldr	r2, .L10
 174 0004 5369     		ldr	r3, [r2, #20]
 175              		.loc 1 133 13 view .LVU34
 176 0006 43F04003 		orr	r3, r3, #64
 177 000a 5361     		str	r3, [r2, #20]
 134:Core/Src/main.c ****   speed ++;
 178              		.loc 1 134 3 is_stmt 1 view .LVU35
 179              		.loc 1 134 9 is_stmt 0 view .LVU36
 180 000c 044B     		ldr	r3, .L10+4
 181 000e 1878     		ldrb	r0, [r3]	@ zero_extendqisi2
 182 0010 0130     		adds	r0, r0, #1
 183 0012 C0B2     		uxtb	r0, r0
 184 0014 1870     		strb	r0, [r3]
 135:Core/Src/main.c ****   motor_speed_write(speed);
 185              		.loc 1 135 3 is_stmt 1 view .LVU37
 186 0016 FFF7FEFF 		bl	motor_speed_write
 187              	.LVL21:
 136:Core/Src/main.c **** }
 188              		.loc 1 136 1 is_stmt 0 view .LVU38
 189 001a 08BD     		pop	{r3, pc}
 190              	.L11:
 191              		.align	2
 192              	.L10:
 193 001c 00040140 		.word	1073808384
 194 0020 00000000 		.word	speed
 195              		.cfi_endproc
 196              	.LFE290:
 198              		.section	.text.EXTI15_10_IRQHandler,"ax",%progbits
 199              		.align	1
 200              		.global	EXTI15_10_IRQHandler
 201              		.syntax unified
 202              		.thumb
 203              		.thumb_func
 205              	EXTI15_10_IRQHandler:
 206              	.LFB291:
 137:Core/Src/main.c **** void EXTI15_10_IRQHandler (void) //BUTTON ON/OFF
 138:Core/Src/main.c **** {
 207              		.loc 1 138 1 is_stmt 1 view -0
 208              		.cfi_startproc
 209              		@ args = 0, pretend = 0, frame = 0
 210              		@ frame_needed = 0, uses_anonymous_args = 0
ARM GAS  /tmp/ccAItdwr.s 			page 7


 211 0000 10B5     		push	{r4, lr}
 212              		.cfi_def_cfa_offset 8
 213              		.cfi_offset 4, -8
 214              		.cfi_offset 14, -4
 139:Core/Src/main.c ****   
 140:Core/Src/main.c ****   if (flag_motor)
 215              		.loc 1 140 3 view .LVU40
 216              		.loc 1 140 7 is_stmt 0 view .LVU41
 217 0002 144B     		ldr	r3, .L16
 218 0004 1B78     		ldrb	r3, [r3]	@ zero_extendqisi2
 219              		.loc 1 140 6 view .LVU42
 220 0006 A3B1     		cbz	r3, .L13
 141:Core/Src/main.c ****   {
 142:Core/Src/main.c ****     flag_motor = 0;
 221              		.loc 1 142 5 is_stmt 1 view .LVU43
 222              		.loc 1 142 16 is_stmt 0 view .LVU44
 223 0008 0024     		movs	r4, #0
 224 000a 124B     		ldr	r3, .L16
 225 000c 1C70     		strb	r4, [r3]
 143:Core/Src/main.c ****     display_power_low();
 226              		.loc 1 143 5 is_stmt 1 view .LVU45
 227 000e 2246     		mov	r2, r4
 228 0010 0121     		movs	r1, #1
 229 0012 4FF09040 		mov	r0, #1207959552
 230 0016 FFF7FEFF 		bl	HAL_GPIO_WritePin
 231              	.LVL22:
 144:Core/Src/main.c ****     motor_write(CONFIG0, 0x61);
 232              		.loc 1 144 5 view .LVU46
 233 001a 6121     		movs	r1, #97
 234 001c 0920     		movs	r0, #9
 235 001e FFF7FEFF 		bl	motor_write
 236              	.LVL23:
 145:Core/Src/main.c ****     time_active = 0;
 237              		.loc 1 145 5 view .LVU47
 238              		.loc 1 145 17 is_stmt 0 view .LVU48
 239 0022 0D4B     		ldr	r3, .L16+4
 240 0024 1C70     		strb	r4, [r3]
 241              	.L14:
 146:Core/Src/main.c ****     
 147:Core/Src/main.c ****   }
 148:Core/Src/main.c ****   else
 149:Core/Src/main.c ****   {
 150:Core/Src/main.c ****     flag_motor = 1;
 151:Core/Src/main.c ****     display_power_high();
 152:Core/Src/main.c ****     motor_write(CONFIG0, 0xE1);
 153:Core/Src/main.c ****     time_active = 1;
 154:Core/Src/main.c ****   }
 155:Core/Src/main.c **** 
 156:Core/Src/main.c ****   EXTI->PR1 |= EXTI_PR1_PIF11; //PA11 BUTTON INT
 242              		.loc 1 156 3 is_stmt 1 view .LVU49
 243              		.loc 1 156 7 is_stmt 0 view .LVU50
 244 0026 0D4A     		ldr	r2, .L16+8
 245 0028 5369     		ldr	r3, [r2, #20]
 246              		.loc 1 156 13 view .LVU51
 247 002a 43F40063 		orr	r3, r3, #2048
 248 002e 5361     		str	r3, [r2, #20]
 157:Core/Src/main.c **** 
ARM GAS  /tmp/ccAItdwr.s 			page 8


 158:Core/Src/main.c **** }
 249              		.loc 1 158 1 view .LVU52
 250 0030 10BD     		pop	{r4, pc}
 251              	.L13:
 150:Core/Src/main.c ****     display_power_high();
 252              		.loc 1 150 5 is_stmt 1 view .LVU53
 150:Core/Src/main.c ****     display_power_high();
 253              		.loc 1 150 16 is_stmt 0 view .LVU54
 254 0032 0124     		movs	r4, #1
 255 0034 074B     		ldr	r3, .L16
 256 0036 1C70     		strb	r4, [r3]
 151:Core/Src/main.c ****     motor_write(CONFIG0, 0xE1);
 257              		.loc 1 151 5 is_stmt 1 view .LVU55
 258 0038 2246     		mov	r2, r4
 259 003a 2146     		mov	r1, r4
 260 003c 4FF09040 		mov	r0, #1207959552
 261 0040 FFF7FEFF 		bl	HAL_GPIO_WritePin
 262              	.LVL24:
 152:Core/Src/main.c ****     time_active = 1;
 263              		.loc 1 152 5 view .LVU56
 264 0044 E121     		movs	r1, #225
 265 0046 0920     		movs	r0, #9
 266 0048 FFF7FEFF 		bl	motor_write
 267              	.LVL25:
 153:Core/Src/main.c ****   }
 268              		.loc 1 153 5 view .LVU57
 153:Core/Src/main.c ****   }
 269              		.loc 1 153 17 is_stmt 0 view .LVU58
 270 004c 024B     		ldr	r3, .L16+4
 271 004e 1C70     		strb	r4, [r3]
 272 0050 E9E7     		b	.L14
 273              	.L17:
 274 0052 00BF     		.align	2
 275              	.L16:
 276 0054 00000000 		.word	flag_motor
 277 0058 00000000 		.word	time_active
 278 005c 00040140 		.word	1073808384
 279              		.cfi_endproc
 280              	.LFE291:
 282              		.section	.text.ADC1_IRQHandler,"ax",%progbits
 283              		.align	1
 284              		.global	ADC1_IRQHandler
 285              		.syntax unified
 286              		.thumb
 287              		.thumb_func
 289              	ADC1_IRQHandler:
 290              	.LFB292:
 159:Core/Src/main.c **** void ADC1_IRQHandler(void)
 160:Core/Src/main.c **** {
 291              		.loc 1 160 1 is_stmt 1 view -0
 292              		.cfi_startproc
 293              		@ args = 0, pretend = 0, frame = 0
 294              		@ frame_needed = 0, uses_anonymous_args = 0
 295              		@ link register save eliminated.
 161:Core/Src/main.c ****     if (ADC1->ISR & ADC_ISR_EOC) { 
 296              		.loc 1 161 5 view .LVU60
 297              		.loc 1 161 13 is_stmt 0 view .LVU61
ARM GAS  /tmp/ccAItdwr.s 			page 9


 298 0000 034B     		ldr	r3, .L20
 299 0002 1B68     		ldr	r3, [r3]
 300              		.loc 1 161 8 view .LVU62
 301 0004 13F0040F 		tst	r3, #4
 302 0008 01D0     		beq	.L18
 162:Core/Src/main.c ****       ADC1->DR;
 303              		.loc 1 162 7 is_stmt 1 view .LVU63
 304              		.loc 1 162 11 is_stmt 0 view .LVU64
 305 000a 014B     		ldr	r3, .L20
 306 000c 1B6C     		ldr	r3, [r3, #64]
 307              	.L18:
 163:Core/Src/main.c ****     }
 164:Core/Src/main.c **** }
 308              		.loc 1 164 1 view .LVU65
 309 000e 7047     		bx	lr
 310              	.L21:
 311              		.align	2
 312              	.L20:
 313 0010 00000450 		.word	1342439424
 314              		.cfi_endproc
 315              	.LFE292:
 317              		.section	.text.DMA1_Channel1_IRQHandler,"ax",%progbits
 318              		.align	1
 319              		.global	DMA1_Channel1_IRQHandler
 320              		.syntax unified
 321              		.thumb
 322              		.thumb_func
 324              	DMA1_Channel1_IRQHandler:
 325              	.LFB293:
 165:Core/Src/main.c **** void DMA1_Channel1_IRQHandler() {
 326              		.loc 1 165 33 is_stmt 1 view -0
 327              		.cfi_startproc
 328              		@ args = 0, pretend = 0, frame = 0
 329              		@ frame_needed = 0, uses_anonymous_args = 0
 330              		@ link register save eliminated.
 166:Core/Src/main.c ****   if(DMA1->ISR & DMA_ISR_TCIF1) 
 331              		.loc 1 166 3 view .LVU67
 332              		.loc 1 166 10 is_stmt 0 view .LVU68
 333 0000 0A4B     		ldr	r3, .L25
 334 0002 1B68     		ldr	r3, [r3]
 335              		.loc 1 166 5 view .LVU69
 336 0004 13F0020F 		tst	r3, #2
 337 0008 05D0     		beq	.L23
 167:Core/Src/main.c **** 		DMA1->IFCR |= DMA_IFCR_CGIF1; 
 338              		.loc 1 167 3 is_stmt 1 view .LVU70
 339              		.loc 1 167 7 is_stmt 0 view .LVU71
 340 000a 084A     		ldr	r2, .L25
 341 000c 5368     		ldr	r3, [r2, #4]
 342              		.loc 1 167 14 view .LVU72
 343 000e 43F00103 		orr	r3, r3, #1
 344 0012 5360     		str	r3, [r2, #4]
 345 0014 7047     		bx	lr
 346              	.L23:
 168:Core/Src/main.c ****   else if (DMA1->ISR & DMA_ISR_TEIF1)	
 347              		.loc 1 168 8 is_stmt 1 view .LVU73
 348              		.loc 1 168 16 is_stmt 0 view .LVU74
 349 0016 054B     		ldr	r3, .L25
ARM GAS  /tmp/ccAItdwr.s 			page 10


 350 0018 1B68     		ldr	r3, [r3]
 351              		.loc 1 168 11 view .LVU75
 352 001a 13F0080F 		tst	r3, #8
 353 001e 04D0     		beq	.L22
 169:Core/Src/main.c **** 		DMA1->IFCR |= DMA_IFCR_CGIF1;
 354              		.loc 1 169 3 is_stmt 1 view .LVU76
 355              		.loc 1 169 7 is_stmt 0 view .LVU77
 356 0020 024A     		ldr	r2, .L25
 357 0022 5368     		ldr	r3, [r2, #4]
 358              		.loc 1 169 14 view .LVU78
 359 0024 43F00103 		orr	r3, r3, #1
 360 0028 5360     		str	r3, [r2, #4]
 361              	.L22:
 170:Core/Src/main.c **** }
 362              		.loc 1 170 1 view .LVU79
 363 002a 7047     		bx	lr
 364              	.L26:
 365              		.align	2
 366              	.L25:
 367 002c 00000240 		.word	1073872896
 368              		.cfi_endproc
 369              	.LFE293:
 371              		.section	.text.TIM7_IRQHandler,"ax",%progbits
 372              		.align	1
 373              		.global	TIM7_IRQHandler
 374              		.syntax unified
 375              		.thumb
 376              		.thumb_func
 378              	TIM7_IRQHandler:
 379              	.LFB294:
 171:Core/Src/main.c **** void TIM7_IRQHandler (void)
 172:Core/Src/main.c **** {
 380              		.loc 1 172 1 is_stmt 1 view -0
 381              		.cfi_startproc
 382              		@ args = 0, pretend = 0, frame = 0
 383              		@ frame_needed = 0, uses_anonymous_args = 0
 384              		@ link register save eliminated.
 173:Core/Src/main.c ****   TIM7->SR &= ~TIM_SR_UIF;
 385              		.loc 1 173 3 view .LVU81
 386              		.loc 1 173 7 is_stmt 0 view .LVU82
 387 0000 064A     		ldr	r2, .L29
 388 0002 1369     		ldr	r3, [r2, #16]
 389              		.loc 1 173 12 view .LVU83
 390 0004 23F00103 		bic	r3, r3, #1
 391 0008 1361     		str	r3, [r2, #16]
 174:Core/Src/main.c ****   if (time_active)
 392              		.loc 1 174 3 is_stmt 1 view .LVU84
 393              		.loc 1 174 7 is_stmt 0 view .LVU85
 394 000a 054B     		ldr	r3, .L29+4
 395 000c 1B78     		ldrb	r3, [r3]	@ zero_extendqisi2
 396              		.loc 1 174 6 view .LVU86
 397 000e 1BB1     		cbz	r3, .L27
 175:Core/Src/main.c ****   time++;
 398              		.loc 1 175 3 is_stmt 1 view .LVU87
 399              		.loc 1 175 7 is_stmt 0 view .LVU88
 400 0010 044A     		ldr	r2, .L29+8
 401 0012 1388     		ldrh	r3, [r2]
ARM GAS  /tmp/ccAItdwr.s 			page 11


 402 0014 0133     		adds	r3, r3, #1
 403 0016 1380     		strh	r3, [r2]	@ movhi
 404              	.L27:
 176:Core/Src/main.c **** }
 405              		.loc 1 176 1 view .LVU89
 406 0018 7047     		bx	lr
 407              	.L30:
 408 001a 00BF     		.align	2
 409              	.L29:
 410 001c 00140040 		.word	1073746944
 411 0020 00000000 		.word	time_active
 412 0024 00000000 		.word	time
 413              		.cfi_endproc
 414              	.LFE294:
 416              		.section	.text.Error_Handler,"ax",%progbits
 417              		.align	1
 418              		.global	Error_Handler
 419              		.syntax unified
 420              		.thumb
 421              		.thumb_func
 423              	Error_Handler:
 424              	.LFB295:
 177:Core/Src/main.c **** /* USER CODE END 4 */
 178:Core/Src/main.c **** void Error_Handler(void)
 179:Core/Src/main.c **** {
 425              		.loc 1 179 1 is_stmt 1 view -0
 426              		.cfi_startproc
 427              		@ Volatile: function does not return.
 428              		@ args = 0, pretend = 0, frame = 0
 429              		@ frame_needed = 0, uses_anonymous_args = 0
 430              		@ link register save eliminated.
 180:Core/Src/main.c ****   /* USER CODE BEGIN Error_Handler_Debug */
 181:Core/Src/main.c ****   /* User can add his own implementation to report the HAL error return state */
 182:Core/Src/main.c ****   __disable_irq();
 431              		.loc 1 182 3 view .LVU91
 432              	.LBB4:
 433              	.LBI4:
 434              		.file 2 "Drivers/CMSIS/Include/cmsis_gcc.h"
   1:Drivers/CMSIS/Include/cmsis_gcc.h **** /**************************************************************************//**
   2:Drivers/CMSIS/Include/cmsis_gcc.h ****  * @file     cmsis_gcc.h
   3:Drivers/CMSIS/Include/cmsis_gcc.h ****  * @brief    CMSIS compiler GCC header file
   4:Drivers/CMSIS/Include/cmsis_gcc.h ****  * @version  V5.2.0
   5:Drivers/CMSIS/Include/cmsis_gcc.h ****  * @date     08. May 2019
   6:Drivers/CMSIS/Include/cmsis_gcc.h ****  ******************************************************************************/
   7:Drivers/CMSIS/Include/cmsis_gcc.h **** /*
   8:Drivers/CMSIS/Include/cmsis_gcc.h ****  * Copyright (c) 2009-2019 Arm Limited. All rights reserved.
   9:Drivers/CMSIS/Include/cmsis_gcc.h ****  *
  10:Drivers/CMSIS/Include/cmsis_gcc.h ****  * SPDX-License-Identifier: Apache-2.0
  11:Drivers/CMSIS/Include/cmsis_gcc.h ****  *
  12:Drivers/CMSIS/Include/cmsis_gcc.h ****  * Licensed under the Apache License, Version 2.0 (the License); you may
  13:Drivers/CMSIS/Include/cmsis_gcc.h ****  * not use this file except in compliance with the License.
  14:Drivers/CMSIS/Include/cmsis_gcc.h ****  * You may obtain a copy of the License at
  15:Drivers/CMSIS/Include/cmsis_gcc.h ****  *
  16:Drivers/CMSIS/Include/cmsis_gcc.h ****  * www.apache.org/licenses/LICENSE-2.0
  17:Drivers/CMSIS/Include/cmsis_gcc.h ****  *
  18:Drivers/CMSIS/Include/cmsis_gcc.h ****  * Unless required by applicable law or agreed to in writing, software
  19:Drivers/CMSIS/Include/cmsis_gcc.h ****  * distributed under the License is distributed on an AS IS BASIS, WITHOUT
ARM GAS  /tmp/ccAItdwr.s 			page 12


  20:Drivers/CMSIS/Include/cmsis_gcc.h ****  * WARRANTIES OR CONDITIONS OF ANY KIND, either express or implied.
  21:Drivers/CMSIS/Include/cmsis_gcc.h ****  * See the License for the specific language governing permissions and
  22:Drivers/CMSIS/Include/cmsis_gcc.h ****  * limitations under the License.
  23:Drivers/CMSIS/Include/cmsis_gcc.h ****  */
  24:Drivers/CMSIS/Include/cmsis_gcc.h **** 
  25:Drivers/CMSIS/Include/cmsis_gcc.h **** #ifndef __CMSIS_GCC_H
  26:Drivers/CMSIS/Include/cmsis_gcc.h **** #define __CMSIS_GCC_H
  27:Drivers/CMSIS/Include/cmsis_gcc.h **** 
  28:Drivers/CMSIS/Include/cmsis_gcc.h **** /* ignore some GCC warnings */
  29:Drivers/CMSIS/Include/cmsis_gcc.h **** #pragma GCC diagnostic push
  30:Drivers/CMSIS/Include/cmsis_gcc.h **** #pragma GCC diagnostic ignored "-Wsign-conversion"
  31:Drivers/CMSIS/Include/cmsis_gcc.h **** #pragma GCC diagnostic ignored "-Wconversion"
  32:Drivers/CMSIS/Include/cmsis_gcc.h **** #pragma GCC diagnostic ignored "-Wunused-parameter"
  33:Drivers/CMSIS/Include/cmsis_gcc.h **** 
  34:Drivers/CMSIS/Include/cmsis_gcc.h **** /* Fallback for __has_builtin */
  35:Drivers/CMSIS/Include/cmsis_gcc.h **** #ifndef __has_builtin
  36:Drivers/CMSIS/Include/cmsis_gcc.h ****   #define __has_builtin(x) (0)
  37:Drivers/CMSIS/Include/cmsis_gcc.h **** #endif
  38:Drivers/CMSIS/Include/cmsis_gcc.h **** 
  39:Drivers/CMSIS/Include/cmsis_gcc.h **** /* CMSIS compiler specific defines */
  40:Drivers/CMSIS/Include/cmsis_gcc.h **** #ifndef   __ASM
  41:Drivers/CMSIS/Include/cmsis_gcc.h ****   #define __ASM                                  __asm
  42:Drivers/CMSIS/Include/cmsis_gcc.h **** #endif
  43:Drivers/CMSIS/Include/cmsis_gcc.h **** #ifndef   __INLINE
  44:Drivers/CMSIS/Include/cmsis_gcc.h ****   #define __INLINE                               inline
  45:Drivers/CMSIS/Include/cmsis_gcc.h **** #endif
  46:Drivers/CMSIS/Include/cmsis_gcc.h **** #ifndef   __STATIC_INLINE
  47:Drivers/CMSIS/Include/cmsis_gcc.h ****   #define __STATIC_INLINE                        static inline
  48:Drivers/CMSIS/Include/cmsis_gcc.h **** #endif
  49:Drivers/CMSIS/Include/cmsis_gcc.h **** #ifndef   __STATIC_FORCEINLINE                 
  50:Drivers/CMSIS/Include/cmsis_gcc.h ****   #define __STATIC_FORCEINLINE                   __attribute__((always_inline)) static inline
  51:Drivers/CMSIS/Include/cmsis_gcc.h **** #endif                                           
  52:Drivers/CMSIS/Include/cmsis_gcc.h **** #ifndef   __NO_RETURN
  53:Drivers/CMSIS/Include/cmsis_gcc.h ****   #define __NO_RETURN                            __attribute__((__noreturn__))
  54:Drivers/CMSIS/Include/cmsis_gcc.h **** #endif
  55:Drivers/CMSIS/Include/cmsis_gcc.h **** #ifndef   __USED
  56:Drivers/CMSIS/Include/cmsis_gcc.h ****   #define __USED                                 __attribute__((used))
  57:Drivers/CMSIS/Include/cmsis_gcc.h **** #endif
  58:Drivers/CMSIS/Include/cmsis_gcc.h **** #ifndef   __WEAK
  59:Drivers/CMSIS/Include/cmsis_gcc.h ****   #define __WEAK                                 __attribute__((weak))
  60:Drivers/CMSIS/Include/cmsis_gcc.h **** #endif
  61:Drivers/CMSIS/Include/cmsis_gcc.h **** #ifndef   __PACKED
  62:Drivers/CMSIS/Include/cmsis_gcc.h ****   #define __PACKED                               __attribute__((packed, aligned(1)))
  63:Drivers/CMSIS/Include/cmsis_gcc.h **** #endif
  64:Drivers/CMSIS/Include/cmsis_gcc.h **** #ifndef   __PACKED_STRUCT
  65:Drivers/CMSIS/Include/cmsis_gcc.h ****   #define __PACKED_STRUCT                        struct __attribute__((packed, aligned(1)))
  66:Drivers/CMSIS/Include/cmsis_gcc.h **** #endif
  67:Drivers/CMSIS/Include/cmsis_gcc.h **** #ifndef   __PACKED_UNION
  68:Drivers/CMSIS/Include/cmsis_gcc.h ****   #define __PACKED_UNION                         union __attribute__((packed, aligned(1)))
  69:Drivers/CMSIS/Include/cmsis_gcc.h **** #endif
  70:Drivers/CMSIS/Include/cmsis_gcc.h **** #ifndef   __UNALIGNED_UINT32        /* deprecated */
  71:Drivers/CMSIS/Include/cmsis_gcc.h ****   #pragma GCC diagnostic push
  72:Drivers/CMSIS/Include/cmsis_gcc.h ****   #pragma GCC diagnostic ignored "-Wpacked"
  73:Drivers/CMSIS/Include/cmsis_gcc.h ****   #pragma GCC diagnostic ignored "-Wattributes"
  74:Drivers/CMSIS/Include/cmsis_gcc.h ****   struct __attribute__((packed)) T_UINT32 { uint32_t v; };
  75:Drivers/CMSIS/Include/cmsis_gcc.h ****   #pragma GCC diagnostic pop
  76:Drivers/CMSIS/Include/cmsis_gcc.h ****   #define __UNALIGNED_UINT32(x)                  (((struct T_UINT32 *)(x))->v)
ARM GAS  /tmp/ccAItdwr.s 			page 13


  77:Drivers/CMSIS/Include/cmsis_gcc.h **** #endif
  78:Drivers/CMSIS/Include/cmsis_gcc.h **** #ifndef   __UNALIGNED_UINT16_WRITE
  79:Drivers/CMSIS/Include/cmsis_gcc.h ****   #pragma GCC diagnostic push
  80:Drivers/CMSIS/Include/cmsis_gcc.h ****   #pragma GCC diagnostic ignored "-Wpacked"
  81:Drivers/CMSIS/Include/cmsis_gcc.h ****   #pragma GCC diagnostic ignored "-Wattributes"
  82:Drivers/CMSIS/Include/cmsis_gcc.h ****   __PACKED_STRUCT T_UINT16_WRITE { uint16_t v; };
  83:Drivers/CMSIS/Include/cmsis_gcc.h ****   #pragma GCC diagnostic pop
  84:Drivers/CMSIS/Include/cmsis_gcc.h ****   #define __UNALIGNED_UINT16_WRITE(addr, val)    (void)((((struct T_UINT16_WRITE *)(void *)(addr))-
  85:Drivers/CMSIS/Include/cmsis_gcc.h **** #endif
  86:Drivers/CMSIS/Include/cmsis_gcc.h **** #ifndef   __UNALIGNED_UINT16_READ
  87:Drivers/CMSIS/Include/cmsis_gcc.h ****   #pragma GCC diagnostic push
  88:Drivers/CMSIS/Include/cmsis_gcc.h ****   #pragma GCC diagnostic ignored "-Wpacked"
  89:Drivers/CMSIS/Include/cmsis_gcc.h ****   #pragma GCC diagnostic ignored "-Wattributes"
  90:Drivers/CMSIS/Include/cmsis_gcc.h ****   __PACKED_STRUCT T_UINT16_READ { uint16_t v; };
  91:Drivers/CMSIS/Include/cmsis_gcc.h ****   #pragma GCC diagnostic pop
  92:Drivers/CMSIS/Include/cmsis_gcc.h ****   #define __UNALIGNED_UINT16_READ(addr)          (((const struct T_UINT16_READ *)(const void *)(add
  93:Drivers/CMSIS/Include/cmsis_gcc.h **** #endif
  94:Drivers/CMSIS/Include/cmsis_gcc.h **** #ifndef   __UNALIGNED_UINT32_WRITE
  95:Drivers/CMSIS/Include/cmsis_gcc.h ****   #pragma GCC diagnostic push
  96:Drivers/CMSIS/Include/cmsis_gcc.h ****   #pragma GCC diagnostic ignored "-Wpacked"
  97:Drivers/CMSIS/Include/cmsis_gcc.h ****   #pragma GCC diagnostic ignored "-Wattributes"
  98:Drivers/CMSIS/Include/cmsis_gcc.h ****   __PACKED_STRUCT T_UINT32_WRITE { uint32_t v; };
  99:Drivers/CMSIS/Include/cmsis_gcc.h ****   #pragma GCC diagnostic pop
 100:Drivers/CMSIS/Include/cmsis_gcc.h ****   #define __UNALIGNED_UINT32_WRITE(addr, val)    (void)((((struct T_UINT32_WRITE *)(void *)(addr))-
 101:Drivers/CMSIS/Include/cmsis_gcc.h **** #endif
 102:Drivers/CMSIS/Include/cmsis_gcc.h **** #ifndef   __UNALIGNED_UINT32_READ
 103:Drivers/CMSIS/Include/cmsis_gcc.h ****   #pragma GCC diagnostic push
 104:Drivers/CMSIS/Include/cmsis_gcc.h ****   #pragma GCC diagnostic ignored "-Wpacked"
 105:Drivers/CMSIS/Include/cmsis_gcc.h ****   #pragma GCC diagnostic ignored "-Wattributes"
 106:Drivers/CMSIS/Include/cmsis_gcc.h ****   __PACKED_STRUCT T_UINT32_READ { uint32_t v; };
 107:Drivers/CMSIS/Include/cmsis_gcc.h ****   #pragma GCC diagnostic pop
 108:Drivers/CMSIS/Include/cmsis_gcc.h ****   #define __UNALIGNED_UINT32_READ(addr)          (((const struct T_UINT32_READ *)(const void *)(add
 109:Drivers/CMSIS/Include/cmsis_gcc.h **** #endif
 110:Drivers/CMSIS/Include/cmsis_gcc.h **** #ifndef   __ALIGNED
 111:Drivers/CMSIS/Include/cmsis_gcc.h ****   #define __ALIGNED(x)                           __attribute__((aligned(x)))
 112:Drivers/CMSIS/Include/cmsis_gcc.h **** #endif
 113:Drivers/CMSIS/Include/cmsis_gcc.h **** #ifndef   __RESTRICT
 114:Drivers/CMSIS/Include/cmsis_gcc.h ****   #define __RESTRICT                             __restrict
 115:Drivers/CMSIS/Include/cmsis_gcc.h **** #endif
 116:Drivers/CMSIS/Include/cmsis_gcc.h **** #ifndef   __COMPILER_BARRIER
 117:Drivers/CMSIS/Include/cmsis_gcc.h ****   #define __COMPILER_BARRIER()                   __ASM volatile("":::"memory")
 118:Drivers/CMSIS/Include/cmsis_gcc.h **** #endif
 119:Drivers/CMSIS/Include/cmsis_gcc.h **** 
 120:Drivers/CMSIS/Include/cmsis_gcc.h **** /* #########################  Startup and Lowlevel Init  ######################## */
 121:Drivers/CMSIS/Include/cmsis_gcc.h **** 
 122:Drivers/CMSIS/Include/cmsis_gcc.h **** #ifndef __PROGRAM_START
 123:Drivers/CMSIS/Include/cmsis_gcc.h **** 
 124:Drivers/CMSIS/Include/cmsis_gcc.h **** /**
 125:Drivers/CMSIS/Include/cmsis_gcc.h ****   \brief   Initializes data and bss sections
 126:Drivers/CMSIS/Include/cmsis_gcc.h ****   \details This default implementations initialized all data and additional bss
 127:Drivers/CMSIS/Include/cmsis_gcc.h ****            sections relying on .copy.table and .zero.table specified properly
 128:Drivers/CMSIS/Include/cmsis_gcc.h ****            in the used linker script.
 129:Drivers/CMSIS/Include/cmsis_gcc.h ****   
 130:Drivers/CMSIS/Include/cmsis_gcc.h ****  */
 131:Drivers/CMSIS/Include/cmsis_gcc.h **** __STATIC_FORCEINLINE __NO_RETURN void __cmsis_start(void)
 132:Drivers/CMSIS/Include/cmsis_gcc.h **** {
 133:Drivers/CMSIS/Include/cmsis_gcc.h ****   extern void _start(void) __NO_RETURN;
ARM GAS  /tmp/ccAItdwr.s 			page 14


 134:Drivers/CMSIS/Include/cmsis_gcc.h ****   
 135:Drivers/CMSIS/Include/cmsis_gcc.h ****   typedef struct {
 136:Drivers/CMSIS/Include/cmsis_gcc.h ****     uint32_t const* src;
 137:Drivers/CMSIS/Include/cmsis_gcc.h ****     uint32_t* dest;
 138:Drivers/CMSIS/Include/cmsis_gcc.h ****     uint32_t  wlen;
 139:Drivers/CMSIS/Include/cmsis_gcc.h ****   } __copy_table_t;
 140:Drivers/CMSIS/Include/cmsis_gcc.h ****   
 141:Drivers/CMSIS/Include/cmsis_gcc.h ****   typedef struct {
 142:Drivers/CMSIS/Include/cmsis_gcc.h ****     uint32_t* dest;
 143:Drivers/CMSIS/Include/cmsis_gcc.h ****     uint32_t  wlen;
 144:Drivers/CMSIS/Include/cmsis_gcc.h ****   } __zero_table_t;
 145:Drivers/CMSIS/Include/cmsis_gcc.h ****   
 146:Drivers/CMSIS/Include/cmsis_gcc.h ****   extern const __copy_table_t __copy_table_start__;
 147:Drivers/CMSIS/Include/cmsis_gcc.h ****   extern const __copy_table_t __copy_table_end__;
 148:Drivers/CMSIS/Include/cmsis_gcc.h ****   extern const __zero_table_t __zero_table_start__;
 149:Drivers/CMSIS/Include/cmsis_gcc.h ****   extern const __zero_table_t __zero_table_end__;
 150:Drivers/CMSIS/Include/cmsis_gcc.h **** 
 151:Drivers/CMSIS/Include/cmsis_gcc.h ****   for (__copy_table_t const* pTable = &__copy_table_start__; pTable < &__copy_table_end__; ++pTable
 152:Drivers/CMSIS/Include/cmsis_gcc.h ****     for(uint32_t i=0u; i<pTable->wlen; ++i) {
 153:Drivers/CMSIS/Include/cmsis_gcc.h ****       pTable->dest[i] = pTable->src[i];
 154:Drivers/CMSIS/Include/cmsis_gcc.h ****     }
 155:Drivers/CMSIS/Include/cmsis_gcc.h ****   }
 156:Drivers/CMSIS/Include/cmsis_gcc.h ****  
 157:Drivers/CMSIS/Include/cmsis_gcc.h ****   for (__zero_table_t const* pTable = &__zero_table_start__; pTable < &__zero_table_end__; ++pTable
 158:Drivers/CMSIS/Include/cmsis_gcc.h ****     for(uint32_t i=0u; i<pTable->wlen; ++i) {
 159:Drivers/CMSIS/Include/cmsis_gcc.h ****       pTable->dest[i] = 0u;
 160:Drivers/CMSIS/Include/cmsis_gcc.h ****     }
 161:Drivers/CMSIS/Include/cmsis_gcc.h ****   }
 162:Drivers/CMSIS/Include/cmsis_gcc.h ****  
 163:Drivers/CMSIS/Include/cmsis_gcc.h ****   _start();
 164:Drivers/CMSIS/Include/cmsis_gcc.h **** }
 165:Drivers/CMSIS/Include/cmsis_gcc.h ****   
 166:Drivers/CMSIS/Include/cmsis_gcc.h **** #define __PROGRAM_START           __cmsis_start
 167:Drivers/CMSIS/Include/cmsis_gcc.h **** #endif
 168:Drivers/CMSIS/Include/cmsis_gcc.h **** 
 169:Drivers/CMSIS/Include/cmsis_gcc.h **** #ifndef __INITIAL_SP
 170:Drivers/CMSIS/Include/cmsis_gcc.h **** #define __INITIAL_SP              __StackTop
 171:Drivers/CMSIS/Include/cmsis_gcc.h **** #endif
 172:Drivers/CMSIS/Include/cmsis_gcc.h **** 
 173:Drivers/CMSIS/Include/cmsis_gcc.h **** #ifndef __STACK_LIMIT
 174:Drivers/CMSIS/Include/cmsis_gcc.h **** #define __STACK_LIMIT             __StackLimit
 175:Drivers/CMSIS/Include/cmsis_gcc.h **** #endif
 176:Drivers/CMSIS/Include/cmsis_gcc.h **** 
 177:Drivers/CMSIS/Include/cmsis_gcc.h **** #ifndef __VECTOR_TABLE
 178:Drivers/CMSIS/Include/cmsis_gcc.h **** #define __VECTOR_TABLE            __Vectors
 179:Drivers/CMSIS/Include/cmsis_gcc.h **** #endif
 180:Drivers/CMSIS/Include/cmsis_gcc.h **** 
 181:Drivers/CMSIS/Include/cmsis_gcc.h **** #ifndef __VECTOR_TABLE_ATTRIBUTE
 182:Drivers/CMSIS/Include/cmsis_gcc.h **** #define __VECTOR_TABLE_ATTRIBUTE  __attribute((used, section(".vectors")))
 183:Drivers/CMSIS/Include/cmsis_gcc.h **** #endif
 184:Drivers/CMSIS/Include/cmsis_gcc.h **** 
 185:Drivers/CMSIS/Include/cmsis_gcc.h **** /* ###########################  Core Function Access  ########################### */
 186:Drivers/CMSIS/Include/cmsis_gcc.h **** /** \ingroup  CMSIS_Core_FunctionInterface
 187:Drivers/CMSIS/Include/cmsis_gcc.h ****     \defgroup CMSIS_Core_RegAccFunctions CMSIS Core Register Access Functions
 188:Drivers/CMSIS/Include/cmsis_gcc.h ****   @{
 189:Drivers/CMSIS/Include/cmsis_gcc.h ****  */
 190:Drivers/CMSIS/Include/cmsis_gcc.h **** 
ARM GAS  /tmp/ccAItdwr.s 			page 15


 191:Drivers/CMSIS/Include/cmsis_gcc.h **** /**
 192:Drivers/CMSIS/Include/cmsis_gcc.h ****   \brief   Enable IRQ Interrupts
 193:Drivers/CMSIS/Include/cmsis_gcc.h ****   \details Enables IRQ interrupts by clearing the I-bit in the CPSR.
 194:Drivers/CMSIS/Include/cmsis_gcc.h ****            Can only be executed in Privileged modes.
 195:Drivers/CMSIS/Include/cmsis_gcc.h ****  */
 196:Drivers/CMSIS/Include/cmsis_gcc.h **** __STATIC_FORCEINLINE void __enable_irq(void)
 197:Drivers/CMSIS/Include/cmsis_gcc.h **** {
 198:Drivers/CMSIS/Include/cmsis_gcc.h ****   __ASM volatile ("cpsie i" : : : "memory");
 199:Drivers/CMSIS/Include/cmsis_gcc.h **** }
 200:Drivers/CMSIS/Include/cmsis_gcc.h **** 
 201:Drivers/CMSIS/Include/cmsis_gcc.h **** 
 202:Drivers/CMSIS/Include/cmsis_gcc.h **** /**
 203:Drivers/CMSIS/Include/cmsis_gcc.h ****   \brief   Disable IRQ Interrupts
 204:Drivers/CMSIS/Include/cmsis_gcc.h ****   \details Disables IRQ interrupts by setting the I-bit in the CPSR.
 205:Drivers/CMSIS/Include/cmsis_gcc.h ****            Can only be executed in Privileged modes.
 206:Drivers/CMSIS/Include/cmsis_gcc.h ****  */
 207:Drivers/CMSIS/Include/cmsis_gcc.h **** __STATIC_FORCEINLINE void __disable_irq(void)
 435              		.loc 2 207 27 view .LVU92
 436              	.LBB5:
 208:Drivers/CMSIS/Include/cmsis_gcc.h **** {
 209:Drivers/CMSIS/Include/cmsis_gcc.h ****   __ASM volatile ("cpsid i" : : : "memory");
 437              		.loc 2 209 3 view .LVU93
 438              		.syntax unified
 439              	@ 209 "Drivers/CMSIS/Include/cmsis_gcc.h" 1
 440 0000 72B6     		cpsid i
 441              	@ 0 "" 2
 442              		.thumb
 443              		.syntax unified
 444              	.L32:
 445              	.LBE5:
 446              	.LBE4:
 183:Core/Src/main.c ****   while (1)
 447              		.loc 1 183 3 view .LVU94
 184:Core/Src/main.c ****   {
 185:Core/Src/main.c ****   }
 448              		.loc 1 185 3 view .LVU95
 183:Core/Src/main.c ****   while (1)
 449              		.loc 1 183 9 view .LVU96
 450 0002 FEE7     		b	.L32
 451              		.cfi_endproc
 452              	.LFE295:
 454              		.global	time_active
 455              		.section	.data.time_active,"aw"
 458              	time_active:
 459 0000 01       		.byte	1
 460              		.global	time
 461              		.section	.bss.time,"aw",%nobits
 462              		.align	1
 465              	time:
 466 0000 0000     		.space	2
 467              		.global	ADC_Data
 468              		.section	.bss.ADC_Data,"aw",%nobits
 469              		.align	2
 472              	ADC_Data:
 473 0000 00000000 		.space	6
 473      0000
 474              		.global	flag_motor
ARM GAS  /tmp/ccAItdwr.s 			page 16


 475              		.section	.data.flag_motor,"aw"
 478              	flag_motor:
 479 0000 03       		.byte	3
 480              		.global	speed
 481              		.section	.data.speed,"aw"
 484              	speed:
 485 0000 28       		.byte	40
 486              		.text
 487              	.Letext0:
 488              		.file 3 "/home/d-zaretski/.config/Code/User/globalStorage/bmd.stm32-for-vscode/@xpack-dev-tools/ar
 489              		.file 4 "/home/d-zaretski/.config/Code/User/globalStorage/bmd.stm32-for-vscode/@xpack-dev-tools/ar
 490              		.file 5 "Drivers/CMSIS/Device/ST/STM32L4xx/Include/stm32l431xx.h"
 491              		.file 6 "Drivers/STM32L4xx_HAL_Driver/Inc/stm32l4xx_hal_def.h"
 492              		.file 7 "Drivers/STM32L4xx_HAL_Driver/Inc/stm32l4xx_hal_gpio.h"
 493              		.file 8 "Core/Inc/motor.h"
 494              		.file 9 "Drivers/STM32L4xx_HAL_Driver/Inc/stm32l4xx_hal.h"
 495              		.file 10 "Core/Inc/display.h"
 496              		.file 11 "Core/Inc/time.h"
 497              		.file 12 "Core/Inc/dac.h"
 498              		.file 13 "Core/Inc/gpio.h"
 499              		.file 14 "Core/Inc/spi.h"
 500              		.file 15 "Core/Inc/i2c.h"
 501              		.file 16 "Core/Inc/adc.h"
 502              		.file 17 "Core/Inc/clocks.h"
ARM GAS  /tmp/ccAItdwr.s 			page 17


DEFINED SYMBOLS
                            *ABS*:00000000 main.c
     /tmp/ccAItdwr.s:21     .text.main:00000000 $t
     /tmp/ccAItdwr.s:27     .text.main:00000000 main
     /tmp/ccAItdwr.s:111    .text.EXTI1_IRQHandler:00000000 $t
     /tmp/ccAItdwr.s:117    .text.EXTI1_IRQHandler:00000000 EXTI1_IRQHandler
     /tmp/ccAItdwr.s:149    .text.EXTI1_IRQHandler:0000001c $d
     /tmp/ccAItdwr.s:484    .data.speed:00000000 speed
     /tmp/ccAItdwr.s:155    .text.EXTI9_5_IRQHandler:00000000 $t
     /tmp/ccAItdwr.s:161    .text.EXTI9_5_IRQHandler:00000000 EXTI9_5_IRQHandler
     /tmp/ccAItdwr.s:193    .text.EXTI9_5_IRQHandler:0000001c $d
     /tmp/ccAItdwr.s:199    .text.EXTI15_10_IRQHandler:00000000 $t
     /tmp/ccAItdwr.s:205    .text.EXTI15_10_IRQHandler:00000000 EXTI15_10_IRQHandler
     /tmp/ccAItdwr.s:276    .text.EXTI15_10_IRQHandler:00000054 $d
     /tmp/ccAItdwr.s:478    .data.flag_motor:00000000 flag_motor
     /tmp/ccAItdwr.s:458    .data.time_active:00000000 time_active
     /tmp/ccAItdwr.s:283    .text.ADC1_IRQHandler:00000000 $t
     /tmp/ccAItdwr.s:289    .text.ADC1_IRQHandler:00000000 ADC1_IRQHandler
     /tmp/ccAItdwr.s:313    .text.ADC1_IRQHandler:00000010 $d
     /tmp/ccAItdwr.s:318    .text.DMA1_Channel1_IRQHandler:00000000 $t
     /tmp/ccAItdwr.s:324    .text.DMA1_Channel1_IRQHandler:00000000 DMA1_Channel1_IRQHandler
     /tmp/ccAItdwr.s:367    .text.DMA1_Channel1_IRQHandler:0000002c $d
     /tmp/ccAItdwr.s:372    .text.TIM7_IRQHandler:00000000 $t
     /tmp/ccAItdwr.s:378    .text.TIM7_IRQHandler:00000000 TIM7_IRQHandler
     /tmp/ccAItdwr.s:410    .text.TIM7_IRQHandler:0000001c $d
     /tmp/ccAItdwr.s:465    .bss.time:00000000 time
     /tmp/ccAItdwr.s:417    .text.Error_Handler:00000000 $t
     /tmp/ccAItdwr.s:423    .text.Error_Handler:00000000 Error_Handler
     /tmp/ccAItdwr.s:462    .bss.time:00000000 $d
     /tmp/ccAItdwr.s:472    .bss.ADC_Data:00000000 ADC_Data
     /tmp/ccAItdwr.s:469    .bss.ADC_Data:00000000 $d

UNDEFINED SYMBOLS
HAL_Init
SystemClock_Config
MX_GPIO_Init
adc_init
dac_init
MX_I2C3_Init
MX_SPI1_Init
button_interrupt_init
motor_init
HAL_GPIO_WritePin
dac_data_send
display_init
display_test
time_init
show_motor_speed
show_vbat
show_time
show_motor_duty
HAL_Delay
SSD1306_UpdateScreen
motor_speed_write
motor_write
