ARM GAS  /tmp/ccOSb0tf.s 			page 1


   1              		.cpu cortex-m4
   2              		.arch armv7e-m
   3              		.fpu fpv4-sp-d16
   4              		.eabi_attribute 27, 1
   5              		.eabi_attribute 28, 1
   6              		.eabi_attribute 20, 1
   7              		.eabi_attribute 21, 1
   8              		.eabi_attribute 23, 3
   9              		.eabi_attribute 24, 1
  10              		.eabi_attribute 25, 1
  11              		.eabi_attribute 26, 1
  12              		.eabi_attribute 30, 1
  13              		.eabi_attribute 34, 1
  14              		.eabi_attribute 18, 4
  15              		.file	"stm32l4xx_hal_msp.c"
  16              		.text
  17              	.Ltext0:
  18              		.cfi_sections	.debug_frame
  19              		.file 1 "Core/Src/stm32l4xx_hal_msp.c"
  20              		.section	.text.HAL_MspInit,"ax",%progbits
  21              		.align	1
  22              		.global	HAL_MspInit
  23              		.syntax unified
  24              		.thumb
  25              		.thumb_func
  27              	HAL_MspInit:
  28              	.LFB288:
   1:Core/Src/stm32l4xx_hal_msp.c **** 
   2:Core/Src/stm32l4xx_hal_msp.c **** /* USER CODE BEGIN Header */
   3:Core/Src/stm32l4xx_hal_msp.c **** /**
   4:Core/Src/stm32l4xx_hal_msp.c ****   ******************************************************************************
   5:Core/Src/stm32l4xx_hal_msp.c ****   * @file         stm32l4xx_hal_msp.c
   6:Core/Src/stm32l4xx_hal_msp.c ****   * @brief        This file provides code for the MSP Initialization
   7:Core/Src/stm32l4xx_hal_msp.c ****   *               and de-Initialization codes.
   8:Core/Src/stm32l4xx_hal_msp.c ****   ******************************************************************************
   9:Core/Src/stm32l4xx_hal_msp.c ****   * @attention
  10:Core/Src/stm32l4xx_hal_msp.c ****   *
  11:Core/Src/stm32l4xx_hal_msp.c ****   * Copyright (c) 2024 STMicroelectronics.
  12:Core/Src/stm32l4xx_hal_msp.c ****   * All rights reserved.
  13:Core/Src/stm32l4xx_hal_msp.c ****   *
  14:Core/Src/stm32l4xx_hal_msp.c ****   * This software is licensed under terms that can be found in the LICENSE file
  15:Core/Src/stm32l4xx_hal_msp.c ****   * in the root directory of this software component.
  16:Core/Src/stm32l4xx_hal_msp.c ****   * If no LICENSE file comes with this software, it is provided AS-IS.
  17:Core/Src/stm32l4xx_hal_msp.c ****   *
  18:Core/Src/stm32l4xx_hal_msp.c ****   ******************************************************************************
  19:Core/Src/stm32l4xx_hal_msp.c ****   */
  20:Core/Src/stm32l4xx_hal_msp.c **** /* USER CODE END Header */
  21:Core/Src/stm32l4xx_hal_msp.c **** 
  22:Core/Src/stm32l4xx_hal_msp.c **** /* Includes ------------------------------------------------------------------*/
  23:Core/Src/stm32l4xx_hal_msp.c **** #include "main.h"
  24:Core/Src/stm32l4xx_hal_msp.c **** /* USER CODE BEGIN Includes */
  25:Core/Src/stm32l4xx_hal_msp.c **** 
  26:Core/Src/stm32l4xx_hal_msp.c **** /* USER CODE END Includes */
  27:Core/Src/stm32l4xx_hal_msp.c **** 
  28:Core/Src/stm32l4xx_hal_msp.c **** /* Private typedef -----------------------------------------------------------*/
  29:Core/Src/stm32l4xx_hal_msp.c **** /* USER CODE BEGIN TD */
  30:Core/Src/stm32l4xx_hal_msp.c **** 
ARM GAS  /tmp/ccOSb0tf.s 			page 2


  31:Core/Src/stm32l4xx_hal_msp.c **** /* USER CODE END TD */
  32:Core/Src/stm32l4xx_hal_msp.c **** 
  33:Core/Src/stm32l4xx_hal_msp.c **** /* Private define ------------------------------------------------------------*/
  34:Core/Src/stm32l4xx_hal_msp.c **** /* USER CODE BEGIN Define */
  35:Core/Src/stm32l4xx_hal_msp.c **** 
  36:Core/Src/stm32l4xx_hal_msp.c **** /* USER CODE END Define */
  37:Core/Src/stm32l4xx_hal_msp.c **** 
  38:Core/Src/stm32l4xx_hal_msp.c **** /* Private macro -------------------------------------------------------------*/
  39:Core/Src/stm32l4xx_hal_msp.c **** /* USER CODE BEGIN Macro */
  40:Core/Src/stm32l4xx_hal_msp.c **** 
  41:Core/Src/stm32l4xx_hal_msp.c **** /* USER CODE END Macro */
  42:Core/Src/stm32l4xx_hal_msp.c **** 
  43:Core/Src/stm32l4xx_hal_msp.c **** /* Private variables ---------------------------------------------------------*/
  44:Core/Src/stm32l4xx_hal_msp.c **** /* USER CODE BEGIN PV */
  45:Core/Src/stm32l4xx_hal_msp.c **** 
  46:Core/Src/stm32l4xx_hal_msp.c **** /* USER CODE END PV */
  47:Core/Src/stm32l4xx_hal_msp.c **** 
  48:Core/Src/stm32l4xx_hal_msp.c **** /* Private function prototypes -----------------------------------------------*/
  49:Core/Src/stm32l4xx_hal_msp.c **** /* USER CODE BEGIN PFP */
  50:Core/Src/stm32l4xx_hal_msp.c **** 
  51:Core/Src/stm32l4xx_hal_msp.c **** /* USER CODE END PFP */
  52:Core/Src/stm32l4xx_hal_msp.c **** 
  53:Core/Src/stm32l4xx_hal_msp.c **** /* External functions --------------------------------------------------------*/
  54:Core/Src/stm32l4xx_hal_msp.c **** /* USER CODE BEGIN ExternalFunctions */
  55:Core/Src/stm32l4xx_hal_msp.c **** 
  56:Core/Src/stm32l4xx_hal_msp.c **** /* USER CODE END ExternalFunctions */
  57:Core/Src/stm32l4xx_hal_msp.c **** 
  58:Core/Src/stm32l4xx_hal_msp.c **** /* USER CODE BEGIN 0 */
  59:Core/Src/stm32l4xx_hal_msp.c **** 
  60:Core/Src/stm32l4xx_hal_msp.c **** /* USER CODE END 0 */
  61:Core/Src/stm32l4xx_hal_msp.c **** /**
  62:Core/Src/stm32l4xx_hal_msp.c ****   * Initializes the Global MSP.
  63:Core/Src/stm32l4xx_hal_msp.c ****   */
  64:Core/Src/stm32l4xx_hal_msp.c **** void HAL_MspInit(void)
  65:Core/Src/stm32l4xx_hal_msp.c **** {
  29              		.loc 1 65 1 view -0
  30              		.cfi_startproc
  31              		@ args = 0, pretend = 0, frame = 8
  32              		@ frame_needed = 0, uses_anonymous_args = 0
  33              		@ link register save eliminated.
  34 0000 82B0     		sub	sp, sp, #8
  35              		.cfi_def_cfa_offset 8
  66:Core/Src/stm32l4xx_hal_msp.c **** 
  67:Core/Src/stm32l4xx_hal_msp.c ****   /* USER CODE BEGIN MspInit 0 */
  68:Core/Src/stm32l4xx_hal_msp.c **** 
  69:Core/Src/stm32l4xx_hal_msp.c ****   /* USER CODE END MspInit 0 */
  70:Core/Src/stm32l4xx_hal_msp.c **** 
  71:Core/Src/stm32l4xx_hal_msp.c ****   __HAL_RCC_SYSCFG_CLK_ENABLE();
  36              		.loc 1 71 3 view .LVU1
  37              	.LBB2:
  38              		.loc 1 71 3 view .LVU2
  39              		.loc 1 71 3 view .LVU3
  40 0002 0A4B     		ldr	r3, .L3
  41 0004 1A6E     		ldr	r2, [r3, #96]
  42 0006 42F00102 		orr	r2, r2, #1
  43 000a 1A66     		str	r2, [r3, #96]
  44              		.loc 1 71 3 view .LVU4
ARM GAS  /tmp/ccOSb0tf.s 			page 3


  45 000c 1A6E     		ldr	r2, [r3, #96]
  46 000e 02F00102 		and	r2, r2, #1
  47 0012 0092     		str	r2, [sp]
  48              		.loc 1 71 3 view .LVU5
  49 0014 009A     		ldr	r2, [sp]
  50              	.LBE2:
  51              		.loc 1 71 3 view .LVU6
  72:Core/Src/stm32l4xx_hal_msp.c ****   __HAL_RCC_PWR_CLK_ENABLE();
  52              		.loc 1 72 3 view .LVU7
  53              	.LBB3:
  54              		.loc 1 72 3 view .LVU8
  55              		.loc 1 72 3 view .LVU9
  56 0016 9A6D     		ldr	r2, [r3, #88]
  57 0018 42F08052 		orr	r2, r2, #268435456
  58 001c 9A65     		str	r2, [r3, #88]
  59              		.loc 1 72 3 view .LVU10
  60 001e 9B6D     		ldr	r3, [r3, #88]
  61 0020 03F08053 		and	r3, r3, #268435456
  62 0024 0193     		str	r3, [sp, #4]
  63              		.loc 1 72 3 view .LVU11
  64 0026 019B     		ldr	r3, [sp, #4]
  65              	.LBE3:
  66              		.loc 1 72 3 view .LVU12
  73:Core/Src/stm32l4xx_hal_msp.c **** 
  74:Core/Src/stm32l4xx_hal_msp.c ****   /* System interrupt init*/
  75:Core/Src/stm32l4xx_hal_msp.c **** 
  76:Core/Src/stm32l4xx_hal_msp.c ****   /* USER CODE BEGIN MspInit 1 */
  77:Core/Src/stm32l4xx_hal_msp.c **** 
  78:Core/Src/stm32l4xx_hal_msp.c ****   /* USER CODE END MspInit 1 */
  79:Core/Src/stm32l4xx_hal_msp.c **** }
  67              		.loc 1 79 1 is_stmt 0 view .LVU13
  68 0028 02B0     		add	sp, sp, #8
  69              		.cfi_def_cfa_offset 0
  70              		@ sp needed
  71 002a 7047     		bx	lr
  72              	.L4:
  73              		.align	2
  74              	.L3:
  75 002c 00100240 		.word	1073876992
  76              		.cfi_endproc
  77              	.LFE288:
  79              		.text
  80              	.Letext0:
  81              		.file 2 "/home/d-zaretski/.config/Code/User/globalStorage/bmd.stm32-for-vscode/@xpack-dev-tools/ar
  82              		.file 3 "/home/d-zaretski/.config/Code/User/globalStorage/bmd.stm32-for-vscode/@xpack-dev-tools/ar
  83              		.file 4 "Drivers/CMSIS/Device/ST/STM32L4xx/Include/stm32l431xx.h"
ARM GAS  /tmp/ccOSb0tf.s 			page 4


DEFINED SYMBOLS
                            *ABS*:00000000 stm32l4xx_hal_msp.c
     /tmp/ccOSb0tf.s:21     .text.HAL_MspInit:00000000 $t
     /tmp/ccOSb0tf.s:27     .text.HAL_MspInit:00000000 HAL_MspInit
     /tmp/ccOSb0tf.s:75     .text.HAL_MspInit:0000002c $d

NO UNDEFINED SYMBOLS
