Archive member included to satisfy reference by file (symbol)

/usr/lib/gcc/arm-none-eabi/13.2.1/../../../arm-none-eabi/lib/thumb/v7e-m+fp/hard/libc_nano.a(libc_a-init.o)
                              /usr/lib/gcc/arm-none-eabi/13.2.1/../../../arm-none-eabi/lib/thumb/v7e-m+fp/hard/crt0.o (__libc_init_array)
/usr/lib/gcc/arm-none-eabi/13.2.1/../../../arm-none-eabi/lib/thumb/v7e-m+fp/hard/libc_nano.a(libc_a-memset.o)
                              /usr/lib/gcc/arm-none-eabi/13.2.1/../../../arm-none-eabi/lib/thumb/v7e-m+fp/hard/crt0.o (memset)
/usr/lib/gcc/arm-none-eabi/13.2.1/../../../arm-none-eabi/lib/thumb/v7e-m+fp/hard/libc_nano.a(libc_a-errno.o)
                              build/sysmem.o (__errno)
/usr/lib/gcc/arm-none-eabi/13.2.1/../../../arm-none-eabi/lib/thumb/v7e-m+fp/hard/libc_nano.a(libc_a-exit.o)
                              /usr/lib/gcc/arm-none-eabi/13.2.1/../../../arm-none-eabi/lib/thumb/v7e-m+fp/hard/crt0.o (exit)
/usr/lib/gcc/arm-none-eabi/13.2.1/../../../arm-none-eabi/lib/thumb/v7e-m+fp/hard/libc_nano.a(libc_a-atexit.o)
                              /usr/lib/gcc/arm-none-eabi/13.2.1/../../../arm-none-eabi/lib/thumb/v7e-m+fp/hard/crt0.o (atexit)
/usr/lib/gcc/arm-none-eabi/13.2.1/../../../arm-none-eabi/lib/thumb/v7e-m+fp/hard/libc_nano.a(libc_a-fini.o)
                              /usr/lib/gcc/arm-none-eabi/13.2.1/../../../arm-none-eabi/lib/thumb/v7e-m+fp/hard/crt0.o (__libc_fini_array)
/usr/lib/gcc/arm-none-eabi/13.2.1/../../../arm-none-eabi/lib/thumb/v7e-m+fp/hard/libc_nano.a(libc_a-impure.o)
                              /usr/lib/gcc/arm-none-eabi/13.2.1/../../../arm-none-eabi/lib/thumb/v7e-m+fp/hard/libc_nano.a(libc_a-errno.o) (_impure_ptr)
/usr/lib/gcc/arm-none-eabi/13.2.1/../../../arm-none-eabi/lib/thumb/v7e-m+fp/hard/libc_nano.a(libc_a-findfp.o)
                              /usr/lib/gcc/arm-none-eabi/13.2.1/../../../arm-none-eabi/lib/thumb/v7e-m+fp/hard/libc_nano.a(libc_a-exit.o) (__stdio_exit_handler)
/usr/lib/gcc/arm-none-eabi/13.2.1/../../../arm-none-eabi/lib/thumb/v7e-m+fp/hard/libc_nano.a(libc_a-fflush.o)
                              /usr/lib/gcc/arm-none-eabi/13.2.1/../../../arm-none-eabi/lib/thumb/v7e-m+fp/hard/libc_nano.a(libc_a-findfp.o) (_fflush_r)
/usr/lib/gcc/arm-none-eabi/13.2.1/../../../arm-none-eabi/lib/thumb/v7e-m+fp/hard/libc_nano.a(libc_a-mallocr.o)
                              /usr/lib/gcc/arm-none-eabi/13.2.1/../../../arm-none-eabi/lib/thumb/v7e-m+fp/hard/libc_nano.a(libc_a-findfp.o) (_malloc_r)
/usr/lib/gcc/arm-none-eabi/13.2.1/../../../arm-none-eabi/lib/thumb/v7e-m+fp/hard/libc_nano.a(libc_a-freer.o)
                              /usr/lib/gcc/arm-none-eabi/13.2.1/../../../arm-none-eabi/lib/thumb/v7e-m+fp/hard/libc_nano.a(libc_a-fflush.o) (_free_r)
/usr/lib/gcc/arm-none-eabi/13.2.1/../../../arm-none-eabi/lib/thumb/v7e-m+fp/hard/libc_nano.a(libc_a-fwalk.o)
                              /usr/lib/gcc/arm-none-eabi/13.2.1/../../../arm-none-eabi/lib/thumb/v7e-m+fp/hard/libc_nano.a(libc_a-findfp.o) (_fwalk_sglue)
/usr/lib/gcc/arm-none-eabi/13.2.1/../../../arm-none-eabi/lib/thumb/v7e-m+fp/hard/libc_nano.a(libc_a-__atexit.o)
                              /usr/lib/gcc/arm-none-eabi/13.2.1/../../../arm-none-eabi/lib/thumb/v7e-m+fp/hard/libc_nano.a(libc_a-atexit.o) (__register_exitproc)
/usr/lib/gcc/arm-none-eabi/13.2.1/../../../arm-none-eabi/lib/thumb/v7e-m+fp/hard/libc_nano.a(libc_a-mlock.o)
                              /usr/lib/gcc/arm-none-eabi/13.2.1/../../../arm-none-eabi/lib/thumb/v7e-m+fp/hard/libc_nano.a(libc_a-mallocr.o) (__malloc_lock)
/usr/lib/gcc/arm-none-eabi/13.2.1/../../../arm-none-eabi/lib/thumb/v7e-m+fp/hard/libc_nano.a(libc_a-sbrkr.o)
                              /usr/lib/gcc/arm-none-eabi/13.2.1/../../../arm-none-eabi/lib/thumb/v7e-m+fp/hard/libc_nano.a(libc_a-mallocr.o) (_sbrk_r)
/usr/lib/gcc/arm-none-eabi/13.2.1/../../../arm-none-eabi/lib/thumb/v7e-m+fp/hard/libc_nano.a(libc_a-stdio.o)
                              /usr/lib/gcc/arm-none-eabi/13.2.1/../../../arm-none-eabi/lib/thumb/v7e-m+fp/hard/libc_nano.a(libc_a-findfp.o) (__sread)
/usr/lib/gcc/arm-none-eabi/13.2.1/../../../arm-none-eabi/lib/thumb/v7e-m+fp/hard/libc_nano.a(libc_a-closer.o)
                              /usr/lib/gcc/arm-none-eabi/13.2.1/../../../arm-none-eabi/lib/thumb/v7e-m+fp/hard/libc_nano.a(libc_a-stdio.o) (_close_r)
/usr/lib/gcc/arm-none-eabi/13.2.1/../../../arm-none-eabi/lib/thumb/v7e-m+fp/hard/libc_nano.a(libc_a-__call_atexit.o)
                              /usr/lib/gcc/arm-none-eabi/13.2.1/../../../arm-none-eabi/lib/thumb/v7e-m+fp/hard/libc_nano.a(libc_a-__atexit.o) (__call_exitprocs)
/usr/lib/gcc/arm-none-eabi/13.2.1/../../../arm-none-eabi/lib/thumb/v7e-m+fp/hard/libc_nano.a(libc_a-readr.o)
                              /usr/lib/gcc/arm-none-eabi/13.2.1/../../../arm-none-eabi/lib/thumb/v7e-m+fp/hard/libc_nano.a(libc_a-stdio.o) (_read_r)
/usr/lib/gcc/arm-none-eabi/13.2.1/../../../arm-none-eabi/lib/thumb/v7e-m+fp/hard/libc_nano.a(libc_a-reent.o)
[...]
Memory Configuration

Name             Origin             Length             Attributes
RAM              0x20000000         0x0000c000         xrw
RAM2             0x10000000         0x00004000         xrw
FLASH            0x08000000         0x00040000         xr
*default*        0x00000000         0xffffffff

Linker script and memory map

LOAD /usr/lib/gcc/arm-none-eabi/13.2.1/thumb/v7e-m+fp/hard/crti.o
LOAD /usr/lib/gcc/arm-none-eabi/13.2.1/thumb/v7e-m+fp/hard/crtbegin.o
LOAD /usr/lib/gcc/arm-none-eabi/13.2.1/../../../arm-none-eabi/lib/thumb/v7e-m+fp/hard/crt0.o
LOAD build/main.o
LOAD build/gpio.o
LOAD build/adc.o
LOAD build/i2c.o
LOAD build/spi.o
LOAD build/stm32l4xx_it.o
LOAD build/stm32l4xx_hal_msp.o
LOAD build/stm32l4xx_hal_adc.o
LOAD build/stm32l4xx_hal_adc_ex.o
LOAD build/stm32l4xx_hal.o
LOAD build/stm32l4xx_hal_rcc.o
LOAD build/stm32l4xx_hal_rcc_ex.o
LOAD build/stm32l4xx_hal_flash.o
LOAD build/stm32l4xx_hal_flash_ex.o
LOAD build/stm32l4xx_hal_flash_ramfunc.o
LOAD build/stm32l4xx_hal_gpio.o
LOAD build/stm32l4xx_hal_i2c.o
LOAD build/stm32l4xx_hal_i2c_ex.o
LOAD build/stm32l4xx_hal_dma.o
LOAD build/stm32l4xx_hal_dma_ex.o
LOAD build/stm32l4xx_hal_pwr.o
LOAD build/stm32l4xx_hal_pwr_ex.o
LOAD build/stm32l4xx_hal_cortex.o
LOAD build/stm32l4xx_hal_exti.o
LOAD build/stm32l4xx_hal_spi.o
LOAD build/stm32l4xx_hal_spi_ex.o
LOAD build/stm32l4xx_hal_tim.o
LOAD build/stm32l4xx_hal_tim_ex.o
LOAD build/system_stm32l4xx.o
LOAD build/sysmem.o
LOAD build/syscalls.o
LOAD build/startup_stm32l431xx.o
LOAD /usr/lib/gcc/arm-none-eabi/13.2.1/../../../arm-none-eabi/lib/thumb/v7e-m+fp/hard/libc_nano.a
LOAD /usr/lib/gcc/arm-none-eabi/13.2.1/../../../arm-none-eabi/lib/thumb/v7e-m+fp/hard/libm.a
LOAD /usr/lib/gcc/arm-none-eabi/13.2.1/../../../arm-none-eabi/lib/thumb/v7e-m+fp/hard/libnosys.a
START GROUP
LOAD /usr/lib/gcc/arm-none-eabi/13.2.1/thumb/v7e-m+fp/hard/libgcc.a
LOAD /usr/lib/gcc/arm-none-eabi/13.2.1/../../../arm-none-eabi/lib/thumb/v7e-m+fp/hard/libc_nano.a
END GROUP
START GROUP
LOAD /usr/lib/gcc/arm-none-eabi/13.2.1/thumb/v7e-m+fp/hard/libgcc.a
LOAD /usr/lib/gcc/arm-none-eabi/13.2.1/../../../arm-none-eabi/lib/thumb/v7e-m+fp/hard/libc_nano.a
END GROUP
LOAD /usr/lib/gcc/arm-none-eabi/13.2.1/thumb/v7e-m+fp/hard/crtend.o
LOAD /usr/lib/gcc/arm-none-eabi/13.2.1/thumb/v7e-m+fp/hard/crtn.o
                0x2000c000                        _estack = (ORIGIN (RAM) + LENGTH (RAM))
                0x00000200                        _Min_Heap_Size = 0x200
                0x00000400                        _Min_Stack_Size = 0x400

.isr_vector     0x08000000      0x190
                0x08000000                        . = ALIGN (0x8)
 *(.isr_vector)
 .isr_vector    0x08000000      0x18c build/startup_stm32l431xx.o
                0x08000000                g_pfnVectors
                0x08000190                        . = ALIGN (0x8)
 *fill*         0x0800018c        0x4 

.text           0x08000190     0x2c68
                0x08000190                        . = ALIGN (0x8)
 *(.text)
 .text          0x08000190       0x88 /usr/lib/gcc/arm-none-eabi/13.2.1/thumb/v7e-m+fp/hard/crtbegin.o
 .text          0x08000218       0x50 /usr/lib/gcc/arm-none-eabi/13.2.1/../../../arm-none-eabi/lib/thumb/v7e-m+fp/hard/libc_nano.a(libc_a-init.o)
                0x08000218                __libc_init_array
 .text          0x08000268       0xa4 /usr/lib/gcc/arm-none-eabi/13.2.1/../../../arm-none-eabi/lib/thumb/v7e-m+fp/hard/libc_nano.a(libc_a-memset.o)
                0x08000268                memset
 *(.text*)
 .text.Error_Handler
                0x0800030c        0x4 build/main.o
                0x0800030c                Error_Handler
 .text.SystemClock_Config
                0x08000310       0x7c build/main.o
                0x08000310                SystemClock_Config
 .text.main     0x0800038c       0x1c build/main.o
                0x0800038c                main
 .text.MX_GPIO_Init
                0x080003a8       0xc4 build/gpio.o
                0x080003a8                MX_GPIO_Init
 .text.MX_ADC1_Init
                0x0800046c       0x84 build/adc.o
                0x0800046c                MX_ADC1_Init
 .text.HAL_ADC_MspInit
                0x080004f0       0xd8 build/adc.o
                0x080004f0                HAL_ADC_MspInit
 .text.MX_I2C3_Init
                0x080005c8       0x58 build/i2c.o
                0x080005c8                MX_I2C3_Init
 .text.HAL_I2C_MspInit
                0x08000620       0xe0 build/i2c.o
                0x08000620                HAL_I2C_MspInit
 .text.MX_SPI1_Init
                0x08000700       0x4c build/spi.o
                0x08000700                MX_SPI1_Init
 .text.HAL_SPI_MspInit
                0x0800074c       0x78 build/spi.o
                0x0800074c                HAL_SPI_MspInit
 .text.NMI_Handler
                0x080007c4        0x2 build/stm32l4xx_it.o
                0x080007c4                NMI_Handler
 .text.HardFault_Handler
                0x080007c6        0x2 build/stm32l4xx_it.o
                0x080007c6                HardFault_Handler
 .text.MemManage_Handler
                0x080007c8        0x2 build/stm32l4xx_it.o
                0x080007c8                MemManage_Handler
 .text.BusFault_Handler
                0x080007ca        0x2 build/stm32l4xx_it.o
                0x080007ca                BusFault_Handler
 .text.UsageFault_Handler
                0x080007cc        0x2 build/stm32l4xx_it.o
                0x080007cc                UsageFault_Handler
 .text.SVC_Handler
                0x080007ce        0x2 build/stm32l4xx_it.o
                0x080007ce                SVC_Handler
 .text.DebugMon_Handler
                0x080007d0        0x2 build/stm32l4xx_it.o
                0x080007d0                DebugMon_Handler
 .text.PendSV_Handler
                0x080007d2        0x2 build/stm32l4xx_it.o
                0x080007d2                PendSV_Handler
 .text.SysTick_Handler
                0x080007d4        0x8 build/stm32l4xx_it.o
                0x080007d4                SysTick_Handler
 .text.ADC1_IRQHandler
                0x080007dc       0x10 build/stm32l4xx_it.o
                0x080007dc                ADC1_IRQHandler
 .text.SPI1_IRQHandler
                0x080007ec       0x10 build/stm32l4xx_it.o
                0x080007ec                SPI1_IRQHandler
 .text.I2C3_EV_IRQHandler
                0x080007fc       0x10 build/stm32l4xx_it.o
                0x080007fc                I2C3_EV_IRQHandler
 .text.I2C3_ER_IRQHandler
                0x0800080c       0x10 build/stm32l4xx_it.o
                0x0800080c                I2C3_ER_IRQHandler
 .text.HAL_MspInit
                0x0800081c       0x30 build/stm32l4xx_hal_msp.o
                0x0800081c                HAL_MspInit
 .text.LL_ADC_REG_SetSequencerRanks
                0x0800084c       0x30 build/stm32l4xx_hal_adc.o
 .text.LL_ADC_SetChannelSamplingTime
                0x0800087c       0x2c build/stm32l4xx_hal_adc.o
 .text.HAL_ADC_Init
                0x080008a8      0x1c8 build/stm32l4xx_hal_adc.o
                0x080008a8                HAL_ADC_Init
 .text.HAL_ADC_ConvCpltCallback
                0x08000a70        0x2 build/stm32l4xx_hal_adc.o
                0x08000a70                HAL_ADC_ConvCpltCallback
 .text.HAL_ADC_LevelOutOfWindowCallback
                0x08000a72        0x2 build/stm32l4xx_hal_adc.o
                0x08000a72                HAL_ADC_LevelOutOfWindowCallback
 .text.HAL_ADC_ErrorCallback
                0x08000a74        0x2 build/stm32l4xx_hal_adc.o
                0x08000a74                HAL_ADC_ErrorCallback
 .text.HAL_ADC_IRQHandler
                0x08000a76      0x234 build/stm32l4xx_hal_adc.o
                0x08000a76                HAL_ADC_IRQHandler
 *fill*         0x08000caa        0x2 
 .text.HAL_ADC_ConfigChannel
                0x08000cac      0x430 build/stm32l4xx_hal_adc.o
                0x08000cac                HAL_ADC_ConfigChannel
 .text.HAL_ADCEx_InjectedConvCpltCallback
                0x080010dc        0x2 build/stm32l4xx_hal_adc_ex.o
                0x080010dc                HAL_ADCEx_InjectedConvCpltCallback
 .text.HAL_ADCEx_InjectedQueueOverflowCallback
                0x080010de        0x2 build/stm32l4xx_hal_adc_ex.o
                0x080010de                HAL_ADCEx_InjectedQueueOverflowCallback
 .text.HAL_ADCEx_LevelOutOfWindow2Callback
                0x080010e0        0x2 build/stm32l4xx_hal_adc_ex.o
                0x080010e0                HAL_ADCEx_LevelOutOfWindow2Callback
 .text.HAL_ADCEx_LevelOutOfWindow3Callback
                0x080010e2        0x2 build/stm32l4xx_hal_adc_ex.o
                0x080010e2                HAL_ADCEx_LevelOutOfWindow3Callback
 .text.HAL_ADCEx_EndOfSamplingCallback
                0x080010e4        0x2 build/stm32l4xx_hal_adc_ex.o
                0x080010e4                HAL_ADCEx_EndOfSamplingCallback
 *fill*         0x080010e6        0x2 
 .text.HAL_InitTick
                0x080010e8       0x50 build/stm32l4xx_hal.o
                0x080010e8                HAL_InitTick
 .text.HAL_Init
                0x08001138       0x1e build/stm32l4xx_hal.o
                0x08001138                HAL_Init
 *fill*         0x08001156        0x2 
 .text.HAL_IncTick
                0x08001158       0x18 build/stm32l4xx_hal.o
                0x08001158                HAL_IncTick
 .text.HAL_GetTick
                0x08001170        0xc build/stm32l4xx_hal.o
                0x08001170                HAL_GetTick
 .text.RCC_SetFlashLatencyFromMSIRange
                0x0800117c       0x90 build/stm32l4xx_hal_rcc.o
 .text.HAL_RCC_GetSysClockFreq
                0x0800120c       0xb4 build/stm32l4xx_hal_rcc.o
                0x0800120c                HAL_RCC_GetSysClockFreq
 .text.HAL_RCC_OscConfig
                0x080012c0      0x66c build/stm32l4xx_hal_rcc.o
                0x080012c0                HAL_RCC_OscConfig
 .text.HAL_RCC_ClockConfig
                0x0800192c      0x188 build/stm32l4xx_hal_rcc.o
                0x0800192c                HAL_RCC_ClockConfig
 .text.RCCEx_PLLSAI1_Config
                0x08001ab4      0x170 build/stm32l4xx_hal_rcc_ex.o
 .text.HAL_RCCEx_PeriphCLKConfig
                0x08001c24      0x31c build/stm32l4xx_hal_rcc_ex.o
                0x08001c24                HAL_RCCEx_PeriphCLKConfig
 .text.HAL_GPIO_Init
                0x08001f40      0x1c8 build/stm32l4xx_hal_gpio.o
                0x08001f40                HAL_GPIO_Init
 .text.HAL_GPIO_WritePin
                0x08002108        0xa build/stm32l4xx_hal_gpio.o
                0x08002108                HAL_GPIO_WritePin
 .text.I2C_Flush_TXDR
                0x08002112       0x22 build/stm32l4xx_hal_i2c.o
 .text.I2C_Disable_IRQ
                0x08002134       0x70 build/stm32l4xx_hal_i2c.o
 .text.HAL_I2C_Init
                0x080021a4       0xc8 build/stm32l4xx_hal_i2c.o
                0x080021a4                HAL_I2C_Init
 .text.HAL_I2C_EV_IRQHandler
                0x0800226c       0x10 build/stm32l4xx_hal_i2c.o
                0x0800226c                HAL_I2C_EV_IRQHandler
 .text.HAL_I2C_SlaveTxCpltCallback
                0x0800227c        0x2 build/stm32l4xx_hal_i2c.o
                0x0800227c                HAL_I2C_SlaveTxCpltCallback
 .text.HAL_I2C_SlaveRxCpltCallback
                0x0800227e        0x2 build/stm32l4xx_hal_i2c.o
                0x0800227e                HAL_I2C_SlaveRxCpltCallback
 .text.I2C_ITSlaveSeqCplt
                0x08002280       0x82 build/stm32l4xx_hal_i2c.o
 .text.HAL_I2C_AddrCallback
                0x08002302        0x2 build/stm32l4xx_hal_i2c.o
                0x08002302                HAL_I2C_AddrCallback
 .text.I2C_ITAddrCplt
                0x08002304       0xa0 build/stm32l4xx_hal_i2c.o
 .text.HAL_I2C_ListenCpltCallback
                0x080023a4        0x2 build/stm32l4xx_hal_i2c.o
                0x080023a4                HAL_I2C_ListenCpltCallback
 *fill*         0x080023a6        0x2 
 .text.I2C_ITListenCplt
                0x080023a8       0x68 build/stm32l4xx_hal_i2c.o
 .text.HAL_I2C_ErrorCallback
                0x08002410        0x2 build/stm32l4xx_hal_i2c.o
                0x08002410                HAL_I2C_ErrorCallback
 .text.HAL_I2C_AbortCpltCallback
                0x08002412        0x2 build/stm32l4xx_hal_i2c.o
                0x08002412                HAL_I2C_AbortCpltCallback
 .text.I2C_TreatErrorCallback
                0x08002414       0x2e build/stm32l4xx_hal_i2c.o
 *fill*         0x08002442        0x2 
 .text.I2C_ITError
                0x08002444      0x130 build/stm32l4xx_hal_i2c.o
 .text.I2C_ITSlaveCplt
                0x08002574      0x174 build/stm32l4xx_hal_i2c.o
 .text.I2C_Slave_ISR_IT
                0x080026e8      0x14e build/stm32l4xx_hal_i2c.o
 .text.HAL_I2C_ER_IRQHandler
                0x08002836       0x6a build/stm32l4xx_hal_i2c.o
                0x08002836                HAL_I2C_ER_IRQHandler
 .text.I2C_DMAAbort
                0x080028a0       0x1a build/stm32l4xx_hal_i2c.o
 .text.HAL_I2CEx_ConfigAnalogFilter
                0x080028ba       0x5c build/stm32l4xx_hal_i2c_ex.o
                0x080028ba                HAL_I2CEx_ConfigAnalogFilter
 .text.HAL_I2CEx_ConfigDigitalFilter
                0x08002916       0x58 build/stm32l4xx_hal_i2c_ex.o
                0x08002916                HAL_I2CEx_ConfigDigitalFilter
 .text.HAL_DMA_Abort_IT
                0x0800296e       0x50 build/stm32l4xx_hal_dma.o
                0x0800296e                HAL_DMA_Abort_IT
 .text.HAL_DMA_GetState
                0x080029be        0x6 build/stm32l4xx_hal_dma.o
                0x080029be                HAL_DMA_GetState
 .text.HAL_PWREx_GetVoltageRange
                0x080029c4       0x10 build/stm32l4xx_hal_pwr_ex.o
                0x080029c4                HAL_PWREx_GetVoltageRange
 .text.HAL_PWREx_ControlVoltageScaling
                0x080029d4       0x90 build/stm32l4xx_hal_pwr_ex.o
                0x080029d4                HAL_PWREx_ControlVoltageScaling
 .text.__NVIC_EnableIRQ
                0x08002a64       0x1c build/stm32l4xx_hal_cortex.o
 .text.__NVIC_SetPriority
                0x08002a80       0x28 build/stm32l4xx_hal_cortex.o
 .text.NVIC_EncodePriority
                0x08002aa8       0x3e build/stm32l4xx_hal_cortex.o
 *fill*         0x08002ae6        0x2 
 .text.HAL_NVIC_SetPriorityGrouping
                0x08002ae8       0x24 build/stm32l4xx_hal_cortex.o
                0x08002ae8                HAL_NVIC_SetPriorityGrouping
 .text.HAL_NVIC_SetPriority
                0x08002b0c       0x20 build/stm32l4xx_hal_cortex.o
                0x08002b0c                HAL_NVIC_SetPriority
 .text.HAL_NVIC_EnableIRQ
                0x08002b2c        0x8 build/stm32l4xx_hal_cortex.o
                0x08002b2c                HAL_NVIC_EnableIRQ
 .text.HAL_SYSTICK_Config
                0x08002b34       0x28 build/stm32l4xx_hal_cortex.o
                0x08002b34                HAL_SYSTICK_Config
 .text.HAL_SPI_Init
                0x08002b5c       0xde build/stm32l4xx_hal_spi.o
                0x08002b5c                HAL_SPI_Init
 .text.HAL_SPI_ErrorCallback
                0x08002c3a        0x2 build/stm32l4xx_hal_spi.o
                0x08002c3a                HAL_SPI_ErrorCallback
 .text.HAL_SPI_IRQHandler
                0x08002c3c      0x124 build/stm32l4xx_hal_spi.o
                0x08002c3c                HAL_SPI_IRQHandler
 .text.SPI_DMAAbortOnError
                0x08002d60       0x12 build/stm32l4xx_hal_spi.o
 *fill*         0x08002d72        0x2 
 .text.SystemInit
                0x08002d74       0x14 build/system_stm32l4xx.o
                0x08002d74                SystemInit
 .text.Reset_Handler
                0x08002d88       0x50 build/startup_stm32l431xx.o
                0x08002d88                Reset_Handler
 .text.Default_Handler
                0x08002dd8        0x2 build/startup_stm32l431xx.o
                0x08002dd8                RTC_Alarm_IRQHandler
                0x08002dd8                EXTI2_IRQHandler
                0x08002dd8                TIM1_CC_IRQHandler
                0x08002dd8                TSC_IRQHandler
                0x08002dd8                TAMP_STAMP_IRQHandler
                0x08002dd8                EXTI3_IRQHandler
                0x08002dd8                LPTIM2_IRQHandler
                0x08002dd8                EXTI0_IRQHandler
                0x08002dd8                I2C2_EV_IRQHandler
                0x08002dd8                CAN1_RX0_IRQHandler
                0x08002dd8                FPU_IRQHandler
                0x08002dd8                TIM1_UP_TIM16_IRQHandler
                0x08002dd8                TIM6_DAC_IRQHandler
                0x08002dd8                DMA2_Channel2_IRQHandler
                0x08002dd8                DMA1_Channel4_IRQHandler
                0x08002dd8                USART3_IRQHandler
                0x08002dd8                DMA1_Channel7_IRQHandler
                0x08002dd8                CAN1_RX1_IRQHandler
                0x08002dd8                DMA2_Channel1_IRQHandler
                0x08002dd8                QUADSPI_IRQHandler
                0x08002dd8                I2C1_EV_IRQHandler
                0x08002dd8                DMA1_Channel6_IRQHandler
                0x08002dd8                DMA2_Channel4_IRQHandler
                0x08002dd8                RCC_IRQHandler
                0x08002dd8                TIM1_TRG_COM_IRQHandler
                0x08002dd8                DMA1_Channel1_IRQHandler
                0x08002dd8                Default_Handler
                0x08002dd8                DMA2_Channel7_IRQHandler
                0x08002dd8                EXTI15_10_IRQHandler
                0x08002dd8                TIM7_IRQHandler
                0x08002dd8                SDMMC1_IRQHandler
                0x08002dd8                EXTI9_5_IRQHandler
                0x08002dd8                RTC_WKUP_IRQHandler
                0x08002dd8                PVD_PVM_IRQHandler
                0x08002dd8                SPI2_IRQHandler
                0x08002dd8                CAN1_TX_IRQHandler
                0x08002dd8                DMA2_Channel5_IRQHandler
                0x08002dd8                CRS_IRQHandler
                0x08002dd8                DMA1_Channel5_IRQHandler
                0x08002dd8                EXTI4_IRQHandler
                0x08002dd8                RNG_IRQHandler
                0x08002dd8                DMA1_Channel3_IRQHandler
                0x08002dd8                COMP_IRQHandler
                0x08002dd8                WWDG_IRQHandler
                0x08002dd8                LPUART1_IRQHandler
                0x08002dd8                DMA2_Channel6_IRQHandler
                0x08002dd8                TIM2_IRQHandler
                0x08002dd8                EXTI1_IRQHandler
                0x08002dd8                USART2_IRQHandler
                0x08002dd8                I2C2_ER_IRQHandler
                0x08002dd8                DMA1_Channel2_IRQHandler
                0x08002dd8                CAN1_SCE_IRQHandler
                0x08002dd8                FLASH_IRQHandler
                0x08002dd8                USART1_IRQHandler
                0x08002dd8                SPI3_IRQHandler
                0x08002dd8                I2C1_ER_IRQHandler
                0x08002dd8                SWPMI1_IRQHandler
                0x08002dd8                LPTIM1_IRQHandler
                0x08002dd8                SAI1_IRQHandler
                0x08002dd8                DMA2_Channel3_IRQHandler
                0x08002dd8                TIM1_BRK_TIM15_IRQHandler
 *(.glue_7)
 .glue_7        0x08002dda        0x0 linker stubs
 *(.glue_7t)
 .glue_7t       0x08002dda        0x0 linker stubs
 *(.eh_frame)
 *fill*         0x08002dda        0x2 
 .eh_frame      0x08002ddc        0x0 /usr/lib/gcc/arm-none-eabi/13.2.1/thumb/v7e-m+fp/hard/crtbegin.o
 *(.init)
 .init          0x08002ddc        0x4 /usr/lib/gcc/arm-none-eabi/13.2.1/thumb/v7e-m+fp/hard/crti.o
                0x08002ddc                _init
 .init          0x08002de0        0x8 /usr/lib/gcc/arm-none-eabi/13.2.1/thumb/v7e-m+fp/hard/crtn.o
 *(.fini)
 .fini          0x08002de8        0x4 /usr/lib/gcc/arm-none-eabi/13.2.1/thumb/v7e-m+fp/hard/crti.o
                0x08002de8                _fini
 .fini          0x08002dec        0x8 /usr/lib/gcc/arm-none-eabi/13.2.1/thumb/v7e-m+fp/hard/crtn.o
                0x08002df8                        . = ALIGN (0x8)
 *fill*         0x08002df4        0x4 
                0x08002df8                        _etext = .

.vfp11_veneer   0x08002df8        0x0
 .vfp11_veneer  0x08002df8        0x0 linker stubs

.v4_bx          0x08002df8        0x0
 .v4_bx         0x08002df8        0x0 linker stubs

.iplt           0x08002df8        0x0
 .iplt          0x08002df8        0x0 /usr/lib/gcc/arm-none-eabi/13.2.1/thumb/v7e-m+fp/hard/crtbegin.o

.rodata         0x08002df8       0x40
                0x08002df8                        . = ALIGN (0x8)
 *(.rodata)
 *(.rodata*)
 .rodata.MSIRangeTable
                0x08002df8       0x30 build/system_stm32l4xx.o
                0x08002df8                MSIRangeTable
 .rodata.AHBPrescTable
                0x08002e28       0x10 build/system_stm32l4xx.o
                0x08002e28                AHBPrescTable
                0x08002e38                        . = ALIGN (0x8)

.rel.dyn        0x08002e38        0x0
 .rel.iplt      0x08002e38        0x0 /usr/lib/gcc/arm-none-eabi/13.2.1/thumb/v7e-m+fp/hard/crtbegin.o

.ARM.extab      0x08002e38        0x0
                0x08002e38                        . = ALIGN (0x8)
 *(.ARM.extab* .gnu.linkonce.armextab.*)
                0x08002e38                        . = ALIGN (0x8)

.ARM            0x08002e38        0x0
                0x08002e38                        . = ALIGN (0x8)
                0x08002e38                        __exidx_start = .
 *(.ARM.exidx*)
                0x08002e38                        __exidx_end = .
                0x08002e38                        . = ALIGN (0x8)

.preinit_array  0x08002e38        0x0
                0x08002e38                        . = ALIGN (0x8)
                0x08002e38                        PROVIDE (__preinit_array_start = .)
 *(.preinit_array*)
                0x08002e38                        PROVIDE (__preinit_array_end = .)
                0x08002e38                        . = ALIGN (0x8)

.init_array     0x08002e38        0x8
                0x08002e38                        . = ALIGN (0x8)
                0x08002e38                        PROVIDE (__init_array_start = .)
 *(SORT_BY_NAME(.init_array.*))
 *(.init_array*)
 .init_array    0x08002e38        0x4 /usr/lib/gcc/arm-none-eabi/13.2.1/thumb/v7e-m+fp/hard/crtbegin.o
                0x08002e3c                        PROVIDE (__init_array_end = .)
                0x08002e40                        . = ALIGN (0x8)
 *fill*         0x08002e3c        0x4 

.fini_array     0x08002e40        0x8
                0x08002e40                        . = ALIGN (0x8)
                0x08002e40                        PROVIDE (__fini_array_start = .)
 *(SORT_BY_NAME(.fini_array.*))
 *(.fini_array*)
 .fini_array    0x08002e40        0x4 /usr/lib/gcc/arm-none-eabi/13.2.1/thumb/v7e-m+fp/hard/crtbegin.o
                0x08002e44                        PROVIDE (__fini_array_end = .)
                0x08002e48                        . = ALIGN (0x8)
 *fill*         0x08002e44        0x4 
                0x08002e48                        _sidata = LOADADDR (.data)

.data           0x20000000       0x10 load address 0x08002e48
                0x20000000                        . = ALIGN (0x8)
                0x20000000                        _sdata = .
 *(.data)
 *(.data*)
 .data.uwTickFreq
                0x20000000        0x1 build/stm32l4xx_hal.o
                0x20000000                uwTickFreq
 *fill*         0x20000001        0x3 
 .data.uwTickPrio
                0x20000004        0x4 build/stm32l4xx_hal.o
                0x20000004                uwTickPrio
 .data.SystemCoreClock
                0x20000008        0x4 build/system_stm32l4xx.o
                0x20000008                SystemCoreClock
                0x20000010                        . = ALIGN (0x8)
 *fill*         0x2000000c        0x4 
                0x20000010                        _edata = .

.tm_clone_table
                0x20000010        0x0 load address 0x08002e58
 .tm_clone_table
                0x20000010        0x0 /usr/lib/gcc/arm-none-eabi/13.2.1/thumb/v7e-m+fp/hard/crtbegin.o
 .tm_clone_table
                0x20000010        0x0 /usr/lib/gcc/arm-none-eabi/13.2.1/thumb/v7e-m+fp/hard/crtend.o

.igot.plt       0x20000010        0x0 load address 0x08002e58
 .igot.plt      0x20000010        0x0 /usr/lib/gcc/arm-none-eabi/13.2.1/thumb/v7e-m+fp/hard/crtbegin.o
                0x20000010                        . = ALIGN (0x4)

.bss            0x20000010      0x13c load address 0x08002e58
                0x20000010                        _sbss = .
                0x20000010                        __bss_start__ = _sbss
 *(.bss)
 .bss           0x20000010       0x1c /usr/lib/gcc/arm-none-eabi/13.2.1/thumb/v7e-m+fp/hard/crtbegin.o
 *(.bss*)
 .bss.hadc1     0x2000002c       0x64 build/adc.o
                0x2000002c                hadc1
 .bss.hi2c3     0x20000090       0x54 build/i2c.o
                0x20000090                hi2c3
 .bss.hspi1     0x200000e4       0x64 build/spi.o
                0x200000e4                hspi1
 .bss.uwTick    0x20000148        0x4 build/stm32l4xx_hal.o
                0x20000148                uwTick
 *(COMMON)
                0x2000014c                        . = ALIGN (0x4)
                0x2000014c                        _ebss = .
                0x2000014c                        __bss_end__ = _ebss

._user_heap_stack
                0x2000014c      0x604 load address 0x08002e58
                0x20000150                        . = ALIGN (0x8)
 *fill*         0x2000014c        0x4 
                [!provide]                        PROVIDE (end = .)
                0x20000150                        PROVIDE (_end = .)
                0x20000350                        . = (. + _Min_Heap_Size)
 *fill*         0x20000150      0x200 
                0x20000750                        . = (. + _Min_Stack_Size)
 *fill*         0x20000350      0x400 
                0x20000750                        . = ALIGN (0x8)

/DISCARD/
 libc.a(*)
 libm.a(*)
 libgcc.a(*)
OUTPUT(build/tatookit.elf elf32-littlearm)
LOAD linker stubs
LOAD /usr/lib/gcc/arm-none-eabi/13.2.1/../../../arm-none-eabi/lib/thumb/v7e-m+fp/hard/libc.a
LOAD /usr/lib/gcc/arm-none-eabi/13.2.1/../../../arm-none-eabi/lib/thumb/v7e-m+fp/hard/libm.a
LOAD /usr/lib/gcc/arm-none-eabi/13.2.1/thumb/v7e-m+fp/hard/libgcc.a

.ARM.attributes
                0x00000000       0x30
 .ARM.attributes
                0x00000000       0x22 /usr/lib/gcc/arm-none-eabi/13.2.1/thumb/v7e-m+fp/hard/crti.o
 .ARM.attributes
                0x00000022       0x34 /usr/lib/gcc/arm-none-eabi/13.2.1/thumb/v7e-m+fp/hard/crtbegin.o
 .ARM.attributes
                0x00000056       0x34 build/main.o
 .ARM.attributes
                0x0000008a       0x34 build/gpio.o
 .ARM.attributes
                0x000000be       0x34 build/adc.o
 .ARM.attributes
                0x000000f2       0x34 build/i2c.o
 .ARM.attributes
                0x00000126       0x34 build/spi.o
 .ARM.attributes
                0x0000015a       0x34 build/stm32l4xx_it.o
 .ARM.attributes
                0x0000018e       0x34 build/stm32l4xx_hal_msp.o
 .ARM.attributes
                0x000001c2       0x34 build/stm32l4xx_hal_adc.o
 .ARM.attributes
                0x000001f6       0x34 build/stm32l4xx_hal_adc_ex.o
 .ARM.attributes
                0x0000022a       0x34 build/stm32l4xx_hal.o
 .ARM.attributes
                0x0000025e       0x34 build/stm32l4xx_hal_rcc.o
 .ARM.attributes
                0x00000292       0x34 build/stm32l4xx_hal_rcc_ex.o
 .ARM.attributes
                0x000002c6       0x34 build/stm32l4xx_hal_gpio.o
 .ARM.attributes
                0x000002fa       0x34 build/stm32l4xx_hal_i2c.o
 .ARM.attributes
                0x0000032e       0x34 build/stm32l4xx_hal_i2c_ex.o
 .ARM.attributes
                0x00000362       0x34 build/stm32l4xx_hal_dma.o
 .ARM.attributes
                0x00000396       0x34 build/stm32l4xx_hal_pwr_ex.o
 .ARM.attributes
                0x000003ca       0x34 build/stm32l4xx_hal_cortex.o
 .ARM.attributes
                0x000003fe       0x34 build/stm32l4xx_hal_spi.o
 .ARM.attributes
                0x00000432       0x34 build/system_stm32l4xx.o
 .ARM.attributes
                0x00000466       0x21 build/startup_stm32l431xx.o
 .ARM.attributes
                0x00000487       0x34 /usr/lib/gcc/arm-none-eabi/13.2.1/../../../arm-none-eabi/lib/thumb/v7e-m+fp/hard/libc_nano.a(libc_a-init.o)
 .ARM.attributes
                0x000004bb       0x34 /usr/lib/gcc/arm-none-eabi/13.2.1/../../../arm-none-eabi/lib/thumb/v7e-m+fp/hard/libc_nano.a(libc_a-memset.o)
 .ARM.attributes
                0x000004ef       0x34 /usr/lib/gcc/arm-none-eabi/13.2.1/thumb/v7e-m+fp/hard/crtend.o
 .ARM.attributes
                0x00000523       0x22 /usr/lib/gcc/arm-none-eabi/13.2.1/thumb/v7e-m+fp/hard/crtn.o

.comment        0x00000000       0x26
 .comment       0x00000000       0x26 /usr/lib/gcc/arm-none-eabi/13.2.1/thumb/v7e-m+fp/hard/crtbegin.o
                                 0x27 (size before relaxing)
 .comment       0x00000026       0x27 build/main.o
 .comment       0x00000026       0x27 build/gpio.o
 .comment       0x00000026       0x27 build/adc.o
 .comment       0x00000026       0x27 build/i2c.o
 .comment       0x00000026       0x27 build/spi.o
 .comment       0x00000026       0x27 build/stm32l4xx_it.o
 .comment       0x00000026       0x27 build/stm32l4xx_hal_msp.o
 .comment       0x00000026       0x27 build/stm32l4xx_hal_adc.o
 .comment       0x00000026       0x27 build/stm32l4xx_hal_adc_ex.o
 .comment       0x00000026       0x27 build/stm32l4xx_hal.o
 .comment       0x00000026       0x27 build/stm32l4xx_hal_rcc.o
 .comment       0x00000026       0x27 build/stm32l4xx_hal_rcc_ex.o
 .comment       0x00000026       0x27 build/stm32l4xx_hal_gpio.o
 .comment       0x00000026       0x27 build/stm32l4xx_hal_i2c.o
 .comment       0x00000026       0x27 build/stm32l4xx_hal_i2c_ex.o
 .comment       0x00000026       0x27 build/stm32l4xx_hal_dma.o
 .comment       0x00000026       0x27 build/stm32l4xx_hal_pwr_ex.o
 .comment       0x00000026       0x27 build/stm32l4xx_hal_cortex.o
 .comment       0x00000026       0x27 build/stm32l4xx_hal_spi.o
 .comment       0x00000026       0x27 build/system_stm32l4xx.o
 .comment       0x00000026       0x27 /usr/lib/gcc/arm-none-eabi/13.2.1/../../../arm-none-eabi/lib/thumb/v7e-m+fp/hard/libc_nano.a(libc_a-init.o)
 .comment       0x00000026       0x27 /usr/lib/gcc/arm-none-eabi/13.2.1/../../../arm-none-eabi/lib/thumb/v7e-m+fp/hard/libc_nano.a(libc_a-memset.o)
 .comment       0x00000026       0x27 /usr/lib/gcc/arm-none-eabi/13.2.1/thumb/v7e-m+fp/hard/crtend.o

.debug_info     0x00000000    0x182d9
 .debug_info    0x00000000      0x443 build/main.o
 .debug_info    0x00000443      0x5e2 build/gpio.o
 .debug_info    0x00000a25     0x12dc build/adc.o
 .debug_info    0x00001d01     0x1183 build/i2c.o
 .debug_info    0x00002e84      0xde7 build/spi.o
 .debug_info    0x00003c6b     0x1009 build/stm32l4xx_it.o
 .debug_info    0x00004c74      0x364 build/stm32l4xx_hal_msp.o
 .debug_info    0x00004fd8     0x3269 build/stm32l4xx_hal_adc.o
 .debug_info    0x00008241     0x251c build/stm32l4xx_hal_adc_ex.o
 .debug_info    0x0000a75d      0xcaa build/stm32l4xx_hal.o
 .debug_info    0x0000b407     0x104e build/stm32l4xx_hal_rcc.o
 .debug_info    0x0000c455     0x13d4 build/stm32l4xx_hal_rcc_ex.o
 .debug_info    0x0000d829      0x904 build/stm32l4xx_hal_gpio.o
 .debug_info    0x0000e12d     0x45da build/stm32l4xx_hal_i2c.o
 .debug_info    0x00012707      0xb4b build/stm32l4xx_hal_i2c_ex.o
 .debug_info    0x00013252      0x8f3 build/stm32l4xx_hal_dma.o
 .debug_info    0x00013b45      0xa8b build/stm32l4xx_hal_pwr_ex.o
 .debug_info    0x000145d0     0x110a build/stm32l4xx_hal_cortex.o
 .debug_info    0x000156da     0x2325 build/stm32l4xx_hal_spi.o
 .debug_info    0x000179ff      0x66a build/system_stm32l4xx.o
 .debug_info    0x00018069       0x30 build/startup_stm32l431xx.o
 .debug_info    0x00018099      0x10b /usr/lib/gcc/arm-none-eabi/13.2.1/../../../arm-none-eabi/lib/thumb/v7e-m+fp/hard/libc_nano.a(libc_a-init.o)
 .debug_info    0x000181a4      0x135 /usr/lib/gcc/arm-none-eabi/13.2.1/../../../arm-none-eabi/lib/thumb/v7e-m+fp/hard/libc_nano.a(libc_a-memset.o)

.debug_abbrev   0x00000000     0x2f30
 .debug_abbrev  0x00000000      0x19b build/main.o
 .debug_abbrev  0x0000019b      0x160 build/gpio.o
 .debug_abbrev  0x000002fb      0x210 build/adc.o
 .debug_abbrev  0x0000050b      0x22b build/i2c.o
 .debug_abbrev  0x00000736      0x211 build/spi.o
 .debug_abbrev  0x00000947      0x199 build/stm32l4xx_it.o
 .debug_abbrev  0x00000ae0       0xc1 build/stm32l4xx_hal_msp.o
 .debug_abbrev  0x00000ba1      0x34a build/stm32l4xx_hal_adc.o
 .debug_abbrev  0x00000eeb      0x3b5 build/stm32l4xx_hal_adc_ex.o
 .debug_abbrev  0x000012a0      0x284 build/stm32l4xx_hal.o
 .debug_abbrev  0x00001524      0x2de build/stm32l4xx_hal_rcc.o
 .debug_abbrev  0x00001802      0x2c2 build/stm32l4xx_hal_rcc_ex.o
 .debug_abbrev  0x00001ac4      0x222 build/stm32l4xx_hal_gpio.o
 .debug_abbrev  0x00001ce6      0x2e4 build/stm32l4xx_hal_i2c.o
 .debug_abbrev  0x00001fca      0x1b5 build/stm32l4xx_hal_i2c_ex.o
 .debug_abbrev  0x0000217f      0x23a build/stm32l4xx_hal_dma.o
 .debug_abbrev  0x000023b9      0x233 build/stm32l4xx_hal_pwr_ex.o
 .debug_abbrev  0x000025ec      0x3d3 build/stm32l4xx_hal_cortex.o
 .debug_abbrev  0x000029bf      0x2b9 build/stm32l4xx_hal_spi.o
 .debug_abbrev  0x00002c78      0x11b build/system_stm32l4xx.o
 .debug_abbrev  0x00002d93       0x1d build/startup_stm32l431xx.o
 .debug_abbrev  0x00002db0       0xc9 /usr/lib/gcc/arm-none-eabi/13.2.1/../../../arm-none-eabi/lib/thumb/v7e-m+fp/hard/libc_nano.a(libc_a-init.o)
 .debug_abbrev  0x00002e79       0xb7 /usr/lib/gcc/arm-none-eabi/13.2.1/../../../arm-none-eabi/lib/thumb/v7e-m+fp/hard/libc_nano.a(libc_a-memset.o)

.debug_loc      0x00000000    0x123ce
 .debug_loc     0x00000000       0x66 build/main.o
 .debug_loc     0x00000066       0x38 build/gpio.o
 .debug_loc     0x0000009e      0x160 build/adc.o
 .debug_loc     0x000001fe      0x13c build/i2c.o
 .debug_loc     0x0000033a      0x120 build/spi.o
 .debug_loc     0x0000045a       0xa0 build/stm32l4xx_it.o
 .debug_loc     0x000004fa       0x2c build/stm32l4xx_hal_msp.o
 .debug_loc     0x00000526     0x28c2 build/stm32l4xx_hal_adc.o
 .debug_loc     0x00002de8     0x1dca build/stm32l4xx_hal_adc_ex.o
 .debug_loc     0x00004bb2      0x2cd build/stm32l4xx_hal.o
 .debug_loc     0x00004e7f      0xa09 build/stm32l4xx_hal_rcc.o
 .debug_loc     0x00005888     0x1a0c build/stm32l4xx_hal_rcc_ex.o
 .debug_loc     0x00007294      0x499 build/stm32l4xx_hal_gpio.o
 .debug_loc     0x0000772d     0x605d build/stm32l4xx_hal_i2c.o
 .debug_loc     0x0000d78a      0x243 build/stm32l4xx_hal_i2c_ex.o
 .debug_loc     0x0000d9cd      0xa07 build/stm32l4xx_hal_dma.o
 .debug_loc     0x0000e3d4      0x89b build/stm32l4xx_hal_pwr_ex.o
 .debug_loc     0x0000ec6f      0x8ff build/stm32l4xx_hal_cortex.o
 .debug_loc     0x0000f56e     0x2d39 build/stm32l4xx_hal_spi.o
 .debug_loc     0x000122a7      0x127 build/system_stm32l4xx.o

.debug_aranges  0x00000000      0xe20
 .debug_aranges
                0x00000000       0x30 build/main.o
 .debug_aranges
                0x00000030       0x20 build/gpio.o
 .debug_aranges
                0x00000050       0x30 build/adc.o
 .debug_aranges
                0x00000080       0x30 build/i2c.o
 .debug_aranges
                0x000000b0       0x30 build/spi.o
 .debug_aranges
                0x000000e0       0x80 build/stm32l4xx_it.o
 .debug_aranges
                0x00000160       0x20 build/stm32l4xx_hal_msp.o
 .debug_aranges
                0x00000180      0x110 build/stm32l4xx_hal_adc.o
 .debug_aranges
                0x00000290       0xd8 build/stm32l4xx_hal_adc_ex.o
 .debug_aranges
                0x00000368      0x130 build/stm32l4xx_hal.o
 .debug_aranges
                0x00000498       0x90 build/stm32l4xx_hal_rcc.o
 .debug_aranges
                0x00000528       0xf0 build/stm32l4xx_hal_rcc_ex.o
 .debug_aranges
                0x00000618       0x58 build/stm32l4xx_hal_gpio.o
 .debug_aranges
                0x00000670      0x2a0 build/stm32l4xx_hal_i2c.o
 .debug_aranges
                0x00000910       0x48 build/stm32l4xx_hal_i2c_ex.o
 .debug_aranges
                0x00000958       0x80 build/stm32l4xx_hal_dma.o
 .debug_aranges
                0x000009d8      0x100 build/stm32l4xx_hal_pwr_ex.o
 .debug_aranges
                0x00000ad8       0xe0 build/stm32l4xx_hal_cortex.o
 .debug_aranges
                0x00000bb8      0x1d8 build/stm32l4xx_hal_spi.o
 .debug_aranges
                0x00000d90       0x28 build/system_stm32l4xx.o
 .debug_aranges
                0x00000db8       0x28 build/startup_stm32l431xx.o
 .debug_aranges
                0x00000de0       0x20 /usr/lib/gcc/arm-none-eabi/13.2.1/../../../arm-none-eabi/lib/thumb/v7e-m+fp/hard/libc_nano.a(libc_a-init.o)
 .debug_aranges
                0x00000e00       0x20 /usr/lib/gcc/arm-none-eabi/13.2.1/../../../arm-none-eabi/lib/thumb/v7e-m+fp/hard/libc_nano.a(libc_a-memset.o)

.debug_ranges   0x00000000     0x1040
 .debug_ranges  0x00000000       0x20 build/main.o
 .debug_ranges  0x00000020       0x10 build/gpio.o
 .debug_ranges  0x00000030       0x20 build/adc.o
 .debug_ranges  0x00000050       0x20 build/i2c.o
 .debug_ranges  0x00000070       0x20 build/spi.o
 .debug_ranges  0x00000090       0x70 build/stm32l4xx_it.o
 .debug_ranges  0x00000100       0x10 build/stm32l4xx_hal_msp.o
 .debug_ranges  0x00000110      0x3a0 build/stm32l4xx_hal_adc.o
 .debug_ranges  0x000004b0      0x1a0 build/stm32l4xx_hal_adc_ex.o
 .debug_ranges  0x00000650      0x120 build/stm32l4xx_hal.o
 .debug_ranges  0x00000770       0x98 build/stm32l4xx_hal_rcc.o
 .debug_ranges  0x00000808       0xf8 build/stm32l4xx_hal_rcc_ex.o
 .debug_ranges  0x00000900       0x48 build/stm32l4xx_hal_gpio.o
 .debug_ranges  0x00000948      0x290 build/stm32l4xx_hal_i2c.o
 .debug_ranges  0x00000bd8       0x38 build/stm32l4xx_hal_i2c_ex.o
 .debug_ranges  0x00000c10       0x70 build/stm32l4xx_hal_dma.o
 .debug_ranges  0x00000c80       0xf0 build/stm32l4xx_hal_pwr_ex.o
 .debug_ranges  0x00000d70       0xd0 build/stm32l4xx_hal_cortex.o
 .debug_ranges  0x00000e40      0x1c8 build/stm32l4xx_hal_spi.o
 .debug_ranges  0x00001008       0x18 build/system_stm32l4xx.o
 .debug_ranges  0x00001020       0x20 build/startup_stm32l431xx.o

.debug_line     0x00000000    0x10b86
 .debug_line    0x00000000      0x269 build/main.o
 .debug_line    0x00000269      0x19c build/gpio.o
 .debug_line    0x00000405      0x38f build/adc.o
 .debug_line    0x00000794      0x328 build/i2c.o
 .debug_line    0x00000abc      0x28d build/spi.o
 .debug_line    0x00000d49      0x294 build/stm32l4xx_it.o
 .debug_line    0x00000fdd       0xd2 build/stm32l4xx_hal_msp.o
 .debug_line    0x000010af     0x2005 build/stm32l4xx_hal_adc.o
 .debug_line    0x000030b4     0x153d build/stm32l4xx_hal_adc_ex.o
 .debug_line    0x000045f1      0x61b build/stm32l4xx_hal.o
 .debug_line    0x00004c0c      0xfa8 build/stm32l4xx_hal_rcc.o
 .debug_line    0x00005bb4     0x12dd build/stm32l4xx_hal_rcc_ex.o
 .debug_line    0x00006e91      0x611 build/stm32l4xx_hal_gpio.o
 .debug_line    0x000074a2     0x4cb5 build/stm32l4xx_hal_i2c.o
 .debug_line    0x0000c157      0x348 build/stm32l4xx_hal_i2c_ex.o
 .debug_line    0x0000c49f      0x997 build/stm32l4xx_hal_dma.o
 .debug_line    0x0000ce36      0x7d4 build/stm32l4xx_hal_pwr_ex.o
 .debug_line    0x0000d60a      0x75f build/stm32l4xx_hal_cortex.o
 .debug_line    0x0000dd69     0x28ca build/stm32l4xx_hal_spi.o
 .debug_line    0x00010633      0x20c build/system_stm32l4xx.o
 .debug_line    0x0001083f       0x73 build/startup_stm32l431xx.o
 .debug_line    0x000108b2      0x11e /usr/lib/gcc/arm-none-eabi/13.2.1/../../../arm-none-eabi/lib/thumb/v7e-m+fp/hard/libc_nano.a(libc_a-init.o)
 .debug_line    0x000109d0      0x1b6 /usr/lib/gcc/arm-none-eabi/13.2.1/../../../arm-none-eabi/lib/thumb/v7e-m+fp/hard/libc_nano.a(libc_a-memset.o)

.debug_str      0x00000000     0x4c5d
 .debug_str     0x00000000     0x4c5d build/main.o
                                0x3c6 (size before relaxing)
 .debug_str     0x00004c5d      0x396 build/gpio.o
 .debug_str     0x00004c5d      0xeec build/adc.o
 .debug_str     0x00004c5d      0xf03 build/i2c.o
 .debug_str     0x00004c5d      0xbfd build/spi.o
 .debug_str     0x00004c5d      0xc32 build/stm32l4xx_it.o
 .debug_str     0x00004c5d      0x2e2 build/stm32l4xx_hal_msp.o
 .debug_str     0x00004c5d     0x1081 build/stm32l4xx_hal_adc.o
 .debug_str     0x00004c5d      0xf0d build/stm32l4xx_hal_adc_ex.o
 .debug_str     0x00004c5d      0xbef build/stm32l4xx_hal.o
 .debug_str     0x00004c5d      0x81b build/stm32l4xx_hal_rcc.o
 .debug_str     0x00004c5d      0xb56 build/stm32l4xx_hal_rcc_ex.o
 .debug_str     0x00004c5d      0x50a build/stm32l4xx_hal_gpio.o
 .debug_str     0x00004c5d      0xfa9 build/stm32l4xx_hal_i2c.o
 .debug_str     0x00004c5d      0x8d5 build/stm32l4xx_hal_i2c_ex.o
 .debug_str     0x00004c5d      0x61a build/stm32l4xx_hal_dma.o
 .debug_str     0x00004c5d      0x6fb build/stm32l4xx_hal_pwr_ex.o
 .debug_str     0x00004c5d      0xb00 build/stm32l4xx_hal_cortex.o
 .debug_str     0x00004c5d      0xba3 build/stm32l4xx_hal_spi.o
 .debug_str     0x00004c5d      0x3a9 build/system_stm32l4xx.o
 .debug_str     0x00004c5d       0x62 build/startup_stm32l431xx.o
 .debug_str     0x00004c5d      0x1fa /usr/lib/gcc/arm-none-eabi/13.2.1/../../../arm-none-eabi/lib/thumb/v7e-m+fp/hard/libc_nano.a(libc_a-init.o)
 .debug_str     0x00004c5d      0x1ad /usr/lib/gcc/arm-none-eabi/13.2.1/../../../arm-none-eabi/lib/thumb/v7e-m+fp/hard/libc_nano.a(libc_a-memset.o)

.debug_frame    0x00000000     0x2558
 .debug_frame   0x00000000       0x58 build/main.o
 .debug_frame   0x00000058       0x34 build/gpio.o
 .debug_frame   0x0000008c       0x6c build/adc.o
 .debug_frame   0x000000f8       0x6c build/i2c.o
 .debug_frame   0x00000164       0x60 build/spi.o
 .debug_frame   0x000001c4      0x108 build/stm32l4xx_it.o
 .debug_frame   0x000002cc       0x28 build/stm32l4xx_hal_msp.o
 .debug_frame   0x000002f4      0x328 build/stm32l4xx_hal_adc.o
 .debug_frame   0x0000061c      0x250 build/stm32l4xx_hal_adc_ex.o
 .debug_frame   0x0000086c      0x274 build/stm32l4xx_hal.o
 .debug_frame   0x00000ae0      0x19c build/stm32l4xx_hal_rcc.o
 .debug_frame   0x00000c7c      0x25c build/stm32l4xx_hal_rcc_ex.o
 .debug_frame   0x00000ed8       0xd0 build/stm32l4xx_hal_gpio.o
 .debug_frame   0x00000fa8      0x984 build/stm32l4xx_hal_i2c.o
 .debug_frame   0x0000192c       0x80 build/stm32l4xx_hal_i2c_ex.o
 .debug_frame   0x000019ac      0x150 build/stm32l4xx_hal_dma.o
 .debug_frame   0x00001afc      0x1f8 build/stm32l4xx_hal_pwr_ex.o
 .debug_frame   0x00001cf4      0x1e4 build/stm32l4xx_hal_cortex.o
 .debug_frame   0x00001ed8      0x5f8 build/stm32l4xx_hal_spi.o
 .debug_frame   0x000024d0       0x30 build/system_stm32l4xx.o
 .debug_frame   0x00002500       0x2c /usr/lib/gcc/arm-none-eabi/13.2.1/../../../arm-none-eabi/lib/thumb/v7e-m+fp/hard/libc_nano.a(libc_a-init.o)
 .debug_frame   0x0000252c       0x2c /usr/lib/gcc/arm-none-eabi/13.2.1/../../../arm-none-eabi/lib/thumb/v7e-m+fp/hard/libc_nano.a(libc_a-memset.o)

.debug_loclists
                0x00000000      0x227
 .debug_loclists
                0x00000000       0x65 /usr/lib/gcc/arm-none-eabi/13.2.1/../../../arm-none-eabi/lib/thumb/v7e-m+fp/hard/libc_nano.a(libc_a-init.o)
 .debug_loclists
                0x00000065      0x1c2 /usr/lib/gcc/arm-none-eabi/13.2.1/../../../arm-none-eabi/lib/thumb/v7e-m+fp/hard/libc_nano.a(libc_a-memset.o)

Cross Reference Table

Symbol                                            File
ADC1_IRQHandler                                   build/stm32l4xx_it.o
ADC_ConversionStop                                build/stm32l4xx_hal_adc.o
                                                  build/stm32l4xx_hal_adc_ex.o
ADC_DMAConvCplt                                   build/stm32l4xx_hal_adc.o
ADC_DMAError                                      build/stm32l4xx_hal_adc.o
ADC_DMAHalfConvCplt                               build/stm32l4xx_hal_adc.o
ADC_Disable                                       build/stm32l4xx_hal_adc.o
                                                  build/stm32l4xx_hal_adc_ex.o
ADC_Enable                                        build/stm32l4xx_hal_adc.o
                                                  build/stm32l4xx_hal_adc_ex.o
AHBPrescTable                                     build/system_stm32l4xx.o
                                                  build/stm32l4xx_hal_rcc.o
APBPrescTable                                     build/system_stm32l4xx.o
                                                  build/stm32l4xx_hal_rcc.o
BusFault_Handler                                  build/stm32l4xx_it.o
CAN1_RX0_IRQHandler                               build/startup_stm32l431xx.o
CAN1_RX1_IRQHandler                               build/startup_stm32l431xx.o
CAN1_SCE_IRQHandler                               build/startup_stm32l431xx.o
CAN1_TX_IRQHandler                                build/startup_stm32l431xx.o
COMP_IRQHandler                                   build/startup_stm32l431xx.o
CRS_IRQHandler                                    build/startup_stm32l431xx.o
DMA1_Channel1_IRQHandler                          build/startup_stm32l431xx.o
DMA1_Channel2_IRQHandler                          build/startup_stm32l431xx.o
DMA1_Channel3_IRQHandler                          build/startup_stm32l431xx.o
DMA1_Channel4_IRQHandler                          build/startup_stm32l431xx.o
DMA1_Channel5_IRQHandler                          build/startup_stm32l431xx.o
DMA1_Channel6_IRQHandler                          build/startup_stm32l431xx.o
DMA1_Channel7_IRQHandler                          build/startup_stm32l431xx.o
DMA2_Channel1_IRQHandler                          build/startup_stm32l431xx.o
DMA2_Channel2_IRQHandler                          build/startup_stm32l431xx.o
DMA2_Channel3_IRQHandler                          build/startup_stm32l431xx.o
DMA2_Channel4_IRQHandler                          build/startup_stm32l431xx.o
DMA2_Channel5_IRQHandler                          build/startup_stm32l431xx.o
DMA2_Channel6_IRQHandler                          build/startup_stm32l431xx.o
DMA2_Channel7_IRQHandler                          build/startup_stm32l431xx.o
DebugMon_Handler                                  build/stm32l4xx_it.o
Default_Handler                                   build/startup_stm32l431xx.o
EXTI0_IRQHandler                                  build/startup_stm32l431xx.o
EXTI15_10_IRQHandler                              build/startup_stm32l431xx.o
EXTI1_IRQHandler                                  build/startup_stm32l431xx.o
EXTI2_IRQHandler                                  build/startup_stm32l431xx.o
EXTI3_IRQHandler                                  build/startup_stm32l431xx.o
EXTI4_IRQHandler                                  build/startup_stm32l431xx.o
EXTI9_5_IRQHandler                                build/startup_stm32l431xx.o
Error_Handler                                     build/main.o
                                                  build/spi.o
                                                  build/i2c.o
                                                  build/adc.o
FLASH_FlushCaches                                 build/stm32l4xx_hal_flash_ex.o
                                                  build/stm32l4xx_hal_flash.o
FLASH_IRQHandler                                  build/startup_stm32l431xx.o
FLASH_PageErase                                   build/stm32l4xx_hal_flash_ex.o
                                                  build/stm32l4xx_hal_flash.o
FLASH_WaitForLastOperation                        build/stm32l4xx_hal_flash.o
                                                  build/stm32l4xx_hal_flash_ex.o
FPU_IRQHandler                                    build/startup_stm32l431xx.o
HAL_ADCEx_Calibration_GetValue                    build/stm32l4xx_hal_adc_ex.o
HAL_ADCEx_Calibration_SetValue                    build/stm32l4xx_hal_adc_ex.o
HAL_ADCEx_Calibration_Start                       build/stm32l4xx_hal_adc_ex.o
HAL_ADCEx_DisableInjectedQueue                    build/stm32l4xx_hal_adc_ex.o
HAL_ADCEx_DisableVoltageRegulator                 build/stm32l4xx_hal_adc_ex.o
HAL_ADCEx_EnableInjectedQueue                     build/stm32l4xx_hal_adc_ex.o
HAL_ADCEx_EndOfSamplingCallback                   build/stm32l4xx_hal_adc_ex.o
                                                  build/stm32l4xx_hal_adc.o
HAL_ADCEx_EnterADCDeepPowerDownMode               build/stm32l4xx_hal_adc_ex.o
HAL_ADCEx_InjectedConfigChannel                   build/stm32l4xx_hal_adc_ex.o
HAL_ADCEx_InjectedConvCpltCallback                build/stm32l4xx_hal_adc_ex.o
                                                  build/stm32l4xx_hal_adc.o
HAL_ADCEx_InjectedGetValue                        build/stm32l4xx_hal_adc_ex.o
HAL_ADCEx_InjectedPollForConversion               build/stm32l4xx_hal_adc_ex.o
HAL_ADCEx_InjectedQueueOverflowCallback           build/stm32l4xx_hal_adc_ex.o
                                                  build/stm32l4xx_hal_adc.o
HAL_ADCEx_InjectedStart                           build/stm32l4xx_hal_adc_ex.o
HAL_ADCEx_InjectedStart_IT                        build/stm32l4xx_hal_adc_ex.o
HAL_ADCEx_InjectedStop                            build/stm32l4xx_hal_adc_ex.o
HAL_ADCEx_InjectedStop_IT                         build/stm32l4xx_hal_adc_ex.o
HAL_ADCEx_LevelOutOfWindow2Callback               build/stm32l4xx_hal_adc_ex.o
                                                  build/stm32l4xx_hal_adc.o
HAL_ADCEx_LevelOutOfWindow3Callback               build/stm32l4xx_hal_adc_ex.o
                                                  build/stm32l4xx_hal_adc.o
HAL_ADCEx_RegularStop                             build/stm32l4xx_hal_adc_ex.o
HAL_ADCEx_RegularStop_DMA                         build/stm32l4xx_hal_adc_ex.o
HAL_ADCEx_RegularStop_IT                          build/stm32l4xx_hal_adc_ex.o
HAL_ADC_AnalogWDGConfig                           build/stm32l4xx_hal_adc.o
HAL_ADC_ConfigChannel                             build/stm32l4xx_hal_adc.o
                                                  build/adc.o
HAL_ADC_ConvCpltCallback                          build/stm32l4xx_hal_adc.o
HAL_ADC_ConvHalfCpltCallback                      build/stm32l4xx_hal_adc.o
HAL_ADC_DeInit                                    build/stm32l4xx_hal_adc.o
HAL_ADC_ErrorCallback                             build/stm32l4xx_hal_adc.o
HAL_ADC_GetError                                  build/stm32l4xx_hal_adc.o
HAL_ADC_GetState                                  build/stm32l4xx_hal_adc.o
HAL_ADC_GetValue                                  build/stm32l4xx_hal_adc.o
HAL_ADC_IRQHandler                                build/stm32l4xx_hal_adc.o
                                                  build/stm32l4xx_it.o
HAL_ADC_Init                                      build/stm32l4xx_hal_adc.o
                                                  build/adc.o
HAL_ADC_LevelOutOfWindowCallback                  build/stm32l4xx_hal_adc.o
HAL_ADC_MspDeInit                                 build/adc.o
HAL_ADC_MspInit                                   build/adc.o
HAL_ADC_PollForConversion                         build/stm32l4xx_hal_adc.o
HAL_ADC_PollForEvent                              build/stm32l4xx_hal_adc.o
HAL_ADC_Start                                     build/stm32l4xx_hal_adc.o
HAL_ADC_Start_DMA                                 build/stm32l4xx_hal_adc.o
HAL_ADC_Start_IT                                  build/stm32l4xx_hal_adc.o
HAL_ADC_Stop                                      build/stm32l4xx_hal_adc.o
HAL_ADC_Stop_DMA                                  build/stm32l4xx_hal_adc.o
HAL_ADC_Stop_IT                                   build/stm32l4xx_hal_adc.o
HAL_DBGMCU_DisableDBGSleepMode                    build/stm32l4xx_hal.o
HAL_DBGMCU_DisableDBGStandbyMode                  build/stm32l4xx_hal.o
HAL_DBGMCU_DisableDBGStopMode                     build/stm32l4xx_hal.o
HAL_DBGMCU_EnableDBGSleepMode                     build/stm32l4xx_hal.o
HAL_DBGMCU_EnableDBGStandbyMode                   build/stm32l4xx_hal.o
HAL_DBGMCU_EnableDBGStopMode                      build/stm32l4xx_hal.o
HAL_DMA_Abort                                     build/stm32l4xx_hal_dma.o
                                                  build/stm32l4xx_hal_spi.o
                                                  build/stm32l4xx_hal_adc_ex.o
                                                  build/stm32l4xx_hal_adc.o
HAL_DMA_Abort_IT                                  build/stm32l4xx_hal_dma.o
                                                  build/stm32l4xx_hal_spi.o
                                                  build/stm32l4xx_hal_i2c.o
HAL_DMA_DeInit                                    build/stm32l4xx_hal_dma.o
HAL_DMA_GetError                                  build/stm32l4xx_hal_dma.o
HAL_DMA_GetState                                  build/stm32l4xx_hal_dma.o
                                                  build/stm32l4xx_hal_i2c.o
HAL_DMA_IRQHandler                                build/stm32l4xx_hal_dma.o
HAL_DMA_Init                                      build/stm32l4xx_hal_dma.o
HAL_DMA_PollForTransfer                           build/stm32l4xx_hal_dma.o
HAL_DMA_RegisterCallback                          build/stm32l4xx_hal_dma.o
HAL_DMA_Start                                     build/stm32l4xx_hal_dma.o
HAL_DMA_Start_IT                                  build/stm32l4xx_hal_dma.o
                                                  build/stm32l4xx_hal_spi.o
                                                  build/stm32l4xx_hal_i2c.o
                                                  build/stm32l4xx_hal_adc.o
HAL_DMA_UnRegisterCallback                        build/stm32l4xx_hal_dma.o
HAL_DeInit                                        build/stm32l4xx_hal.o
HAL_Delay                                         build/stm32l4xx_hal.o
HAL_EXTI_ClearConfigLine                          build/stm32l4xx_hal_exti.o
HAL_EXTI_ClearPending                             build/stm32l4xx_hal_exti.o
HAL_EXTI_GenerateSWI                              build/stm32l4xx_hal_exti.o
HAL_EXTI_GetConfigLine                            build/stm32l4xx_hal_exti.o
HAL_EXTI_GetHandle                                build/stm32l4xx_hal_exti.o
HAL_EXTI_GetPending                               build/stm32l4xx_hal_exti.o
HAL_EXTI_IRQHandler                               build/stm32l4xx_hal_exti.o
HAL_EXTI_RegisterCallback                         build/stm32l4xx_hal_exti.o
HAL_EXTI_SetConfigLine                            build/stm32l4xx_hal_exti.o
HAL_FLASHEx_DisableRunPowerDown                   build/stm32l4xx_hal_flash_ramfunc.o
HAL_FLASHEx_EnableRunPowerDown                    build/stm32l4xx_hal_flash_ramfunc.o
HAL_FLASHEx_Erase                                 build/stm32l4xx_hal_flash_ex.o
HAL_FLASHEx_Erase_IT                              build/stm32l4xx_hal_flash_ex.o
HAL_FLASHEx_OBGetConfig                           build/stm32l4xx_hal_flash_ex.o
HAL_FLASHEx_OBProgram                             build/stm32l4xx_hal_flash_ex.o
HAL_FLASH_EndOfOperationCallback                  build/stm32l4xx_hal_flash.o
HAL_FLASH_GetError                                build/stm32l4xx_hal_flash.o
HAL_FLASH_IRQHandler                              build/stm32l4xx_hal_flash.o
HAL_FLASH_Lock                                    build/stm32l4xx_hal_flash.o
HAL_FLASH_OB_Launch                               build/stm32l4xx_hal_flash.o
HAL_FLASH_OB_Lock                                 build/stm32l4xx_hal_flash.o
HAL_FLASH_OB_Unlock                               build/stm32l4xx_hal_flash.o
HAL_FLASH_OperationErrorCallback                  build/stm32l4xx_hal_flash.o
HAL_FLASH_Program                                 build/stm32l4xx_hal_flash.o
HAL_FLASH_Program_IT                              build/stm32l4xx_hal_flash.o
HAL_FLASH_Unlock                                  build/stm32l4xx_hal_flash.o
HAL_GPIO_DeInit                                   build/stm32l4xx_hal_gpio.o
                                                  build/spi.o
                                                  build/i2c.o
                                                  build/adc.o
HAL_GPIO_EXTI_Callback                            build/stm32l4xx_hal_gpio.o
HAL_GPIO_EXTI_IRQHandler                          build/stm32l4xx_hal_gpio.o
HAL_GPIO_Init                                     build/stm32l4xx_hal_gpio.o
                                                  build/stm32l4xx_hal_rcc_ex.o
                                                  build/stm32l4xx_hal_rcc.o
                                                  build/spi.o
                                                  build/i2c.o
                                                  build/adc.o
                                                  build/gpio.o
HAL_GPIO_LockPin                                  build/stm32l4xx_hal_gpio.o
HAL_GPIO_ReadPin                                  build/stm32l4xx_hal_gpio.o
HAL_GPIO_TogglePin                                build/stm32l4xx_hal_gpio.o
HAL_GPIO_WritePin                                 build/stm32l4xx_hal_gpio.o
                                                  build/gpio.o
HAL_GetDEVID                                      build/stm32l4xx_hal.o
HAL_GetHalVersion                                 build/stm32l4xx_hal.o
HAL_GetREVID                                      build/stm32l4xx_hal.o
HAL_GetTick                                       build/stm32l4xx_hal.o
                                                  build/stm32l4xx_hal_spi.o
                                                  build/stm32l4xx_hal_dma.o
                                                  build/stm32l4xx_hal_i2c.o
                                                  build/stm32l4xx_hal_flash.o
                                                  build/stm32l4xx_hal_rcc_ex.o
                                                  build/stm32l4xx_hal_rcc.o
                                                  build/stm32l4xx_hal_adc_ex.o
                                                  build/stm32l4xx_hal_adc.o
HAL_GetTickFreq                                   build/stm32l4xx_hal.o
HAL_GetTickPrio                                   build/stm32l4xx_hal.o
HAL_GetUIDw0                                      build/stm32l4xx_hal.o
HAL_GetUIDw1                                      build/stm32l4xx_hal.o
HAL_GetUIDw2                                      build/stm32l4xx_hal.o
HAL_I2CEx_ConfigAnalogFilter                      build/stm32l4xx_hal_i2c_ex.o
                                                  build/i2c.o
HAL_I2CEx_ConfigDigitalFilter                     build/stm32l4xx_hal_i2c_ex.o
                                                  build/i2c.o
HAL_I2CEx_DisableFastModePlus                     build/stm32l4xx_hal_i2c_ex.o
HAL_I2CEx_DisableWakeUp                           build/stm32l4xx_hal_i2c_ex.o
HAL_I2CEx_EnableFastModePlus                      build/stm32l4xx_hal_i2c_ex.o
HAL_I2CEx_EnableWakeUp                            build/stm32l4xx_hal_i2c_ex.o
HAL_I2C_AbortCpltCallback                         build/stm32l4xx_hal_i2c.o
HAL_I2C_AddrCallback                              build/stm32l4xx_hal_i2c.o
HAL_I2C_DeInit                                    build/stm32l4xx_hal_i2c.o
HAL_I2C_DisableListen_IT                          build/stm32l4xx_hal_i2c.o
HAL_I2C_ER_IRQHandler                             build/stm32l4xx_hal_i2c.o
                                                  build/stm32l4xx_it.o
HAL_I2C_EV_IRQHandler                             build/stm32l4xx_hal_i2c.o
                                                  build/stm32l4xx_it.o
HAL_I2C_EnableListen_IT                           build/stm32l4xx_hal_i2c.o
HAL_I2C_ErrorCallback                             build/stm32l4xx_hal_i2c.o
HAL_I2C_GetError                                  build/stm32l4xx_hal_i2c.o
HAL_I2C_GetMode                                   build/stm32l4xx_hal_i2c.o
HAL_I2C_GetState                                  build/stm32l4xx_hal_i2c.o
HAL_I2C_Init                                      build/stm32l4xx_hal_i2c.o
                                                  build/i2c.o
HAL_I2C_IsDeviceReady                             build/stm32l4xx_hal_i2c.o
HAL_I2C_ListenCpltCallback                        build/stm32l4xx_hal_i2c.o
HAL_I2C_MasterRxCpltCallback                      build/stm32l4xx_hal_i2c.o
HAL_I2C_MasterTxCpltCallback                      build/stm32l4xx_hal_i2c.o
HAL_I2C_Master_Abort_IT                           build/stm32l4xx_hal_i2c.o
HAL_I2C_Master_Receive                            build/stm32l4xx_hal_i2c.o
HAL_I2C_Master_Receive_DMA                        build/stm32l4xx_hal_i2c.o
HAL_I2C_Master_Receive_IT                         build/stm32l4xx_hal_i2c.o
HAL_I2C_Master_Seq_Receive_DMA                    build/stm32l4xx_hal_i2c.o
HAL_I2C_Master_Seq_Receive_IT                     build/stm32l4xx_hal_i2c.o
HAL_I2C_Master_Seq_Transmit_DMA                   build/stm32l4xx_hal_i2c.o
HAL_I2C_Master_Seq_Transmit_IT                    build/stm32l4xx_hal_i2c.o
HAL_I2C_Master_Transmit                           build/stm32l4xx_hal_i2c.o
HAL_I2C_Master_Transmit_DMA                       build/stm32l4xx_hal_i2c.o
HAL_I2C_Master_Transmit_IT                        build/stm32l4xx_hal_i2c.o
HAL_I2C_MemRxCpltCallback                         build/stm32l4xx_hal_i2c.o
HAL_I2C_MemTxCpltCallback                         build/stm32l4xx_hal_i2c.o
HAL_I2C_Mem_Read                                  build/stm32l4xx_hal_i2c.o
HAL_I2C_Mem_Read_DMA                              build/stm32l4xx_hal_i2c.o
HAL_I2C_Mem_Read_IT                               build/stm32l4xx_hal_i2c.o
HAL_I2C_Mem_Write                                 build/stm32l4xx_hal_i2c.o
HAL_I2C_Mem_Write_DMA                             build/stm32l4xx_hal_i2c.o
HAL_I2C_Mem_Write_IT                              build/stm32l4xx_hal_i2c.o
HAL_I2C_MspDeInit                                 build/i2c.o
HAL_I2C_MspInit                                   build/i2c.o
HAL_I2C_SlaveRxCpltCallback                       build/stm32l4xx_hal_i2c.o
HAL_I2C_SlaveTxCpltCallback                       build/stm32l4xx_hal_i2c.o
HAL_I2C_Slave_Receive                             build/stm32l4xx_hal_i2c.o
HAL_I2C_Slave_Receive_DMA                         build/stm32l4xx_hal_i2c.o
HAL_I2C_Slave_Receive_IT                          build/stm32l4xx_hal_i2c.o
HAL_I2C_Slave_Seq_Receive_DMA                     build/stm32l4xx_hal_i2c.o
HAL_I2C_Slave_Seq_Receive_IT                      build/stm32l4xx_hal_i2c.o
HAL_I2C_Slave_Seq_Transmit_DMA                    build/stm32l4xx_hal_i2c.o
HAL_I2C_Slave_Seq_Transmit_IT                     build/stm32l4xx_hal_i2c.o
HAL_I2C_Slave_Transmit                            build/stm32l4xx_hal_i2c.o
HAL_I2C_Slave_Transmit_DMA                        build/stm32l4xx_hal_i2c.o
HAL_I2C_Slave_Transmit_IT                         build/stm32l4xx_hal_i2c.o
HAL_IncTick                                       build/stm32l4xx_hal.o
                                                  build/stm32l4xx_it.o
HAL_Init                                          build/stm32l4xx_hal.o
                                                  build/main.o
HAL_InitTick                                      build/stm32l4xx_hal.o
                                                  build/stm32l4xx_hal_rcc.o
HAL_MPU_ConfigRegion                              build/stm32l4xx_hal_cortex.o
HAL_MPU_Disable                                   build/stm32l4xx_hal_cortex.o
HAL_MPU_Enable                                    build/stm32l4xx_hal_cortex.o
HAL_MspDeInit                                     build/stm32l4xx_hal.o
HAL_MspInit                                       build/stm32l4xx_hal_msp.o
HAL_NVIC_ClearPendingIRQ                          build/stm32l4xx_hal_cortex.o
HAL_NVIC_DisableIRQ                               build/stm32l4xx_hal_cortex.o
                                                  build/spi.o
                                                  build/i2c.o
                                                  build/adc.o
HAL_NVIC_EnableIRQ                                build/stm32l4xx_hal_cortex.o
                                                  build/spi.o
                                                  build/i2c.o
                                                  build/adc.o
HAL_NVIC_GetActive                                build/stm32l4xx_hal_cortex.o
HAL_NVIC_GetPendingIRQ                            build/stm32l4xx_hal_cortex.o
HAL_NVIC_GetPriority                              build/stm32l4xx_hal_cortex.o
HAL_NVIC_GetPriorityGrouping                      build/stm32l4xx_hal_cortex.o
HAL_NVIC_SetPendingIRQ                            build/stm32l4xx_hal_cortex.o
HAL_NVIC_SetPriority                              build/stm32l4xx_hal_cortex.o
                                                  build/stm32l4xx_hal.o
                                                  build/spi.o
                                                  build/i2c.o
                                                  build/adc.o
HAL_NVIC_SetPriorityGrouping                      build/stm32l4xx_hal_cortex.o
                                                  build/stm32l4xx_hal.o
HAL_NVIC_SystemReset                              build/stm32l4xx_hal_cortex.o
HAL_PWREx_ConfigPVM                               build/stm32l4xx_hal_pwr_ex.o
HAL_PWREx_ControlVoltageScaling                   build/stm32l4xx_hal_pwr_ex.o
                                                  build/main.o
HAL_PWREx_DisableBatteryCharging                  build/stm32l4xx_hal_pwr_ex.o
HAL_PWREx_DisableGPIOPullDown                     build/stm32l4xx_hal_pwr_ex.o
HAL_PWREx_DisableGPIOPullUp                       build/stm32l4xx_hal_pwr_ex.o
HAL_PWREx_DisableInternalWakeUpLine               build/stm32l4xx_hal_pwr_ex.o
HAL_PWREx_DisableLowPowerRunMode                  build/stm32l4xx_hal_pwr_ex.o
                                                  build/stm32l4xx_hal_pwr.o
HAL_PWREx_DisablePVM3                             build/stm32l4xx_hal_pwr_ex.o
HAL_PWREx_DisablePVM4                             build/stm32l4xx_hal_pwr_ex.o
HAL_PWREx_DisablePullUpPullDownConfig             build/stm32l4xx_hal_pwr_ex.o
HAL_PWREx_DisableSRAM2ContentRetention            build/stm32l4xx_hal_pwr_ex.o
HAL_PWREx_EnableBatteryCharging                   build/stm32l4xx_hal_pwr_ex.o
HAL_PWREx_EnableGPIOPullDown                      build/stm32l4xx_hal_pwr_ex.o
HAL_PWREx_EnableGPIOPullUp                        build/stm32l4xx_hal_pwr_ex.o
HAL_PWREx_EnableInternalWakeUpLine                build/stm32l4xx_hal_pwr_ex.o
HAL_PWREx_EnableLowPowerRunMode                   build/stm32l4xx_hal_pwr_ex.o
                                                  build/stm32l4xx_hal_pwr.o
HAL_PWREx_EnablePVM3                              build/stm32l4xx_hal_pwr_ex.o
HAL_PWREx_EnablePVM4                              build/stm32l4xx_hal_pwr_ex.o
HAL_PWREx_EnablePullUpPullDownConfig              build/stm32l4xx_hal_pwr_ex.o
HAL_PWREx_EnableSRAM2ContentRetention             build/stm32l4xx_hal_pwr_ex.o
HAL_PWREx_EnterSHUTDOWNMode                       build/stm32l4xx_hal_pwr_ex.o
HAL_PWREx_EnterSTOP0Mode                          build/stm32l4xx_hal_pwr_ex.o
                                                  build/stm32l4xx_hal_pwr.o
HAL_PWREx_EnterSTOP1Mode                          build/stm32l4xx_hal_pwr_ex.o
                                                  build/stm32l4xx_hal_pwr.o
HAL_PWREx_EnterSTOP2Mode                          build/stm32l4xx_hal_pwr_ex.o
HAL_PWREx_GetVoltageRange                         build/stm32l4xx_hal_pwr_ex.o
                                                  build/stm32l4xx_hal_rcc.o
HAL_PWREx_PVD_PVM_IRQHandler                      build/stm32l4xx_hal_pwr_ex.o
HAL_PWREx_PVM3Callback                            build/stm32l4xx_hal_pwr_ex.o
HAL_PWREx_PVM4Callback                            build/stm32l4xx_hal_pwr_ex.o
HAL_PWREx_SetSRAM2ContentRetention                build/stm32l4xx_hal_pwr_ex.o
HAL_PWR_ConfigPVD                                 build/stm32l4xx_hal_pwr.o
HAL_PWR_DeInit                                    build/stm32l4xx_hal_pwr.o
HAL_PWR_DisableBkUpAccess                         build/stm32l4xx_hal_pwr.o
                                                  build/stm32l4xx_hal_rcc_ex.o
HAL_PWR_DisablePVD                                build/stm32l4xx_hal_pwr.o
HAL_PWR_DisableSEVOnPend                          build/stm32l4xx_hal_pwr.o
HAL_PWR_DisableSleepOnExit                        build/stm32l4xx_hal_pwr.o
HAL_PWR_DisableWakeUpPin                          build/stm32l4xx_hal_pwr.o
HAL_PWR_EnableBkUpAccess                          build/stm32l4xx_hal_pwr.o
                                                  build/stm32l4xx_hal_rcc_ex.o
HAL_PWR_EnablePVD                                 build/stm32l4xx_hal_pwr.o
HAL_PWR_EnableSEVOnPend                           build/stm32l4xx_hal_pwr.o
HAL_PWR_EnableSleepOnExit                         build/stm32l4xx_hal_pwr.o
HAL_PWR_EnableWakeUpPin                           build/stm32l4xx_hal_pwr.o
HAL_PWR_EnterSLEEPMode                            build/stm32l4xx_hal_pwr.o
HAL_PWR_EnterSTANDBYMode                          build/stm32l4xx_hal_pwr.o
HAL_PWR_EnterSTOPMode                             build/stm32l4xx_hal_pwr.o
HAL_PWR_PVDCallback                               build/stm32l4xx_hal_pwr.o
                                                  build/stm32l4xx_hal_pwr_ex.o
HAL_RCCEx_CRSConfig                               build/stm32l4xx_hal_rcc_ex.o
HAL_RCCEx_CRSGetSynchronizationInfo               build/stm32l4xx_hal_rcc_ex.o
HAL_RCCEx_CRSSoftwareSynchronizationGenerate      build/stm32l4xx_hal_rcc_ex.o
HAL_RCCEx_CRSWaitSynchronization                  build/stm32l4xx_hal_rcc_ex.o
HAL_RCCEx_CRS_ErrorCallback                       build/stm32l4xx_hal_rcc_ex.o
HAL_RCCEx_CRS_ExpectedSyncCallback                build/stm32l4xx_hal_rcc_ex.o
HAL_RCCEx_CRS_IRQHandler                          build/stm32l4xx_hal_rcc_ex.o
HAL_RCCEx_CRS_SyncOkCallback                      build/stm32l4xx_hal_rcc_ex.o
HAL_RCCEx_CRS_SyncWarnCallback                    build/stm32l4xx_hal_rcc_ex.o
HAL_RCCEx_DisableLSCO                             build/stm32l4xx_hal_rcc_ex.o
HAL_RCCEx_DisableLSECSS                           build/stm32l4xx_hal_rcc_ex.o
HAL_RCCEx_DisableMSIPLLMode                       build/stm32l4xx_hal_rcc_ex.o
HAL_RCCEx_DisablePLLSAI1                          build/stm32l4xx_hal_rcc_ex.o
HAL_RCCEx_EnableLSCO                              build/stm32l4xx_hal_rcc_ex.o
HAL_RCCEx_EnableLSECSS                            build/stm32l4xx_hal_rcc_ex.o
HAL_RCCEx_EnableLSECSS_IT                         build/stm32l4xx_hal_rcc_ex.o
HAL_RCCEx_EnableMSIPLLMode                        build/stm32l4xx_hal_rcc_ex.o
HAL_RCCEx_EnablePLLSAI1                           build/stm32l4xx_hal_rcc_ex.o
HAL_RCCEx_GetPeriphCLKConfig                      build/stm32l4xx_hal_rcc_ex.o
HAL_RCCEx_GetPeriphCLKFreq                        build/stm32l4xx_hal_rcc_ex.o
HAL_RCCEx_LSECSS_Callback                         build/stm32l4xx_hal_rcc_ex.o
HAL_RCCEx_LSECSS_IRQHandler                       build/stm32l4xx_hal_rcc_ex.o
HAL_RCCEx_PeriphCLKConfig                         build/stm32l4xx_hal_rcc_ex.o
                                                  build/i2c.o
                                                  build/adc.o
HAL_RCCEx_StandbyMSIRangeConfig                   build/stm32l4xx_hal_rcc_ex.o
HAL_RCCEx_WakeUpStopCLKConfig                     build/stm32l4xx_hal_rcc_ex.o
HAL_RCC_CSSCallback                               build/stm32l4xx_hal_rcc.o
HAL_RCC_ClockConfig                               build/stm32l4xx_hal_rcc.o
                                                  build/main.o
HAL_RCC_DeInit                                    build/stm32l4xx_hal_rcc.o
HAL_RCC_EnableCSS                                 build/stm32l4xx_hal_rcc.o
HAL_RCC_GetClockConfig                            build/stm32l4xx_hal_rcc.o
HAL_RCC_GetHCLKFreq                               build/stm32l4xx_hal_rcc.o
HAL_RCC_GetOscConfig                              build/stm32l4xx_hal_rcc.o
HAL_RCC_GetPCLK1Freq                              build/stm32l4xx_hal_rcc.o
                                                  build/stm32l4xx_hal_rcc_ex.o
HAL_RCC_GetPCLK2Freq                              build/stm32l4xx_hal_rcc.o
                                                  build/stm32l4xx_hal_rcc_ex.o
HAL_RCC_GetResetSource                            build/stm32l4xx_hal_rcc.o
HAL_RCC_GetSysClockFreq                           build/stm32l4xx_hal_rcc.o
                                                  build/stm32l4xx_hal_rcc_ex.o
HAL_RCC_MCOConfig                                 build/stm32l4xx_hal_rcc.o
HAL_RCC_NMI_IRQHandler                            build/stm32l4xx_hal_rcc.o
HAL_RCC_OscConfig                                 build/stm32l4xx_hal_rcc.o
                                                  build/main.o
HAL_ResumeTick                                    build/stm32l4xx_hal.o
HAL_SPIEx_FlushRxFifo                             build/stm32l4xx_hal_spi_ex.o
HAL_SPI_Abort                                     build/stm32l4xx_hal_spi.o
HAL_SPI_AbortCpltCallback                         build/stm32l4xx_hal_spi.o
HAL_SPI_Abort_IT                                  build/stm32l4xx_hal_spi.o
HAL_SPI_DMAPause                                  build/stm32l4xx_hal_spi.o
HAL_SPI_DMAResume                                 build/stm32l4xx_hal_spi.o
HAL_SPI_DMAStop                                   build/stm32l4xx_hal_spi.o
HAL_SPI_DeInit                                    build/stm32l4xx_hal_spi.o
HAL_SPI_ErrorCallback                             build/stm32l4xx_hal_spi.o
HAL_SPI_GetError                                  build/stm32l4xx_hal_spi.o
HAL_SPI_GetState                                  build/stm32l4xx_hal_spi.o
HAL_SPI_IRQHandler                                build/stm32l4xx_hal_spi.o
                                                  build/stm32l4xx_it.o
HAL_SPI_Init                                      build/stm32l4xx_hal_spi.o
                                                  build/spi.o
HAL_SPI_MspDeInit                                 build/spi.o
HAL_SPI_MspInit                                   build/spi.o
HAL_SPI_Receive                                   build/stm32l4xx_hal_spi.o
HAL_SPI_Receive_DMA                               build/stm32l4xx_hal_spi.o
HAL_SPI_Receive_IT                                build/stm32l4xx_hal_spi.o
HAL_SPI_RxCpltCallback                            build/stm32l4xx_hal_spi.o
HAL_SPI_RxHalfCpltCallback                        build/stm32l4xx_hal_spi.o
HAL_SPI_Transmit                                  build/stm32l4xx_hal_spi.o
HAL_SPI_TransmitReceive                           build/stm32l4xx_hal_spi.o
HAL_SPI_TransmitReceive_DMA                       build/stm32l4xx_hal_spi.o
HAL_SPI_TransmitReceive_IT                        build/stm32l4xx_hal_spi.o
HAL_SPI_Transmit_DMA                              build/stm32l4xx_hal_spi.o
HAL_SPI_Transmit_IT                               build/stm32l4xx_hal_spi.o
HAL_SPI_TxCpltCallback                            build/stm32l4xx_hal_spi.o
HAL_SPI_TxHalfCpltCallback                        build/stm32l4xx_hal_spi.o
HAL_SPI_TxRxCpltCallback                          build/stm32l4xx_hal_spi.o
HAL_SPI_TxRxHalfCpltCallback                      build/stm32l4xx_hal_spi.o
HAL_SYSCFG_DisableIOAnalogSwitchBooster           build/stm32l4xx_hal.o
HAL_SYSCFG_DisableMemorySwappingBank              build/stm32l4xx_hal.o
HAL_SYSCFG_DisableVREFBUF                         build/stm32l4xx_hal.o
HAL_SYSCFG_EnableIOAnalogSwitchBooster            build/stm32l4xx_hal.o
HAL_SYSCFG_EnableMemorySwappingBank               build/stm32l4xx_hal.o
HAL_SYSCFG_EnableVREFBUF                          build/stm32l4xx_hal.o
HAL_SYSCFG_SRAM2Erase                             build/stm32l4xx_hal.o
HAL_SYSCFG_VREFBUF_HighImpedanceConfig            build/stm32l4xx_hal.o
HAL_SYSCFG_VREFBUF_TrimmingConfig                 build/stm32l4xx_hal.o
HAL_SYSCFG_VREFBUF_VoltageScalingConfig           build/stm32l4xx_hal.o
HAL_SYSTICK_CLKSourceConfig                       build/stm32l4xx_hal_cortex.o
HAL_SYSTICK_Callback                              build/stm32l4xx_hal_cortex.o
HAL_SYSTICK_Config                                build/stm32l4xx_hal_cortex.o
                                                  build/stm32l4xx_hal.o
HAL_SYSTICK_IRQHandler                            build/stm32l4xx_hal_cortex.o
HAL_SetTickFreq                                   build/stm32l4xx_hal.o
HAL_SuspendTick                                   build/stm32l4xx_hal.o
HardFault_Handler                                 build/stm32l4xx_it.o
I2C1_ER_IRQHandler                                build/startup_stm32l431xx.o
I2C1_EV_IRQHandler                                build/startup_stm32l431xx.o
I2C2_ER_IRQHandler                                build/startup_stm32l431xx.o
I2C2_EV_IRQHandler                                build/startup_stm32l431xx.o
I2C3_ER_IRQHandler                                build/stm32l4xx_it.o
I2C3_EV_IRQHandler                                build/stm32l4xx_it.o
LPTIM1_IRQHandler                                 build/startup_stm32l431xx.o
LPTIM2_IRQHandler                                 build/startup_stm32l431xx.o
LPUART1_IRQHandler                                build/startup_stm32l431xx.o
MSIRangeTable                                     build/system_stm32l4xx.o
                                                  build/stm32l4xx_hal_rcc_ex.o
                                                  build/stm32l4xx_hal_rcc.o
MX_ADC1_Init                                      build/adc.o
                                                  build/main.o
MX_GPIO_Init                                      build/gpio.o
                                                  build/main.o
MX_I2C3_Init                                      build/i2c.o
                                                  build/main.o
MX_SPI1_Init                                      build/spi.o
                                                  build/main.o
MemManage_Handler                                 build/stm32l4xx_it.o
NMI_Handler                                       build/stm32l4xx_it.o
PVD_PVM_IRQHandler                                build/startup_stm32l431xx.o
PendSV_Handler                                    build/stm32l4xx_it.o
QUADSPI_IRQHandler                                build/startup_stm32l431xx.o
RCC_IRQHandler                                    build/startup_stm32l431xx.o
RNG_IRQHandler                                    build/startup_stm32l431xx.o
RTC_Alarm_IRQHandler                              build/startup_stm32l431xx.o
RTC_WKUP_IRQHandler                               build/startup_stm32l431xx.o
Reset_Handler                                     build/startup_stm32l431xx.o
SAI1_IRQHandler                                   build/startup_stm32l431xx.o
SDMMC1_IRQHandler                                 build/startup_stm32l431xx.o
SPI1_IRQHandler                                   build/stm32l4xx_it.o
SPI2_IRQHandler                                   build/startup_stm32l431xx.o
SPI3_IRQHandler                                   build/startup_stm32l431xx.o
SVC_Handler                                       build/stm32l4xx_it.o
SWPMI1_IRQHandler                                 build/startup_stm32l431xx.o
SysTick_Handler                                   build/stm32l4xx_it.o
SystemClock_Config                                build/main.o
SystemCoreClock                                   build/system_stm32l4xx.o
                                                  build/stm32l4xx_hal_spi.o
                                                  build/stm32l4xx_hal_pwr_ex.o
                                                  build/stm32l4xx_hal_rcc.o
                                                  build/stm32l4xx_hal.o
                                                  build/stm32l4xx_hal_adc_ex.o
                                                  build/stm32l4xx_hal_adc.o
SystemCoreClockUpdate                             build/system_stm32l4xx.o
SystemInit                                        build/system_stm32l4xx.o
                                                  build/startup_stm32l431xx.o
TAMP_STAMP_IRQHandler                             build/startup_stm32l431xx.o
TIM1_BRK_TIM15_IRQHandler                         build/startup_stm32l431xx.o
TIM1_CC_IRQHandler                                build/startup_stm32l431xx.o
TIM1_TRG_COM_IRQHandler                           build/startup_stm32l431xx.o
TIM1_UP_TIM16_IRQHandler                          build/startup_stm32l431xx.o
TIM2_IRQHandler                                   build/startup_stm32l431xx.o
TIM6_DAC_IRQHandler                               build/startup_stm32l431xx.o
TIM7_IRQHandler                                   build/startup_stm32l431xx.o
TSC_IRQHandler                                    build/startup_stm32l431xx.o
USART1_IRQHandler                                 build/startup_stm32l431xx.o
USART2_IRQHandler                                 build/startup_stm32l431xx.o
USART3_IRQHandler                                 build/startup_stm32l431xx.o
UsageFault_Handler                                build/stm32l4xx_it.o
WWDG_IRQHandler                                   build/startup_stm32l431xx.o
_ITM_deregisterTMCloneTable                       /usr/lib/gcc/arm-none-eabi/13.2.1/thumb/v7e-m+fp/hard/crtbegin.o
_ITM_registerTMCloneTable                         /usr/lib/gcc/arm-none-eabi/13.2.1/thumb/v7e-m+fp/hard/crtbegin.o
_Min_Stack_Size                                   build/sysmem.o
__TMC_END__                                       /usr/lib/gcc/arm-none-eabi/13.2.1/thumb/v7e-m+fp/hard/crtend.o
                                                  /usr/lib/gcc/arm-none-eabi/13.2.1/thumb/v7e-m+fp/hard/crtbegin.o
__atexit                                          /usr/lib/gcc/arm-none-eabi/13.2.1/../../../arm-none-eabi/lib/thumb/v7e-m+fp/hard/libc_nano.a(libc_a-__call_atexit.o)
                                                  /usr/lib/gcc/arm-none-eabi/13.2.1/../../../arm-none-eabi/lib/thumb/v7e-m+fp/hard/libc_nano.a(libc_a-__atexit.o)
__atexit0                                         /usr/lib/gcc/arm-none-eabi/13.2.1/../../../arm-none-eabi/lib/thumb/v7e-m+fp/hard/libc_nano.a(libc_a-__atexit.o)
__atexit_dummy                                    /usr/lib/gcc/arm-none-eabi/13.2.1/../../../arm-none-eabi/lib/thumb/v7e-m+fp/hard/libc_nano.a(libc_a-__atexit.o)
__bss_end__                                       /usr/lib/gcc/arm-none-eabi/13.2.1/../../../arm-none-eabi/lib/thumb/v7e-m+fp/hard/crt0.o
__bss_start__                                     /usr/lib/gcc/arm-none-eabi/13.2.1/../../../arm-none-eabi/lib/thumb/v7e-m+fp/hard/crt0.o
__call_exitprocs                                  /usr/lib/gcc/arm-none-eabi/13.2.1/../../../arm-none-eabi/lib/thumb/v7e-m+fp/hard/libc_nano.a(libc_a-__call_atexit.o)
                                                  /usr/lib/gcc/arm-none-eabi/13.2.1/../../../arm-none-eabi/lib/thumb/v7e-m+fp/hard/libc_nano.a(libc_a-__atexit.o)
                                                  /usr/lib/gcc/arm-none-eabi/13.2.1/../../../arm-none-eabi/lib/thumb/v7e-m+fp/hard/libc_nano.a(libc_a-exit.o)
__deregister_frame_info                           /usr/lib/gcc/arm-none-eabi/13.2.1/thumb/v7e-m+fp/hard/crtbegin.o
__dso_handle                                      /usr/lib/gcc/arm-none-eabi/13.2.1/thumb/v7e-m+fp/hard/crtbegin.o
__env                                             build/syscalls.o
__errno                                           /usr/lib/gcc/arm-none-eabi/13.2.1/../../../arm-none-eabi/lib/thumb/v7e-m+fp/hard/libc_nano.a(libc_a-errno.o)
                                                  build/syscalls.o
                                                  build/sysmem.o
__fini_array_end                                  /usr/lib/gcc/arm-none-eabi/13.2.1/../../../arm-none-eabi/lib/thumb/v7e-m+fp/hard/libc_nano.a(libc_a-fini.o)
__fini_array_start                                /usr/lib/gcc/arm-none-eabi/13.2.1/../../../arm-none-eabi/lib/thumb/v7e-m+fp/hard/libc_nano.a(libc_a-fini.o)
__fp_lock_all                                     /usr/lib/gcc/arm-none-eabi/13.2.1/../../../arm-none-eabi/lib/thumb/v7e-m+fp/hard/libc_nano.a(libc_a-findfp.o)
__fp_unlock_all                                   /usr/lib/gcc/arm-none-eabi/13.2.1/../../../arm-none-eabi/lib/thumb/v7e-m+fp/hard/libc_nano.a(libc_a-findfp.o)
__init_array_end                                  /usr/lib/gcc/arm-none-eabi/13.2.1/../../../arm-none-eabi/lib/thumb/v7e-m+fp/hard/libc_nano.a(libc_a-init.o)
__init_array_start                                /usr/lib/gcc/arm-none-eabi/13.2.1/../../../arm-none-eabi/lib/thumb/v7e-m+fp/hard/libc_nano.a(libc_a-init.o)
__io_getchar                                      build/syscalls.o
__io_putchar                                      build/syscalls.o
__libc_fini_array                                 /usr/lib/gcc/arm-none-eabi/13.2.1/../../../arm-none-eabi/lib/thumb/v7e-m+fp/hard/libc_nano.a(libc_a-fini.o)
                                                  /usr/lib/gcc/arm-none-eabi/13.2.1/../../../arm-none-eabi/lib/thumb/v7e-m+fp/hard/crt0.o
__libc_init_array                                 /usr/lib/gcc/arm-none-eabi/13.2.1/../../../arm-none-eabi/lib/thumb/v7e-m+fp/hard/libc_nano.a(libc_a-init.o)
                                                  build/startup_stm32l431xx.o
                                                  /usr/lib/gcc/arm-none-eabi/13.2.1/../../../arm-none-eabi/lib/thumb/v7e-m+fp/hard/crt0.o
__malloc_free_list                                /usr/lib/gcc/arm-none-eabi/13.2.1/../../../arm-none-eabi/lib/thumb/v7e-m+fp/hard/libc_nano.a(libc_a-mallocr.o)
                                                  /usr/lib/gcc/arm-none-eabi/13.2.1/../../../arm-none-eabi/lib/thumb/v7e-m+fp/hard/libc_nano.a(libc_a-freer.o)
__malloc_lock                                     /usr/lib/gcc/arm-none-eabi/13.2.1/../../../arm-none-eabi/lib/thumb/v7e-m+fp/hard/libc_nano.a(libc_a-mlock.o)
                                                  /usr/lib/gcc/arm-none-eabi/13.2.1/../../../arm-none-eabi/lib/thumb/v7e-m+fp/hard/libc_nano.a(libc_a-freer.o)
                                                  /usr/lib/gcc/arm-none-eabi/13.2.1/../../../arm-none-eabi/lib/thumb/v7e-m+fp/hard/libc_nano.a(libc_a-mallocr.o)
__malloc_sbrk_start                               /usr/lib/gcc/arm-none-eabi/13.2.1/../../../arm-none-eabi/lib/thumb/v7e-m+fp/hard/libc_nano.a(libc_a-mallocr.o)
__malloc_unlock                                   /usr/lib/gcc/arm-none-eabi/13.2.1/../../../arm-none-eabi/lib/thumb/v7e-m+fp/hard/libc_nano.a(libc_a-mlock.o)
                                                  /usr/lib/gcc/arm-none-eabi/13.2.1/../../../arm-none-eabi/lib/thumb/v7e-m+fp/hard/libc_nano.a(libc_a-freer.o)
                                                  /usr/lib/gcc/arm-none-eabi/13.2.1/../../../arm-none-eabi/lib/thumb/v7e-m+fp/hard/libc_nano.a(libc_a-mallocr.o)
__on_exit_args                                    /usr/lib/gcc/arm-none-eabi/13.2.1/../../../arm-none-eabi/lib/thumb/v7e-m+fp/hard/libc_nano.a(libc_a-__atexit.o)
__preinit_array_end                               /usr/lib/gcc/arm-none-eabi/13.2.1/../../../arm-none-eabi/lib/thumb/v7e-m+fp/hard/libc_nano.a(libc_a-init.o)
__preinit_array_start                             /usr/lib/gcc/arm-none-eabi/13.2.1/../../../arm-none-eabi/lib/thumb/v7e-m+fp/hard/libc_nano.a(libc_a-init.o)
__register_exitproc                               /usr/lib/gcc/arm-none-eabi/13.2.1/../../../arm-none-eabi/lib/thumb/v7e-m+fp/hard/libc_nano.a(libc_a-__atexit.o)
                                                  /usr/lib/gcc/arm-none-eabi/13.2.1/../../../arm-none-eabi/lib/thumb/v7e-m+fp/hard/libc_nano.a(libc_a-atexit.o)
__register_frame_info                             /usr/lib/gcc/arm-none-eabi/13.2.1/thumb/v7e-m+fp/hard/crtbegin.o
__sclose                                          /usr/lib/gcc/arm-none-eabi/13.2.1/../../../arm-none-eabi/lib/thumb/v7e-m+fp/hard/libc_nano.a(libc_a-stdio.o)
                                                  /usr/lib/gcc/arm-none-eabi/13.2.1/../../../arm-none-eabi/lib/thumb/v7e-m+fp/hard/libc_nano.a(libc_a-findfp.o)
__seofread                                        /usr/lib/gcc/arm-none-eabi/13.2.1/../../../arm-none-eabi/lib/thumb/v7e-m+fp/hard/libc_nano.a(libc_a-stdio.o)
__sf                                              /usr/lib/gcc/arm-none-eabi/13.2.1/../../../arm-none-eabi/lib/thumb/v7e-m+fp/hard/libc_nano.a(libc_a-findfp.o)
                                                  /usr/lib/gcc/arm-none-eabi/13.2.1/../../../arm-none-eabi/lib/thumb/v7e-m+fp/hard/libc_nano.a(libc_a-impure.o)
__sflush_r                                        /usr/lib/gcc/arm-none-eabi/13.2.1/../../../arm-none-eabi/lib/thumb/v7e-m+fp/hard/libc_nano.a(libc_a-fflush.o)
__sfp                                             /usr/lib/gcc/arm-none-eabi/13.2.1/../../../arm-none-eabi/lib/thumb/v7e-m+fp/hard/libc_nano.a(libc_a-findfp.o)
__sfp_lock_acquire                                /usr/lib/gcc/arm-none-eabi/13.2.1/../../../arm-none-eabi/lib/thumb/v7e-m+fp/hard/libc_nano.a(libc_a-findfp.o)
__sfp_lock_release                                /usr/lib/gcc/arm-none-eabi/13.2.1/../../../arm-none-eabi/lib/thumb/v7e-m+fp/hard/libc_nano.a(libc_a-findfp.o)
__sglue                                           /usr/lib/gcc/arm-none-eabi/13.2.1/../../../arm-none-eabi/lib/thumb/v7e-m+fp/hard/libc_nano.a(libc_a-findfp.o)
                                                  /usr/lib/gcc/arm-none-eabi/13.2.1/../../../arm-none-eabi/lib/thumb/v7e-m+fp/hard/libc_nano.a(libc_a-fflush.o)
__sinit                                           /usr/lib/gcc/arm-none-eabi/13.2.1/../../../arm-none-eabi/lib/thumb/v7e-m+fp/hard/libc_nano.a(libc_a-findfp.o)
                                                  /usr/lib/gcc/arm-none-eabi/13.2.1/../../../arm-none-eabi/lib/thumb/v7e-m+fp/hard/libc_nano.a(libc_a-fflush.o)
__sread                                           /usr/lib/gcc/arm-none-eabi/13.2.1/../../../arm-none-eabi/lib/thumb/v7e-m+fp/hard/libc_nano.a(libc_a-stdio.o)
                                                  /usr/lib/gcc/arm-none-eabi/13.2.1/../../../arm-none-eabi/lib/thumb/v7e-m+fp/hard/libc_nano.a(libc_a-findfp.o)
__sseek                                           /usr/lib/gcc/arm-none-eabi/13.2.1/../../../arm-none-eabi/lib/thumb/v7e-m+fp/hard/libc_nano.a(libc_a-stdio.o)
                                                  /usr/lib/gcc/arm-none-eabi/13.2.1/../../../arm-none-eabi/lib/thumb/v7e-m+fp/hard/libc_nano.a(libc_a-findfp.o)
__stack                                           /usr/lib/gcc/arm-none-eabi/13.2.1/../../../arm-none-eabi/lib/thumb/v7e-m+fp/hard/crt0.o
__stdio_exit_handler                              /usr/lib/gcc/arm-none-eabi/13.2.1/../../../arm-none-eabi/lib/thumb/v7e-m+fp/hard/libc_nano.a(libc_a-findfp.o)
                                                  /usr/lib/gcc/arm-none-eabi/13.2.1/../../../arm-none-eabi/lib/thumb/v7e-m+fp/hard/libc_nano.a(libc_a-exit.o)
__swrite                                          /usr/lib/gcc/arm-none-eabi/13.2.1/../../../arm-none-eabi/lib/thumb/v7e-m+fp/hard/libc_nano.a(libc_a-stdio.o)
                                                  /usr/lib/gcc/arm-none-eabi/13.2.1/../../../arm-none-eabi/lib/thumb/v7e-m+fp/hard/libc_nano.a(libc_a-findfp.o)
_close                                            build/syscalls.o
                                                  /usr/lib/gcc/arm-none-eabi/13.2.1/../../../arm-none-eabi/lib/thumb/v7e-m+fp/hard/libc_nano.a(libc_a-closer.o)
_close_r                                          /usr/lib/gcc/arm-none-eabi/13.2.1/../../../arm-none-eabi/lib/thumb/v7e-m+fp/hard/libc_nano.a(libc_a-closer.o)
                                                  /usr/lib/gcc/arm-none-eabi/13.2.1/../../../arm-none-eabi/lib/thumb/v7e-m+fp/hard/libc_nano.a(libc_a-stdio.o)
_ebss                                             build/startup_stm32l431xx.o
_edata                                            build/startup_stm32l431xx.o
_end                                              build/sysmem.o
_estack                                           build/startup_stm32l431xx.o
                                                  build/sysmem.o
_execve                                           build/syscalls.o
_exit                                             build/syscalls.o
                                                  /usr/lib/gcc/arm-none-eabi/13.2.1/../../../arm-none-eabi/lib/thumb/v7e-m+fp/hard/libc_nano.a(libc_a-exit.o)
_fflush_r                                         /usr/lib/gcc/arm-none-eabi/13.2.1/../../../arm-none-eabi/lib/thumb/v7e-m+fp/hard/libc_nano.a(libc_a-fflush.o)
                                                  /usr/lib/gcc/arm-none-eabi/13.2.1/../../../arm-none-eabi/lib/thumb/v7e-m+fp/hard/libc_nano.a(libc_a-findfp.o)
_fini                                             /usr/lib/gcc/arm-none-eabi/13.2.1/thumb/v7e-m+fp/hard/crti.o
                                                  /usr/lib/gcc/arm-none-eabi/13.2.1/../../../arm-none-eabi/lib/thumb/v7e-m+fp/hard/libc_nano.a(libc_a-fini.o)
_fork                                             build/syscalls.o
_free_r                                           /usr/lib/gcc/arm-none-eabi/13.2.1/../../../arm-none-eabi/lib/thumb/v7e-m+fp/hard/libc_nano.a(libc_a-freer.o)
                                                  /usr/lib/gcc/arm-none-eabi/13.2.1/../../../arm-none-eabi/lib/thumb/v7e-m+fp/hard/libc_nano.a(libc_a-reent.o)
                                                  /usr/lib/gcc/arm-none-eabi/13.2.1/../../../arm-none-eabi/lib/thumb/v7e-m+fp/hard/libc_nano.a(libc_a-fflush.o)
_fstat                                            build/syscalls.o