Archive member included to satisfy reference by file (symbol)

/usr/lib/gcc/arm-none-eabi/13.2.1/../../../arm-none-eabi/lib/thumb/v7e-m+fp/hard/libc_nano.a(libc_a-efgcvt.o)
                              build/main.o (gcvt)
/usr/lib/gcc/arm-none-eabi/13.2.1/../../../arm-none-eabi/lib/thumb/v7e-m+fp/hard/libc_nano.a(libc_a-impure.o)
                              /usr/lib/gcc/arm-none-eabi/13.2.1/../../../arm-none-eabi/lib/thumb/v7e-m+fp/hard/libc_nano.a(libc_a-efgcvt.o) (_impure_ptr)
/usr/lib/gcc/arm-none-eabi/13.2.1/../../../arm-none-eabi/lib/thumb/v7e-m+fp/hard/libc_nano.a(libc_a-init.o)
                              /usr/lib/gcc/arm-none-eabi/13.2.1/../../../arm-none-eabi/lib/thumb/v7e-m+fp/hard/crt0.o (__libc_init_array)
/usr/lib/gcc/arm-none-eabi/13.2.1/../../../arm-none-eabi/lib/thumb/v7e-m+fp/hard/libc_nano.a(libc_a-strlen.o)
                              build/fonts.o (strlen)
/usr/lib/gcc/arm-none-eabi/13.2.1/../../../arm-none-eabi/lib/thumb/v7e-m+fp/hard/libc_nano.a(libc_a-memset.o)
                              /usr/lib/gcc/arm-none-eabi/13.2.1/../../../arm-none-eabi/lib/thumb/v7e-m+fp/hard/crt0.o (memset)
/usr/lib/gcc/arm-none-eabi/13.2.1/../../../arm-none-eabi/lib/thumb/v7e-m+fp/hard/libc_nano.a(libc_a-errno.o)
                              build/sysmem.o (__errno)
/usr/lib/gcc/arm-none-eabi/13.2.1/../../../arm-none-eabi/lib/thumb/v7e-m+fp/hard/libc_nano.a(libc_a-memcpy.o)
                              build/display.o (memcpy)
/usr/lib/gcc/arm-none-eabi/13.2.1/../../../arm-none-eabi/lib/thumb/v7e-m+fp/hard/libc_nano.a(libc_a-ecvtbuf.o)
                              /usr/lib/gcc/arm-none-eabi/13.2.1/../../../arm-none-eabi/lib/thumb/v7e-m+fp/hard/libc_nano.a(libc_a-efgcvt.o) (fcvtbuf)
/usr/lib/gcc/arm-none-eabi/13.2.1/../../../arm-none-eabi/lib/thumb/v7e-m+fp/hard/libc_nano.a(libc_a-exit.o)
                              /usr/lib/gcc/arm-none-eabi/13.2.1/../../../arm-none-eabi/lib/thumb/v7e-m+fp/hard/crt0.o (exit)
/usr/lib/gcc/arm-none-eabi/13.2.1/../../../arm-none-eabi/lib/thumb/v7e-m+fp/hard/libc_nano.a(libc_a-atexit.o)
                              /usr/lib/gcc/arm-none-eabi/13.2.1/../../../arm-none-eabi/lib/thumb/v7e-m+fp/hard/crt0.o (atexit)
/usr/lib/gcc/arm-none-eabi/13.2.1/../../../arm-none-eabi/lib/thumb/v7e-m+fp/hard/libc_nano.a(libc_a-fini.o)
                              /usr/lib/gcc/arm-none-eabi/13.2.1/../../../arm-none-eabi/lib/thumb/v7e-m+fp/hard/crt0.o (__libc_fini_array)
/usr/lib/gcc/arm-none-eabi/13.2.1/../../../arm-none-eabi/lib/thumb/v7e-m+fp/hard/libc_nano.a(libc_a-mprec.o)
                              /usr/lib/gcc/arm-none-eabi/13.2.1/../../../arm-none-eabi/lib/thumb/v7e-m+fp/hard/libc_nano.a(libc_a-ecvtbuf.o) (_mprec_log10)
/usr/lib/gcc/arm-none-eabi/13.2.1/../../../arm-none-eabi/lib/thumb/v7e-m+fp/hard/libc_nano.a(libc_a-strcpy.o)
                              /usr/lib/gcc/arm-none-eabi/13.2.1/../../../arm-none-eabi/lib/thumb/v7e-m+fp/hard/libc_nano.a(libc_a-ecvtbuf.o) (strcpy)
/usr/lib/gcc/arm-none-eabi/13.2.1/../../../arm-none-eabi/lib/thumb/v7e-m+fp/hard/libc_nano.a(libc_a-findfp.o)
                              /usr/lib/gcc/arm-none-eabi/13.2.1/../../../arm-none-eabi/lib/thumb/v7e-m+fp/hard/libc_nano.a(libc_a-exit.o) (__stdio_exit_handler)
/usr/lib/gcc/arm-none-eabi/13.2.1/../../../arm-none-eabi/lib/thumb/v7e-m+fp/hard/libc_nano.a(libc_a-fflush.o)
                              /usr/lib/gcc/arm-none-eabi/13.2.1/../../../arm-none-eabi/lib/thumb/v7e-m+fp/hard/libc_nano.a(libc_a-findfp.o) (_fflush_r)
/usr/lib/gcc/arm-none-eabi/13.2.1/../../../arm-none-eabi/lib/thumb/v7e-m+fp/hard/libc_nano.a(libc_a-callocr.o)
                              /usr/lib/gcc/arm-none-eabi/13.2.1/../../../arm-none-eabi/lib/thumb/v7e-m+fp/hard/libc_nano.a(libc_a-mprec.o) (_calloc_r)
/usr/lib/gcc/arm-none-eabi/13.2.1/../../../arm-none-eabi/lib/thumb/v7e-m+fp/hard/libc_nano.a(libc_a-mallocr.o)
                              /usr/lib/gcc/arm-none-eabi/13.2.1/../../../arm-none-eabi/lib/thumb/v7e-m+fp/hard/libc_nano.a(libc_a-findfp.o) (_malloc_r)
/usr/lib/gcc/arm-none-eabi/13.2.1/../../../arm-none-eabi/lib/thumb/v7e-m+fp/hard/libc_nano.a(libc_a-dtoa.o)
                              /usr/lib/gcc/arm-none-eabi/13.2.1/../../../arm-none-eabi/lib/thumb/v7e-m+fp/hard/libc_nano.a(libc_a-ecvtbuf.o) (_dtoa_r)
/usr/lib/gcc/arm-none-eabi/13.2.1/../../../arm-none-eabi/lib/thumb/v7e-m+fp/hard/libc_nano.a(libc_a-freer.o)
                              /usr/lib/gcc/arm-none-eabi/13.2.1/../../../arm-none-eabi/lib/thumb/v7e-m+fp/hard/libc_nano.a(libc_a-fflush.o) (_free_r)
/usr/lib/gcc/arm-none-eabi/13.2.1/../../../arm-none-eabi/lib/thumb/v7e-m+fp/hard/libc_nano.a(libc_a-fwalk.o)
                              /usr/lib/gcc/arm-none-eabi/13.2.1/../../../arm-none-eabi/lib/thumb/v7e-m+fp/hard/libc_nano.a(libc_a-findfp.o) (_fwalk_sglue)
/usr/lib/gcc/arm-none-eabi/13.2.1/../../../arm-none-eabi/lib/thumb/v7e-m+fp/hard/libc_nano.a(libc_a-malloc.o)
[...]
Memory Configuration

Name             Origin             Length             Attributes
RAM              0x20000000         0x0000c000         xrw
RAM2             0x10000000         0x00004000         xrw
FLASH            0x08000000         0x00040000         xr
*default*        0x00000000         0xffffffff

Linker script and memory map

LOAD /usr/lib/gcc/arm-none-eabi/13.2.1/thumb/v7e-m+fp/hard/crti.o
LOAD /usr/lib/gcc/arm-none-eabi/13.2.1/thumb/v7e-m+fp/hard/crtbegin.o
LOAD /usr/lib/gcc/arm-none-eabi/13.2.1/../../../arm-none-eabi/lib/thumb/v7e-m+fp/hard/crt0.o
LOAD build/main.o
LOAD build/gpio.o
LOAD build/adc.o
LOAD build/i2c.o
LOAD build/motor.o
LOAD build/spi.o
LOAD build/display.o
LOAD build/clocks.o
LOAD build/fonts.o
LOAD build/dac.o
LOAD build/stm32l4xx_it.o
LOAD build/stm32l4xx_hal_msp.o
LOAD build/stm32l4xx_hal_adc.o
LOAD build/stm32l4xx_hal_adc_ex.o
LOAD build/stm32l4xx_hal.o
LOAD build/stm32l4xx_hal_rcc.o
LOAD build/stm32l4xx_hal_rcc_ex.o
LOAD build/stm32l4xx_hal_flash.o
LOAD build/stm32l4xx_hal_flash_ex.o
LOAD build/stm32l4xx_hal_flash_ramfunc.o
LOAD build/stm32l4xx_hal_gpio.o
LOAD build/stm32l4xx_hal_i2c.o
LOAD build/stm32l4xx_hal_i2c_ex.o
LOAD build/stm32l4xx_hal_dma.o
LOAD build/stm32l4xx_hal_dma_ex.o
LOAD build/stm32l4xx_hal_pwr.o
LOAD build/stm32l4xx_hal_pwr_ex.o
LOAD build/stm32l4xx_hal_cortex.o
LOAD build/stm32l4xx_hal_exti.o
LOAD build/stm32l4xx_hal_spi.o
LOAD build/stm32l4xx_hal_spi_ex.o
LOAD build/stm32l4xx_hal_tim.o
LOAD build/stm32l4xx_hal_tim_ex.o
LOAD build/system_stm32l4xx.o
LOAD build/sysmem.o
LOAD build/syscalls.o
LOAD build/startup_stm32l431xx.o
LOAD /usr/lib/gcc/arm-none-eabi/13.2.1/../../../arm-none-eabi/lib/thumb/v7e-m+fp/hard/libc_nano.a
LOAD /usr/lib/gcc/arm-none-eabi/13.2.1/../../../arm-none-eabi/lib/thumb/v7e-m+fp/hard/libm.a
LOAD /usr/lib/gcc/arm-none-eabi/13.2.1/../../../arm-none-eabi/lib/thumb/v7e-m+fp/hard/libnosys.a
START GROUP
LOAD /usr/lib/gcc/arm-none-eabi/13.2.1/thumb/v7e-m+fp/hard/libgcc.a
LOAD /usr/lib/gcc/arm-none-eabi/13.2.1/../../../arm-none-eabi/lib/thumb/v7e-m+fp/hard/libc_nano.a
END GROUP
START GROUP
LOAD /usr/lib/gcc/arm-none-eabi/13.2.1/thumb/v7e-m+fp/hard/libgcc.a
LOAD /usr/lib/gcc/arm-none-eabi/13.2.1/../../../arm-none-eabi/lib/thumb/v7e-m+fp/hard/libc_nano.a
END GROUP
LOAD /usr/lib/gcc/arm-none-eabi/13.2.1/thumb/v7e-m+fp/hard/crtend.o
LOAD /usr/lib/gcc/arm-none-eabi/13.2.1/thumb/v7e-m+fp/hard/crtn.o
                0x2000c000                        _estack = (ORIGIN (RAM) + LENGTH (RAM))
                0x00000200                        _Min_Heap_Size = 0x200
                0x00000400                        _Min_Stack_Size = 0x400

.isr_vector     0x08000000      0x190
                0x08000000                        . = ALIGN (0x8)
 *(.isr_vector)
 .isr_vector    0x08000000      0x18c build/startup_stm32l431xx.o
                0x08000000                g_pfnVectors
                0x08000190                        . = ALIGN (0x8)
 *fill*         0x0800018c        0x4 

.text           0x08000190     0x7df0
                0x08000190                        . = ALIGN (0x8)
 *(.text)
 .text          0x08000190       0x88 /usr/lib/gcc/arm-none-eabi/13.2.1/thumb/v7e-m+fp/hard/crtbegin.o
 .text          0x08000218      0x104 /usr/lib/gcc/arm-none-eabi/13.2.1/../../../arm-none-eabi/lib/thumb/v7e-m+fp/hard/libc_nano.a(libc_a-efgcvt.o)
                0x08000218                fcvt
                0x08000220                fcvtf
                0x08000244                gcvt
                0x0800029c                gcvtf
                0x080002f0                ecvt
                0x080002f8                ecvtf
 .text          0x0800031c       0x50 /usr/lib/gcc/arm-none-eabi/13.2.1/../../../arm-none-eabi/lib/thumb/v7e-m+fp/hard/libc_nano.a(libc_a-init.o)
                0x0800031c                __libc_init_array
 .text          0x0800036c       0xa4 /usr/lib/gcc/arm-none-eabi/13.2.1/../../../arm-none-eabi/lib/thumb/v7e-m+fp/hard/libc_nano.a(libc_a-memset.o)
                0x0800036c                memset
 .text          0x08000410        0xc /usr/lib/gcc/arm-none-eabi/13.2.1/../../../arm-none-eabi/lib/thumb/v7e-m+fp/hard/libc_nano.a(libc_a-errno.o)
                0x08000410                __errno
 .text          0x0800041c      0x134 /usr/lib/gcc/arm-none-eabi/13.2.1/../../../arm-none-eabi/lib/thumb/v7e-m+fp/hard/libc_nano.a(libc_a-memcpy.o)
                0x0800041c                memcpy
 .text          0x08000550      0x554 /usr/lib/gcc/arm-none-eabi/13.2.1/../../../arm-none-eabi/lib/thumb/v7e-m+fp/hard/libc_nano.a(libc_a-ecvtbuf.o)
                0x0800065c                fcvtbuf
                0x08000700                ecvtbuf
                0x0800079c                _gcvt
                0x08000918                _dcvt
 .text          0x08000aa4      0xb10 /usr/lib/gcc/arm-none-eabi/13.2.1/../../../arm-none-eabi/lib/thumb/v7e-m+fp/hard/libc_nano.a(libc_a-mprec.o)
                0x08000aa4                _Balloc
                0x08000b24                _Bfree
                0x08000b6c                __multadd
                0x08000c08                __s2b
                0x08000cbc                __hi0bits
                0x08000d00                __lo0bits
                0x08000d60                __i2b
                0x08000d8c                __multiply
                0x08000ef8                __pow5mult
                0x08000fd8                __lshift
                0x080010c0                __mcmp
                0x08001104                __mdiff
                0x0800127c                __ulp
                0x080012e0                __b2d
                0x0800139c                __d2b
                0x0800145c                __ratio
                0x080014bc                _mprec_log10
                0x080014fc                __copybits
                0x08001558                __any_on
 .text          0x080015b4       0xbc /usr/lib/gcc/arm-none-eabi/13.2.1/../../../arm-none-eabi/lib/thumb/v7e-m+fp/hard/libc_nano.a(libc_a-strcpy.o)
                0x080015b4                strcpy
 .text          0x08001670      0x224 /usr/lib/gcc/arm-none-eabi/13.2.1/../../../arm-none-eabi/lib/thumb/v7e-m+fp/hard/libc_nano.a(libc_a-findfp.o)
                0x080017a0                __sfp
                0x08001844                __sinit
                0x08001864                __sfp_lock_acquire
                0x08001868                __sfp_lock_release
                0x0800186c                __fp_lock_all
                0x08001880                __fp_unlock_all
 .text          0x08001894      0x1a8 /usr/lib/gcc/arm-none-eabi/13.2.1/../../../arm-none-eabi/lib/thumb/v7e-m+fp/hard/libc_nano.a(libc_a-fflush.o)
                0x08001894                __sflush_r
                0x080019b8                _fflush_r
                0x080019f0                fflush
 .text          0x08001a3c       0x28 /usr/lib/gcc/arm-none-eabi/13.2.1/../../../arm-none-eabi/lib/thumb/v7e-m+fp/hard/libc_nano.a(libc_a-callocr.o)
                0x08001a3c                _calloc_r
 .text          0x08001a64      0x148 /usr/lib/gcc/arm-none-eabi/13.2.1/../../../arm-none-eabi/lib/thumb/v7e-m+fp/hard/libc_nano.a(libc_a-mallocr.o)
                0x08001aac                _malloc_r
 *fill*         0x08001bac        0x4 
 .text          0x08001bb0      0xfdc /usr/lib/gcc/arm-none-eabi/13.2.1/../../../arm-none-eabi/lib/thumb/v7e-m+fp/hard/libc_nano.a(libc_a-dtoa.o)
                0x08001cdc                _dtoa_r
 .text          0x08002b8c       0xbc /usr/lib/gcc/arm-none-eabi/13.2.1/../../../arm-none-eabi/lib/thumb/v7e-m+fp/hard/libc_nano.a(libc_a-freer.o)
                0x08002b8c                _free_r
 .text          0x08002c48       0x44 /usr/lib/gcc/arm-none-eabi/13.2.1/../../../arm-none-eabi/lib/thumb/v7e-m+fp/hard/libc_nano.a(libc_a-fwalk.o)
                0x08002c48                _fwalk_sglue
 .text          0x08002c8c       0x20 /usr/lib/gcc/arm-none-eabi/13.2.1/../../../arm-none-eabi/lib/thumb/v7e-m+fp/hard/libc_nano.a(libc_a-malloc.o)
                0x08002c8c                malloc
                0x08002c9c                free
 .text          0x08002cac       0x64 /usr/lib/gcc/arm-none-eabi/13.2.1/../../../arm-none-eabi/lib/thumb/v7e-m+fp/hard/libc_nano.a(libc_a-reallocr.o)
                0x08002cac                _realloc_r
 .text          0x08002d10        0x8 /usr/lib/gcc/arm-none-eabi/13.2.1/../../../arm-none-eabi/lib/thumb/v7e-m+fp/hard/libc_nano.a(libc_a-mlock.o)
                0x08002d10                __malloc_lock
                0x08002d14                __malloc_unlock
 .text          0x08002d18       0x4c /usr/lib/gcc/arm-none-eabi/13.2.1/../../../arm-none-eabi/lib/thumb/v7e-m+fp/hard/libc_nano.a(libc_a-assert.o)
                0x08002d18                __assert_func
                0x08002d58                __assert
 .text          0x08002d64       0x24 /usr/lib/gcc/arm-none-eabi/13.2.1/../../../arm-none-eabi/lib/thumb/v7e-m+fp/hard/libc_nano.a(libc_a-sbrkr.o)
                0x08002d64                _sbrk_r
 .text          0x08002d88       0x94 /usr/lib/gcc/arm-none-eabi/13.2.1/../../../arm-none-eabi/lib/thumb/v7e-m+fp/hard/libc_nano.a(libc_a-stdio.o)
                0x08002d88                __sread
                0x08002dac                __seofread
                0x08002db0                __swrite
                0x08002df0                __sseek
                0x08002e14                __sclose
 .text          0x08002e1c       0x10 /usr/lib/gcc/arm-none-eabi/13.2.1/../../../arm-none-eabi/lib/thumb/v7e-m+fp/hard/libc_nano.a(libc_a-msizer.o)
                0x08002e1c                _malloc_usable_size_r
 .text          0x08002e2c       0x10 /usr/lib/gcc/arm-none-eabi/13.2.1/../../../arm-none-eabi/lib/thumb/v7e-m+fp/hard/libc_nano.a(libc_a-abort.o)
                0x08002e2c                abort
 .text          0x08002e3c       0x24 /usr/lib/gcc/arm-none-eabi/13.2.1/../../../arm-none-eabi/lib/thumb/v7e-m+fp/hard/libc_nano.a(libc_a-closer.o)
                0x08002e3c                _close_r
 .text          0x08002e60       0x2c /usr/lib/gcc/arm-none-eabi/13.2.1/../../../arm-none-eabi/lib/thumb/v7e-m+fp/hard/libc_nano.a(libc_a-readr.o)
                0x08002e60                _read_r
 .text          0x08002e8c       0x44 /usr/lib/gcc/arm-none-eabi/13.2.1/../../../arm-none-eabi/lib/thumb/v7e-m+fp/hard/libc_nano.a(libc_a-fprintf.o)
                0x08002e8c                _fprintf_r
                0x08002e8c                _fiprintf_r
                0x08002ea8                fprintf
                0x08002ea8                fiprintf
 .text          0x08002ed0       0x2c /usr/lib/gcc/arm-none-eabi/13.2.1/../../../arm-none-eabi/lib/thumb/v7e-m+fp/hard/libc_nano.a(libc_a-lseekr.o)
                0x08002ed0                _lseek_r
 .text          0x08002efc       0x2c /usr/lib/gcc/arm-none-eabi/13.2.1/../../../arm-none-eabi/lib/thumb/v7e-m+fp/hard/libc_nano.a(libc_a-writer.o)
                0x08002efc                _write_r
 .text          0x08002f28      0x314 /usr/lib/gcc/arm-none-eabi/13.2.1/../../../arm-none-eabi/lib/thumb/v7e-m+fp/hard/libc_nano.a(libc_a-nano-vfprintf.o)
                0x08002f64                __sfputs_r
                0x08002f94                __sprint_r
                0x08002fb4                _vfiprintf_r
                0x08002fb4                _vfprintf_r
                0x08003220                vfiprintf
                0x08003220                vfprintf
 .text          0x0800323c       0xa0 /usr/lib/gcc/arm-none-eabi/13.2.1/../../../arm-none-eabi/lib/thumb/v7e-m+fp/hard/libc_nano.a(libc_a-wbuf.o)
                0x0800323c                __swbuf_r
                0x080032c4                __swbuf
 .text          0x080032dc      0x300 /usr/lib/gcc/arm-none-eabi/13.2.1/../../../arm-none-eabi/lib/thumb/v7e-m+fp/hard/libc_nano.a(libc_a-fvwrite.o)
                0x080032dc                __sfvwrite_r
 .text          0x080035dc      0x260 /usr/lib/gcc/arm-none-eabi/13.2.1/../../../arm-none-eabi/lib/thumb/v7e-m+fp/hard/libc_nano.a(libc_a-signal.o)
                0x080035dc                _init_signal_r
                0x08003608                _signal_r
                0x08003654                _raise_r
                0x080036a4                __sigtramp_r
                0x08003704                raise
                0x08003758                signal
                0x080037a4                _init_signal
                0x080037d8                __sigtramp
 .text          0x0800383c      0x100 /usr/lib/gcc/arm-none-eabi/13.2.1/../../../arm-none-eabi/lib/thumb/v7e-m+fp/hard/libc_nano.a(libc_a-memmove.o)
                0x0800383c                memmove
 *fill*         0x0800393c        0x4 
 .text          0x08003940       0xa0 /usr/lib/gcc/arm-none-eabi/13.2.1/../../../arm-none-eabi/lib/thumb/v7e-m+fp/hard/libc_nano.a(libc_a-memchr.o)
                0x08003940                memchr
 .text          0x080039e0       0xc4 /usr/lib/gcc/arm-none-eabi/13.2.1/../../../arm-none-eabi/lib/thumb/v7e-m+fp/hard/libc_nano.a(libc_a-wsetup.o)
                0x080039e0                __swsetup_r
 .text          0x08003aa4      0x3a8 /usr/lib/gcc/arm-none-eabi/13.2.1/../../../arm-none-eabi/lib/thumb/v7e-m+fp/hard/libc_nano.a(libc_a-nano-vfprintf_i.o)
                0x08003aa4                _printf_common
                0x08003bc8                _printf_i
 .text          0x08003e4c      0x114 /usr/lib/gcc/arm-none-eabi/13.2.1/../../../arm-none-eabi/lib/thumb/v7e-m+fp/hard/libc_nano.a(libc_a-makebuf.o)
                0x08003e4c                __smakebuf_r
                0x08003f10                __swhatbuf_r
 .text          0x08003f60       0x24 /usr/lib/gcc/arm-none-eabi/13.2.1/../../../arm-none-eabi/lib/thumb/v7e-m+fp/hard/libc_nano.a(libc_a-isattyr.o)
                0x08003f60                _isatty_r
 .text          0x08003f84       0x30 /usr/lib/gcc/arm-none-eabi/13.2.1/../../../arm-none-eabi/lib/thumb/v7e-m+fp/hard/libc_nano.a(libc_a-signalr.o)
                0x08003f84                _kill_r
                0x08003fb0                _getpid_r
 .text          0x08003fb4       0x2c /usr/lib/gcc/arm-none-eabi/13.2.1/../../../arm-none-eabi/lib/thumb/v7e-m+fp/hard/libc_nano.a(libc_a-fstatr.o)
                0x08003fb4                _fstat_r
 .text          0x08003fe0      0x378 /usr/lib/gcc/arm-none-eabi/13.2.1/thumb/v7e-m+fp/hard/libgcc.a(_arm_addsubdf3.o)
                0x08003fe0                __aeabi_drsub
                0x08003fe8                __aeabi_dsub
                0x08003fe8                __subdf3
                0x08003fec                __adddf3
                0x08003fec                __aeabi_dadd
                0x08004264                __aeabi_ui2d
                0x08004264                __floatunsidf
                0x08004284                __floatsidf
                0x08004284                __aeabi_i2d
                0x080042a8                __extendsfdf2
                0x080042a8                __aeabi_f2d
                0x080042ec                __aeabi_ul2d
                0x080042ec                __floatundidf
                0x080042fc                __floatdidf
                0x080042fc                __aeabi_l2d
 .text          0x08004358      0x424 /usr/lib/gcc/arm-none-eabi/13.2.1/thumb/v7e-m+fp/hard/libgcc.a(_arm_muldivdf3.o)
                0x08004358                __aeabi_dmul
                0x08004358                __muldf3
                0x080045ac                __aeabi_ddiv
                0x080045ac                __divdf3
 .text          0x0800477c      0x110 /usr/lib/gcc/arm-none-eabi/13.2.1/thumb/v7e-m+fp/hard/libgcc.a(_arm_cmpdf2.o)
                0x0800477c                __gtdf2
                0x0800477c                __gedf2
                0x08004784                __ltdf2
                0x08004784                __ledf2
                0x0800478c                __cmpdf2
                0x0800478c                __eqdf2
                0x0800478c                __nedf2
                0x08004808                __aeabi_cdrcmple
                0x08004818                __aeabi_cdcmple
                0x08004818                __aeabi_cdcmpeq
                0x08004828                __aeabi_dcmpeq
                0x0800483c                __aeabi_dcmplt
                0x08004850                __aeabi_dcmple
                0x08004864                __aeabi_dcmpge
                0x08004878                __aeabi_dcmpgt
 .text          0x0800488c       0x50 /usr/lib/gcc/arm-none-eabi/13.2.1/thumb/v7e-m+fp/hard/libgcc.a(_arm_fixdfsi.o)
                0x0800488c                __fixdfsi
                0x0800488c                __aeabi_d2iz
 .text          0x080048dc       0xa0 /usr/lib/gcc/arm-none-eabi/13.2.1/thumb/v7e-m+fp/hard/libgcc.a(_arm_truncdfsf2.o)
                0x080048dc                __aeabi_d2f
                0x080048dc                __truncdfsf2
 *(.text*)
 *fill*         0x0800497c        0x4 
 .text.main     0x08004980      0x1ac build/main.o
                0x08004980                main
 .text.EXTI1_IRQHandler
                0x08004b2c       0x1c build/main.o
                0x08004b2c                EXTI1_IRQHandler
 .text.EXTI9_5_IRQHandler
                0x08004b48       0x1c build/main.o
                0x08004b48                EXTI9_5_IRQHandler
 .text.EXTI15_10_IRQHandler
                0x08004b64       0x50 build/main.o
                0x08004b64                EXTI15_10_IRQHandler
 .text.ADC1_IRQHandler
                0x08004bb4       0x14 build/main.o
                0x08004bb4                ADC1_IRQHandler
 .text.DMA1_Channel1_IRQHandler
                0x08004bc8       0x30 build/main.o
                0x08004bc8                DMA1_Channel1_IRQHandler
 .text.Error_Handler
                0x08004bf8        0x4 build/main.o
                0x08004bf8                Error_Handler
 .text.MX_GPIO_Init
                0x08004bfc       0xd0 build/gpio.o
                0x08004bfc                MX_GPIO_Init
 .text.button_interrupt_init
                0x08004ccc       0x44 build/gpio.o
                0x08004ccc                button_interrupt_init
 .text.adc_init
                0x08004d10      0x148 build/adc.o
                0x08004d10                adc_init
 .text.MX_I2C3_Init
                0x08004e58       0x58 build/i2c.o
                0x08004e58                MX_I2C3_Init
 .text.HAL_I2C_MspInit
                0x08004eb0       0xe0 build/i2c.o
                0x08004eb0                HAL_I2C_MspInit
 .text.motor_write
                0x08004f90       0x28 build/motor.o
                0x08004f90                motor_write
 .text.motor_init
                0x08004fb8       0x50 build/motor.o
                0x08004fb8                motor_init
 .text.MX_SPI1_Init
                0x08005008       0x4c build/spi.o
                0x08005008                MX_SPI1_Init
 .text.HAL_SPI_MspInit
                0x08005054       0x78 build/spi.o
                0x08005054                HAL_SPI_MspInit
 .text.command  0x080050cc       0x4c build/display.o
                0x080050cc                command
 .text.data     0x08005118       0x4c build/display.o
                0x08005118                data
 .text.SSD1306_DrawPixel
                0x08005164       0x5c build/display.o
                0x08005164                SSD1306_DrawPixel
 .text.SSD1306_GotoXY
                0x080051c0        0xc build/display.o
                0x080051c0                SSD1306_GotoXY
 .text.SSD1306_Putc
                0x080051cc       0x9c build/display.o
                0x080051cc                SSD1306_Putc
 .text.SSD1306_Puts
                0x08005268       0x22 build/display.o
                0x08005268                SSD1306_Puts
 .text.SSD1306_DrawLine
                0x0800528a      0x13a build/display.o
                0x0800528a                SSD1306_DrawLine
 .text.SSD1306_DrawFilledRectangle
                0x080053c4       0x5c build/display.o
                0x080053c4                SSD1306_DrawFilledRectangle
 .text.Set_Page_Address
                0x08005420        0xc build/display.o
                0x08005420                Set_Page_Address
 .text.Set_Column_Address
                0x0800542c       0x18 build/display.o
                0x0800542c                Set_Column_Address
 .text.SSD1306_UpdateScreen
                0x08005444       0x3c build/display.o
                0x08005444                SSD1306_UpdateScreen
 .text.SSD1306_Fill
                0x08005480       0x54 build/display.o
                0x08005480                SSD1306_Fill
 .text.display_init
                0x080054d4      0x104 build/display.o
                0x080054d4                display_init
 .text.display_test
                0x080055d8       0xa8 build/display.o
                0x080055d8                display_test
 .text.SystemClock_Config
                0x08005680       0x82 build/clocks.o
                0x08005680                SystemClock_Config
 *fill*         0x08005702        0x2 
 .text.dac_init
                0x08005704       0xa8 build/dac.o
                0x08005704                dac_init
 .text.dac_data_send
                0x080057ac        0xc build/dac.o
                0x080057ac                dac_data_send
 .text.NMI_Handler
                0x080057b8        0x2 build/stm32l4xx_it.o
                0x080057b8                NMI_Handler
 .text.HardFault_Handler
                0x080057ba        0x2 build/stm32l4xx_it.o
                0x080057ba                HardFault_Handler
 .text.MemManage_Handler
                0x080057bc        0x2 build/stm32l4xx_it.o
                0x080057bc                MemManage_Handler
 .text.BusFault_Handler
                0x080057be        0x2 build/stm32l4xx_it.o
                0x080057be                BusFault_Handler
 .text.UsageFault_Handler
                0x080057c0        0x2 build/stm32l4xx_it.o
                0x080057c0                UsageFault_Handler
 .text.SVC_Handler
                0x080057c2        0x2 build/stm32l4xx_it.o
                0x080057c2                SVC_Handler
 .text.DebugMon_Handler
                0x080057c4        0x2 build/stm32l4xx_it.o
                0x080057c4                DebugMon_Handler
 .text.PendSV_Handler
                0x080057c6        0x2 build/stm32l4xx_it.o
                0x080057c6                PendSV_Handler
 .text.SysTick_Handler
                0x080057c8        0x8 build/stm32l4xx_it.o
                0x080057c8                SysTick_Handler
 .text.SPI1_IRQHandler
                0x080057d0       0x10 build/stm32l4xx_it.o
                0x080057d0                SPI1_IRQHandler
 .text.I2C3_EV_IRQHandler
                0x080057e0       0x10 build/stm32l4xx_it.o
                0x080057e0                I2C3_EV_IRQHandler
 .text.I2C3_ER_IRQHandler
                0x080057f0       0x10 build/stm32l4xx_it.o
                0x080057f0                I2C3_ER_IRQHandler
 .text.HAL_MspInit
                0x08005800       0x30 build/stm32l4xx_hal_msp.o
                0x08005800                HAL_MspInit
 .text.ADC_Disable
                0x08005830       0x94 build/stm32l4xx_hal_adc.o
                0x08005830                ADC_Disable
 .text.HAL_ADCEx_Calibration_Start
                0x080058c4       0x98 build/stm32l4xx_hal_adc_ex.o
                0x080058c4                HAL_ADCEx_Calibration_Start
 .text.HAL_InitTick
                0x0800595c       0x50 build/stm32l4xx_hal.o
                0x0800595c                HAL_InitTick
 .text.HAL_Init
                0x080059ac       0x1e build/stm32l4xx_hal.o
                0x080059ac                HAL_Init
 *fill*         0x080059ca        0x2 
 .text.HAL_IncTick
                0x080059cc       0x18 build/stm32l4xx_hal.o
                0x080059cc                HAL_IncTick
 .text.HAL_GetTick
                0x080059e4        0xc build/stm32l4xx_hal.o
                0x080059e4                HAL_GetTick
 .text.HAL_Delay
                0x080059f0       0x28 build/stm32l4xx_hal.o
                0x080059f0                HAL_Delay
 .text.RCC_SetFlashLatencyFromMSIRange
                0x08005a18       0x90 build/stm32l4xx_hal_rcc.o
 .text.HAL_RCC_GetSysClockFreq
                0x08005aa8       0xb4 build/stm32l4xx_hal_rcc.o
                0x08005aa8                HAL_RCC_GetSysClockFreq
 .text.HAL_RCC_OscConfig
                0x08005b5c      0x66c build/stm32l4xx_hal_rcc.o
                0x08005b5c                HAL_RCC_OscConfig
 .text.HAL_RCC_ClockConfig
                0x080061c8      0x188 build/stm32l4xx_hal_rcc.o
                0x080061c8                HAL_RCC_ClockConfig
 .text.RCCEx_PLLSAI1_Config
                0x08006350      0x170 build/stm32l4xx_hal_rcc_ex.o
 .text.HAL_RCCEx_PeriphCLKConfig
                0x080064c0      0x31c build/stm32l4xx_hal_rcc_ex.o
                0x080064c0                HAL_RCCEx_PeriphCLKConfig
 .text.HAL_GPIO_Init
                0x080067dc      0x1c8 build/stm32l4xx_hal_gpio.o
                0x080067dc                HAL_GPIO_Init
 .text.HAL_GPIO_WritePin
                0x080069a4        0xa build/stm32l4xx_hal_gpio.o
                0x080069a4                HAL_GPIO_WritePin
 .text.I2C_Flush_TXDR
                0x080069ae       0x22 build/stm32l4xx_hal_i2c.o
 .text.I2C_TransferConfig
                0x080069d0       0x3c build/stm32l4xx_hal_i2c.o
 .text.I2C_Disable_IRQ
                0x08006a0c       0x70 build/stm32l4xx_hal_i2c.o
 .text.I2C_IsErrorOccurred
                0x08006a7c      0x114 build/stm32l4xx_hal_i2c.o
 .text.I2C_WaitOnTXISFlagUntilTimeout
                0x08006b90       0x60 build/stm32l4xx_hal_i2c.o
 .text.I2C_WaitOnFlagUntilTimeout
                0x08006bf0       0x6a build/stm32l4xx_hal_i2c.o
 .text.I2C_WaitOnSTOPFlagUntilTimeout
                0x08006c5a       0x5e build/stm32l4xx_hal_i2c.o
 .text.HAL_I2C_Init
                0x08006cb8       0xc8 build/stm32l4xx_hal_i2c.o
                0x08006cb8                HAL_I2C_Init
 .text.HAL_I2C_Master_Transmit
                0x08006d80      0x1a4 build/stm32l4xx_hal_i2c.o
                0x08006d80                HAL_I2C_Master_Transmit
 .text.HAL_I2C_EV_IRQHandler
                0x08006f24       0x10 build/stm32l4xx_hal_i2c.o
                0x08006f24                HAL_I2C_EV_IRQHandler
 .text.HAL_I2C_SlaveTxCpltCallback
                0x08006f34        0x2 build/stm32l4xx_hal_i2c.o
                0x08006f34                HAL_I2C_SlaveTxCpltCallback
 .text.HAL_I2C_SlaveRxCpltCallback
                0x08006f36        0x2 build/stm32l4xx_hal_i2c.o
                0x08006f36                HAL_I2C_SlaveRxCpltCallback
 .text.I2C_ITSlaveSeqCplt
                0x08006f38       0x82 build/stm32l4xx_hal_i2c.o
 .text.HAL_I2C_AddrCallback
                0x08006fba        0x2 build/stm32l4xx_hal_i2c.o
                0x08006fba                HAL_I2C_AddrCallback
 .text.I2C_ITAddrCplt
                0x08006fbc       0xa0 build/stm32l4xx_hal_i2c.o
 .text.HAL_I2C_ListenCpltCallback
                0x0800705c        0x2 build/stm32l4xx_hal_i2c.o
                0x0800705c                HAL_I2C_ListenCpltCallback
 *fill*         0x0800705e        0x2 
 .text.I2C_ITListenCplt
                0x08007060       0x68 build/stm32l4xx_hal_i2c.o
 .text.HAL_I2C_ErrorCallback
                0x080070c8        0x2 build/stm32l4xx_hal_i2c.o
                0x080070c8                HAL_I2C_ErrorCallback
 .text.HAL_I2C_AbortCpltCallback
                0x080070ca        0x2 build/stm32l4xx_hal_i2c.o
                0x080070ca                HAL_I2C_AbortCpltCallback
 .text.I2C_TreatErrorCallback
                0x080070cc       0x2e build/stm32l4xx_hal_i2c.o
 *fill*         0x080070fa        0x2 
 .text.I2C_ITError
                0x080070fc      0x130 build/stm32l4xx_hal_i2c.o
 .text.I2C_ITSlaveCplt
                0x0800722c      0x174 build/stm32l4xx_hal_i2c.o
 .text.I2C_Slave_ISR_IT
                0x080073a0      0x14e build/stm32l4xx_hal_i2c.o
 .text.HAL_I2C_ER_IRQHandler
                0x080074ee       0x6a build/stm32l4xx_hal_i2c.o
                0x080074ee                HAL_I2C_ER_IRQHandler
 .text.I2C_DMAAbort
                0x08007558       0x1a build/stm32l4xx_hal_i2c.o
 .text.HAL_I2CEx_ConfigAnalogFilter
                0x08007572       0x5c build/stm32l4xx_hal_i2c_ex.o
                0x08007572                HAL_I2CEx_ConfigAnalogFilter
 .text.HAL_I2CEx_ConfigDigitalFilter
                0x080075ce       0x58 build/stm32l4xx_hal_i2c_ex.o
                0x080075ce                HAL_I2CEx_ConfigDigitalFilter
 .text.HAL_DMA_Abort_IT
                0x08007626       0x50 build/stm32l4xx_hal_dma.o
                0x08007626                HAL_DMA_Abort_IT
 .text.HAL_DMA_GetState
                0x08007676        0x6 build/stm32l4xx_hal_dma.o
                0x08007676                HAL_DMA_GetState
 .text.HAL_PWREx_GetVoltageRange
                0x0800767c       0x10 build/stm32l4xx_hal_pwr_ex.o
                0x0800767c                HAL_PWREx_GetVoltageRange
 .text.HAL_PWREx_ControlVoltageScaling
                0x0800768c       0x90 build/stm32l4xx_hal_pwr_ex.o
                0x0800768c                HAL_PWREx_ControlVoltageScaling
 .text.__NVIC_EnableIRQ
                0x0800771c       0x1c build/stm32l4xx_hal_cortex.o
 .text.__NVIC_SetPriority
                0x08007738       0x28 build/stm32l4xx_hal_cortex.o
 .text.NVIC_EncodePriority
                0x08007760       0x3e build/stm32l4xx_hal_cortex.o
 *fill*         0x0800779e        0x2 
 .text.HAL_NVIC_SetPriorityGrouping
                0x080077a0       0x24 build/stm32l4xx_hal_cortex.o
                0x080077a0                HAL_NVIC_SetPriorityGrouping
 .text.HAL_NVIC_SetPriority
                0x080077c4       0x20 build/stm32l4xx_hal_cortex.o
                0x080077c4                HAL_NVIC_SetPriority
 .text.HAL_NVIC_EnableIRQ
                0x080077e4        0x8 build/stm32l4xx_hal_cortex.o
                0x080077e4                HAL_NVIC_EnableIRQ
 .text.HAL_SYSTICK_Config
                0x080077ec       0x28 build/stm32l4xx_hal_cortex.o
                0x080077ec                HAL_SYSTICK_Config
 .text.SPI_WaitFlagStateUntilTimeout
                0x08007814       0xc8 build/stm32l4xx_hal_spi.o
 .text.SPI_WaitFifoStateUntilTimeout
                0x080078dc       0xf0 build/stm32l4xx_hal_spi.o
 .text.SPI_EndRxTxTransaction
                0x080079cc       0x62 build/stm32l4xx_hal_spi.o
 .text.HAL_SPI_Init
                0x08007a2e       0xde build/stm32l4xx_hal_spi.o
                0x08007a2e                HAL_SPI_Init
 .text.HAL_SPI_Transmit
                0x08007b0c      0x1fe build/stm32l4xx_hal_spi.o
                0x08007b0c                HAL_SPI_Transmit
 .text.HAL_SPI_ErrorCallback
                0x08007d0a        0x2 build/stm32l4xx_hal_spi.o
                0x08007d0a                HAL_SPI_ErrorCallback
 .text.HAL_SPI_IRQHandler
                0x08007d0c      0x124 build/stm32l4xx_hal_spi.o
                0x08007d0c                HAL_SPI_IRQHandler
 .text.SPI_DMAAbortOnError
                0x08007e30       0x12 build/stm32l4xx_hal_spi.o
 *fill*         0x08007e42        0x2 
 .text.SystemInit
                0x08007e44       0x14 build/system_stm32l4xx.o
                0x08007e44                SystemInit
 .text._sbrk    0x08007e58       0x48 build/sysmem.o
                0x08007e58                _sbrk
 .text._getpid  0x08007ea0        0x4 build/syscalls.o
                0x08007ea0                _getpid
 .text._kill    0x08007ea4       0x10 build/syscalls.o
                0x08007ea4                _kill
 .text._exit    0x08007eb4        0xc build/syscalls.o
                0x08007eb4                _exit
 .text._read    0x08007ec0       0x20 build/syscalls.o
                0x08007ec0                _read
 .text._write   0x08007ee0       0x1c build/syscalls.o
                0x08007ee0                _write
 .text._close   0x08007efc        0x6 build/syscalls.o
                0x08007efc                _close
 .text._fstat   0x08007f02        0xa build/syscalls.o
                0x08007f02                _fstat
 .text._isatty  0x08007f0c        0x4 build/syscalls.o
                0x08007f0c                _isatty
 .text._lseek   0x08007f10        0x4 build/syscalls.o
                0x08007f10                _lseek
 .text.Reset_Handler
                0x08007f14       0x50 build/startup_stm32l431xx.o
                0x08007f14                Reset_Handler
 .text.Default_Handler
                0x08007f64        0x2 build/startup_stm32l431xx.o
                0x08007f64                RTC_Alarm_IRQHandler
                0x08007f64                EXTI2_IRQHandler
                0x08007f64                TIM1_CC_IRQHandler
                0x08007f64                TSC_IRQHandler
                0x08007f64                TAMP_STAMP_IRQHandler
                0x08007f64                EXTI3_IRQHandler
                0x08007f64                LPTIM2_IRQHandler
                0x08007f64                EXTI0_IRQHandler
                0x08007f64                I2C2_EV_IRQHandler
                0x08007f64                CAN1_RX0_IRQHandler
                0x08007f64                FPU_IRQHandler
                0x08007f64                TIM1_UP_TIM16_IRQHandler
                0x08007f64                TIM6_DAC_IRQHandler
                0x08007f64                DMA2_Channel2_IRQHandler
                0x08007f64                DMA1_Channel4_IRQHandler
                0x08007f64                USART3_IRQHandler
                0x08007f64                DMA1_Channel7_IRQHandler
                0x08007f64                CAN1_RX1_IRQHandler
                0x08007f64                DMA2_Channel1_IRQHandler
                0x08007f64                QUADSPI_IRQHandler
                0x08007f64                I2C1_EV_IRQHandler
                0x08007f64                DMA1_Channel6_IRQHandler
                0x08007f64                DMA2_Channel4_IRQHandler
                0x08007f64                RCC_IRQHandler
                0x08007f64                TIM1_TRG_COM_IRQHandler
                0x08007f64                Default_Handler
                0x08007f64                DMA2_Channel7_IRQHandler
                0x08007f64                TIM7_IRQHandler
                0x08007f64                SDMMC1_IRQHandler
                0x08007f64                RTC_WKUP_IRQHandler
                0x08007f64                PVD_PVM_IRQHandler
                0x08007f64                SPI2_IRQHandler
                0x08007f64                CAN1_TX_IRQHandler
                0x08007f64                DMA2_Channel5_IRQHandler
                0x08007f64                CRS_IRQHandler
                0x08007f64                DMA1_Channel5_IRQHandler
                0x08007f64                EXTI4_IRQHandler
                0x08007f64                RNG_IRQHandler
                0x08007f64                DMA1_Channel3_IRQHandler
                0x08007f64                COMP_IRQHandler
                0x08007f64                WWDG_IRQHandler
                0x08007f64                LPUART1_IRQHandler
                0x08007f64                DMA2_Channel6_IRQHandler
                0x08007f64                TIM2_IRQHandler
                0x08007f64                USART2_IRQHandler
                0x08007f64                I2C2_ER_IRQHandler
                0x08007f64                DMA1_Channel2_IRQHandler
                0x08007f64                CAN1_SCE_IRQHandler
                0x08007f64                FLASH_IRQHandler
                0x08007f64                USART1_IRQHandler
                0x08007f64                SPI3_IRQHandler
                0x08007f64                I2C1_ER_IRQHandler
                0x08007f64                SWPMI1_IRQHandler
                0x08007f64                LPTIM1_IRQHandler
                0x08007f64                SAI1_IRQHandler
                0x08007f64                DMA2_Channel3_IRQHandler
                0x08007f64                TIM1_BRK_TIM15_IRQHandler
 *(.glue_7)
 .glue_7        0x08007f66        0x0 linker stubs
 *(.glue_7t)
 .glue_7t       0x08007f66        0x0 linker stubs
 *(.eh_frame)
 *fill*         0x08007f66        0x2 
 .eh_frame      0x08007f68        0x0 /usr/lib/gcc/arm-none-eabi/13.2.1/thumb/v7e-m+fp/hard/crtbegin.o
 *(.init)
 .init          0x08007f68        0x4 /usr/lib/gcc/arm-none-eabi/13.2.1/thumb/v7e-m+fp/hard/crti.o
                0x08007f68                _init
 .init          0x08007f6c        0x8 /usr/lib/gcc/arm-none-eabi/13.2.1/thumb/v7e-m+fp/hard/crtn.o
 *(.fini)
 .fini          0x08007f74        0x4 /usr/lib/gcc/arm-none-eabi/13.2.1/thumb/v7e-m+fp/hard/crti.o
                0x08007f74                _fini
 .fini          0x08007f78        0x8 /usr/lib/gcc/arm-none-eabi/13.2.1/thumb/v7e-m+fp/hard/crtn.o
                0x08007f80                        . = ALIGN (0x8)
                0x08007f80                        _etext = .

.vfp11_veneer   0x08007f80        0x0
 .vfp11_veneer  0x08007f80        0x0 linker stubs

.v4_bx          0x08007f80        0x0
 .v4_bx         0x08007f80        0x0 linker stubs

.iplt           0x08007f80        0x0
 .iplt          0x08007f80        0x0 /usr/lib/gcc/arm-none-eabi/13.2.1/thumb/v7e-m+fp/hard/crtbegin.o

.rodata         0x08007f80     0x1d58
                0x08007f80                        . = ALIGN (0x8)
 *(.rodata)
 .rodata        0x08007f80      0x128 /usr/lib/gcc/arm-none-eabi/13.2.1/../../../arm-none-eabi/lib/thumb/v7e-m+fp/hard/libc_nano.a(libc_a-mprec.o)
                0x08007f90                __mprec_tens
                0x08008058                __mprec_tinytens
                0x08008080                __mprec_bigtens
 *(.rodata*)
 .rodata.main.str1.4
                0x080080a8      0x131 build/main.o
                                 0x12 (size before relaxing)
 .rodata.display_test.str1.4
                0x080081d9       0x15 build/display.o
 *fill*         0x080081d9        0x3 
 .rodata.Font16x26
                0x080081dc     0x134c build/fonts.o
                0x080081dc                Font16x26
 .rodata.Font7x10
                0x08009528      0x76c build/fonts.o
                0x08009528                Font7x10
 .rodata.MSIRangeTable
                0x08009c94       0x30 build/system_stm32l4xx.o
                0x08009c94                MSIRangeTable
 .rodata.AHBPrescTable
                0x08009cc4       0x10 build/system_stm32l4xx.o
                0x08009cc4                AHBPrescTable
 .rodata.str1.4
                0x08009cd4       0x59 /usr/lib/gcc/arm-none-eabi/13.2.1/../../../arm-none-eabi/lib/thumb/v7e-m+fp/hard/libc_nano.a(libc_a-mprec.o)
 .rodata.str1.4
                0x08009cd4       0x69 /usr/lib/gcc/arm-none-eabi/13.2.1/../../../arm-none-eabi/lib/thumb/v7e-m+fp/hard/libc_nano.a(libc_a-dtoa.o)
 .rodata.str1.4
                0x08009cd4       0x43 /usr/lib/gcc/arm-none-eabi/13.2.1/../../../arm-none-eabi/lib/thumb/v7e-m+fp/hard/libc_nano.a(libc_a-assert.o)
 .rodata.str1.4
                0x08009cd4       0x13 /usr/lib/gcc/arm-none-eabi/13.2.1/../../../arm-none-eabi/lib/thumb/v7e-m+fp/hard/libc_nano.a(libc_a-nano-vfprintf.o)
 .rodata.str1.4
                0x08009cd4       0x25 /usr/lib/gcc/arm-none-eabi/13.2.1/../../../arm-none-eabi/lib/thumb/v7e-m+fp/hard/libc_nano.a(libc_a-nano-vfprintf_i.o)
                0x08009d40                        . = ALIGN (0x8)
 *fill*         0x08009cd4        0x4 

.ARM.extab      0x08009cd8        0x0
                0x08009cd8                        . = ALIGN (0x8)
 *(.ARM.extab* .gnu.linkonce.armextab.*)
                0x08009cd8                        . = ALIGN (0x8)

.ARM            0x08009cd8        0x8
                0x08009cd8                        . = ALIGN (0x8)
                0x08009cd8                        __exidx_start = .
 *(.ARM.exidx*)
 .ARM.exidx     0x08009cd8        0x8 /usr/lib/gcc/arm-none-eabi/13.2.1/../../../arm-none-eabi/lib/thumb/v7e-m+fp/hard/libc_nano.a(libc_a-memcpy.o)
 .ARM.exidx     0x08009ce0        0x0 /usr/lib/gcc/arm-none-eabi/13.2.1/../../../arm-none-eabi/lib/thumb/v7e-m+fp/hard/libc_nano.a(libc_a-memchr.o)
                                  0x8 (size before relaxing)
                0x08009ce0                        __exidx_end = .
                0x08009ce0                        . = ALIGN (0x8)

.rel.dyn        0x08009ce0        0x0
 .rel.iplt      0x08009ce0        0x0 /usr/lib/gcc/arm-none-eabi/13.2.1/thumb/v7e-m+fp/hard/crtbegin.o

.preinit_array  0x08009ce0        0x0
                0x08009ce0                        . = ALIGN (0x8)
                0x08009ce0                        PROVIDE (__preinit_array_start = .)
 *(.preinit_array*)
                0x08009ce0                        PROVIDE (__preinit_array_end = .)
                0x08009ce0                        . = ALIGN (0x8)

.init_array     0x08009ce0        0x8
                0x08009ce0                        . = ALIGN (0x8)
                0x08009ce0                        PROVIDE (__init_array_start = .)
 *(SORT_BY_NAME(.init_array.*))
 *(.init_array*)
 .init_array    0x08009ce0        0x4 /usr/lib/gcc/arm-none-eabi/13.2.1/thumb/v7e-m+fp/hard/crtbegin.o
                0x08009ce4                        PROVIDE (__init_array_end = .)
                0x08009ce8                        . = ALIGN (0x8)
 *fill*         0x08009ce4        0x4 

.fini_array     0x08009ce8        0x8
                0x08009ce8                        . = ALIGN (0x8)
                0x08009ce8                        PROVIDE (__fini_array_start = .)
 *(SORT_BY_NAME(.fini_array.*))
 *(.fini_array*)
 .fini_array    0x08009ce8        0x4 /usr/lib/gcc/arm-none-eabi/13.2.1/thumb/v7e-m+fp/hard/crtbegin.o
                0x08009cec                        PROVIDE (__fini_array_end = .)
                0x08009cf0                        . = ALIGN (0x8)
 *fill*         0x08009cec        0x4 
                0x08009cf0                        _sidata = LOADADDR (.data)

.data           0x20000000       0x80 load address 0x08009cf0
                0x20000000                        . = ALIGN (0x8)
                0x20000000                        _sdata = .
 *(.data)
 .data          0x20000000       0x50 /usr/lib/gcc/arm-none-eabi/13.2.1/../../../arm-none-eabi/lib/thumb/v7e-m+fp/hard/libc_nano.a(libc_a-impure.o)
                0x20000000                _impure_ptr
                0x20000004                _impure_data
 .data          0x20000050        0xc /usr/lib/gcc/arm-none-eabi/13.2.1/../../../arm-none-eabi/lib/thumb/v7e-m+fp/hard/libc_nano.a(libc_a-findfp.o)
                0x20000050                __sglue
 *(.data*)
 .data.buf      0x2000005c        0x3 build/main.o
                0x2000005c                buf
 .data.speed    0x2000005f        0x1 build/main.o
                0x2000005f                speed
 .data.Font_16x26
                0x20000060        0x8 build/fonts.o
                0x20000060                Font_16x26
 .data.Font_7x10
                0x20000068        0x8 build/fonts.o
                0x20000068                Font_7x10
 .data.uwTickFreq
                0x20000070        0x1 build/stm32l4xx_hal.o
                0x20000070                uwTickFreq
 *fill*         0x20000071        0x3 
 .data.uwTickPrio
                0x20000074        0x4 build/stm32l4xx_hal.o
                0x20000074                uwTickPrio
 .data.SystemCoreClock
                0x20000078        0x4 build/system_stm32l4xx.o
                0x20000078                SystemCoreClock
                0x20000080                        . = ALIGN (0x8)
 *fill*         0x2000007c        0x4 
                0x20000080                        _edata = .

.tm_clone_table
                0x20000080        0x0 load address 0x08009d70
 .tm_clone_table
                0x20000080        0x0 /usr/lib/gcc/arm-none-eabi/13.2.1/thumb/v7e-m+fp/hard/crtbegin.o
 .tm_clone_table
                0x20000080        0x0 /usr/lib/gcc/arm-none-eabi/13.2.1/thumb/v7e-m+fp/hard/crtend.o

.igot.plt       0x20000080        0x0 load address 0x08009d70
 .igot.plt      0x20000080        0x0 /usr/lib/gcc/arm-none-eabi/13.2.1/thumb/v7e-m+fp/hard/crtbegin.o
                0x20000080                        . = ALIGN (0x4)

.bss            0x20000080      0x49c load address 0x08009d70
                0x20000080                        _sbss = .
                0x20000080                        __bss_start__ = _sbss
 *(.bss)
 .bss           0x20000080       0x1c /usr/lib/gcc/arm-none-eabi/13.2.1/thumb/v7e-m+fp/hard/crtbegin.o
 .bss           0x2000009c      0x13c /usr/lib/gcc/arm-none-eabi/13.2.1/../../../arm-none-eabi/lib/thumb/v7e-m+fp/hard/libc_nano.a(libc_a-findfp.o)
                0x2000009c                __sf
                0x200001d4                __stdio_exit_handler
 .bss           0x200001d8        0x8 /usr/lib/gcc/arm-none-eabi/13.2.1/../../../arm-none-eabi/lib/thumb/v7e-m+fp/hard/libc_nano.a(libc_a-mallocr.o)
                0x200001d8                __malloc_sbrk_start
                0x200001dc                __malloc_free_list
 .bss           0x200001e0        0x4 /usr/lib/gcc/arm-none-eabi/13.2.1/../../../arm-none-eabi/lib/thumb/v7e-m+fp/hard/libc_nano.a(libc_a-reent.o)
                0x200001e0                errno
 *(.bss*)
 .bss.ADC_Data  0x200001e4        0x6 build/main.o
                0x200001e4                ADC_Data
 .bss.flag_motor
                0x200001ea        0x1 build/main.o
                0x200001ea                flag_motor
 *fill*         0x200001eb        0x1 
 .bss.vbat_value
                0x200001ec        0x4 build/main.o
                0x200001ec                vbat_value
 .bss.hadc1     0x200001f0       0x64 build/adc.o
                0x200001f0                hadc1
 .bss.hi2c3     0x20000254       0x54 build/i2c.o
                0x20000254                hi2c3
 .bss.hspi1     0x200002a8       0x64 build/spi.o
                0x200002a8                hspi1
 .bss.SSD1306   0x2000030c        0x6 build/display.o
 *fill*         0x20000312        0x2 
 .bss.pixelBuffer
                0x20000314      0x200 build/display.o
 .bss.uwTick    0x20000514        0x4 build/stm32l4xx_hal.o
                0x20000514                uwTick
 .bss.__sbrk_heap_end
                0x20000518        0x4 build/sysmem.o
 *(COMMON)
                0x2000051c                        . = ALIGN (0x4)
                0x2000051c                        _ebss = .
                0x2000051c                        __bss_end__ = _ebss

._user_heap_stack
                0x2000051c      0x604 load address 0x08009d70
                0x20000520                        . = ALIGN (0x8)
 *fill*         0x2000051c        0x4 
                [!provide]                        PROVIDE (end = .)
                0x20000520                        PROVIDE (_end = .)
                0x20000720                        . = (. + _Min_Heap_Size)
 *fill*         0x20000520      0x200 
                0x20000b20                        . = (. + _Min_Stack_Size)
 *fill*         0x20000720      0x400 
                0x20000b20                        . = ALIGN (0x8)

/DISCARD/
 libc.a(*)
 libm.a(*)
 libgcc.a(*)
OUTPUT(build/tatookit.elf elf32-littlearm)
LOAD linker stubs
LOAD /usr/lib/gcc/arm-none-eabi/13.2.1/../../../arm-none-eabi/lib/thumb/v7e-m+fp/hard/libc.a
LOAD /usr/lib/gcc/arm-none-eabi/13.2.1/../../../arm-none-eabi/lib/thumb/v7e-m+fp/hard/libm.a
LOAD /usr/lib/gcc/arm-none-eabi/13.2.1/thumb/v7e-m+fp/hard/libgcc.a

.ARM.attributes
                0x00000000       0x30
 .ARM.attributes
                0x00000000       0x22 /usr/lib/gcc/arm-none-eabi/13.2.1/thumb/v7e-m+fp/hard/crti.o
 .ARM.attributes
                0x00000022       0x34 /usr/lib/gcc/arm-none-eabi/13.2.1/thumb/v7e-m+fp/hard/crtbegin.o
 .ARM.attributes
                0x00000056       0x34 build/main.o
 .ARM.attributes
                0x0000008a       0x34 build/gpio.o
 .ARM.attributes
                0x000000be       0x34 build/adc.o
 .ARM.attributes
                0x000000f2       0x34 build/i2c.o
 .ARM.attributes
                0x00000126       0x34 build/motor.o
 .ARM.attributes
                0x0000015a       0x34 build/spi.o
 .ARM.attributes
                0x0000018e       0x34 build/display.o
 .ARM.attributes
                0x000001c2       0x34 build/clocks.o
 .ARM.attributes
                0x000001f6       0x34 build/fonts.o
 .ARM.attributes
                0x0000022a       0x34 build/dac.o
 .ARM.attributes
                0x0000025e       0x34 build/stm32l4xx_it.o
 .ARM.attributes
                0x00000292       0x34 build/stm32l4xx_hal_msp.o
 .ARM.attributes
                0x000002c6       0x34 build/stm32l4xx_hal_adc.o
 .ARM.attributes
                0x000002fa       0x34 build/stm32l4xx_hal_adc_ex.o
 .ARM.attributes
                0x0000032e       0x34 build/stm32l4xx_hal.o
 .ARM.attributes
                0x00000362       0x34 build/stm32l4xx_hal_rcc.o
 .ARM.attributes
                0x00000396       0x34 build/stm32l4xx_hal_rcc_ex.o
 .ARM.attributes
                0x000003ca       0x34 build/stm32l4xx_hal_gpio.o
 .ARM.attributes
                0x000003fe       0x34 build/stm32l4xx_hal_i2c.o
 .ARM.attributes
                0x00000432       0x34 build/stm32l4xx_hal_i2c_ex.o
 .ARM.attributes
                0x00000466       0x34 build/stm32l4xx_hal_dma.o
 .ARM.attributes
                0x0000049a       0x34 build/stm32l4xx_hal_pwr_ex.o
 .ARM.attributes
                0x000004ce       0x34 build/stm32l4xx_hal_cortex.o
 .ARM.attributes
                0x00000502       0x34 build/stm32l4xx_hal_spi.o
 .ARM.attributes
                0x00000536       0x34 build/system_stm32l4xx.o
 .ARM.attributes
                0x0000056a       0x34 build/sysmem.o
 .ARM.attributes
                0x0000059e       0x34 build/syscalls.o
 .ARM.attributes
                0x000005d2       0x21 build/startup_stm32l431xx.o
 .ARM.attributes
                0x000005f3       0x34 /usr/lib/gcc/arm-none-eabi/13.2.1/../../../arm-none-eabi/lib/thumb/v7e-m+fp/hard/libc_nano.a(libc_a-efgcvt.o)
 .ARM.attributes
                0x00000627       0x34 /usr/lib/gcc/arm-none-eabi/13.2.1/../../../arm-none-eabi/lib/thumb/v7e-m+fp/hard/libc_nano.a(libc_a-impure.o)
 .ARM.attributes
                0x0000065b       0x34 /usr/lib/gcc/arm-none-eabi/13.2.1/../../../arm-none-eabi/lib/thumb/v7e-m+fp/hard/libc_nano.a(libc_a-init.o)
 .ARM.attributes
                0x0000068f       0x34 /usr/lib/gcc/arm-none-eabi/13.2.1/../../../arm-none-eabi/lib/thumb/v7e-m+fp/hard/libc_nano.a(libc_a-memset.o)
 .ARM.attributes
                0x000006c3       0x34 /usr/lib/gcc/arm-none-eabi/13.2.1/../../../arm-none-eabi/lib/thumb/v7e-m+fp/hard/libc_nano.a(libc_a-errno.o)
 .ARM.attributes
                0x000006f7       0x20 /usr/lib/gcc/arm-none-eabi/13.2.1/../../../arm-none-eabi/lib/thumb/v7e-m+fp/hard/libc_nano.a(libc_a-memcpy.o)
 .ARM.attributes
                0x00000717       0x34 /usr/lib/gcc/arm-none-eabi/13.2.1/../../../arm-none-eabi/lib/thumb/v7e-m+fp/hard/libc_nano.a(libc_a-ecvtbuf.o)
 .ARM.attributes
                0x0000074b       0x34 /usr/lib/gcc/arm-none-eabi/13.2.1/../../../arm-none-eabi/lib/thumb/v7e-m+fp/hard/libc_nano.a(libc_a-mprec.o)
 .ARM.attributes
                0x0000077f       0x34 /usr/lib/gcc/arm-none-eabi/13.2.1/../../../arm-none-eabi/lib/thumb/v7e-m+fp/hard/libc_nano.a(libc_a-strcpy.o)
 .ARM.attributes
                0x000007b3       0x34 /usr/lib/gcc/arm-none-eabi/13.2.1/../../../arm-none-eabi/lib/thumb/v7e-m+fp/hard/libc_nano.a(libc_a-findfp.o)
 .ARM.attributes
                0x000007e7       0x34 /usr/lib/gcc/arm-none-eabi/13.2.1/../../../arm-none-eabi/lib/thumb/v7e-m+fp/hard/libc_nano.a(libc_a-fflush.o)
 .ARM.attributes
                0x0000081b       0x34 /usr/lib/gcc/arm-none-eabi/13.2.1/../../../arm-none-eabi/lib/thumb/v7e-m+fp/hard/libc_nano.a(libc_a-callocr.o)
 .ARM.attributes
                0x0000084f       0x34 /usr/lib/gcc/arm-none-eabi/13.2.1/../../../arm-none-eabi/lib/thumb/v7e-m+fp/hard/libc_nano.a(libc_a-mallocr.o)
 .ARM.attributes
                0x00000883       0x34 /usr/lib/gcc/arm-none-eabi/13.2.1/../../../arm-none-eabi/lib/thumb/v7e-m+fp/hard/libc_nano.a(libc_a-dtoa.o)
 .ARM.attributes
                0x000008b7       0x34 /usr/lib/gcc/arm-none-eabi/13.2.1/../../../arm-none-eabi/lib/thumb/v7e-m+fp/hard/libc_nano.a(libc_a-freer.o)
 .ARM.attributes
                0x000008eb       0x34 /usr/lib/gcc/arm-none-eabi/13.2.1/../../../arm-none-eabi/lib/thumb/v7e-m+fp/hard/libc_nano.a(libc_a-fwalk.o)
 .ARM.attributes
                0x0000091f       0x34 /usr/lib/gcc/arm-none-eabi/13.2.1/../../../arm-none-eabi/lib/thumb/v7e-m+fp/hard/libc_nano.a(libc_a-malloc.o)
 .ARM.attributes
                0x00000953       0x34 /usr/lib/gcc/arm-none-eabi/13.2.1/../../../arm-none-eabi/lib/thumb/v7e-m+fp/hard/libc_nano.a(libc_a-reallocr.o)
 .ARM.attributes
                0x00000987       0x34 /usr/lib/gcc/arm-none-eabi/13.2.1/../../../arm-none-eabi/lib/thumb/v7e-m+fp/hard/libc_nano.a(libc_a-mlock.o)
 .ARM.attributes
                0x000009bb       0x34 /usr/lib/gcc/arm-none-eabi/13.2.1/../../../arm-none-eabi/lib/thumb/v7e-m+fp/hard/libc_nano.a(libc_a-assert.o)
 .ARM.attributes
                0x000009ef       0x34 /usr/lib/gcc/arm-none-eabi/13.2.1/../../../arm-none-eabi/lib/thumb/v7e-m+fp/hard/libc_nano.a(libc_a-sbrkr.o)
 .ARM.attributes
                0x00000a23       0x34 /usr/lib/gcc/arm-none-eabi/13.2.1/../../../arm-none-eabi/lib/thumb/v7e-m+fp/hard/libc_nano.a(libc_a-stdio.o)
 .ARM.attributes
                0x00000a57       0x34 /usr/lib/gcc/arm-none-eabi/13.2.1/../../../arm-none-eabi/lib/thumb/v7e-m+fp/hard/libc_nano.a(libc_a-msizer.o)
 .ARM.attributes
                0x00000a8b       0x34 /usr/lib/gcc/arm-none-eabi/13.2.1/../../../arm-none-eabi/lib/thumb/v7e-m+fp/hard/libc_nano.a(libc_a-abort.o)
 .ARM.attributes
                0x00000abf       0x34 /usr/lib/gcc/arm-none-eabi/13.2.1/../../../arm-none-eabi/lib/thumb/v7e-m+fp/hard/libc_nano.a(libc_a-closer.o)
 .ARM.attributes
                0x00000af3       0x34 /usr/lib/gcc/arm-none-eabi/13.2.1/../../../arm-none-eabi/lib/thumb/v7e-m+fp/hard/libc_nano.a(libc_a-readr.o)
 .ARM.attributes
                0x00000b27       0x34 /usr/lib/gcc/arm-none-eabi/13.2.1/../../../arm-none-eabi/lib/thumb/v7e-m+fp/hard/libc_nano.a(libc_a-fprintf.o)
 .ARM.attributes
                0x00000b5b       0x34 /usr/lib/gcc/arm-none-eabi/13.2.1/../../../arm-none-eabi/lib/thumb/v7e-m+fp/hard/libc_nano.a(libc_a-reent.o)
 .ARM.attributes
                0x00000b8f       0x34 /usr/lib/gcc/arm-none-eabi/13.2.1/../../../arm-none-eabi/lib/thumb/v7e-m+fp/hard/libc_nano.a(libc_a-lseekr.o)
 .ARM.attributes
                0x00000bc3       0x34 /usr/lib/gcc/arm-none-eabi/13.2.1/../../../arm-none-eabi/lib/thumb/v7e-m+fp/hard/libc_nano.a(libc_a-writer.o)
 .ARM.attributes
                0x00000bf7       0x34 /usr/lib/gcc/arm-none-eabi/13.2.1/../../../arm-none-eabi/lib/thumb/v7e-m+fp/hard/libc_nano.a(libc_a-nano-vfprintf.o)
 .ARM.attributes
                0x00000c2b       0x34 /usr/lib/gcc/arm-none-eabi/13.2.1/../../../arm-none-eabi/lib/thumb/v7e-m+fp/hard/libc_nano.a(libc_a-wbuf.o)
 .ARM.attributes
                0x00000c5f       0x34 /usr/lib/gcc/arm-none-eabi/13.2.1/../../../arm-none-eabi/lib/thumb/v7e-m+fp/hard/libc_nano.a(libc_a-fvwrite.o)
 .ARM.attributes
                0x00000c93       0x34 /usr/lib/gcc/arm-none-eabi/13.2.1/../../../arm-none-eabi/lib/thumb/v7e-m+fp/hard/libc_nano.a(libc_a-signal.o)
 .ARM.attributes
                0x00000cc7       0x34 /usr/lib/gcc/arm-none-eabi/13.2.1/../../../arm-none-eabi/lib/thumb/v7e-m+fp/hard/libc_nano.a(libc_a-memmove.o)
 .ARM.attributes
                0x00000cfb       0x1c /usr/lib/gcc/arm-none-eabi/13.2.1/../../../arm-none-eabi/lib/thumb/v7e-m+fp/hard/libc_nano.a(libc_a-memchr.o)
 .ARM.attributes
                0x00000d17       0x34 /usr/lib/gcc/arm-none-eabi/13.2.1/../../../arm-none-eabi/lib/thumb/v7e-m+fp/hard/libc_nano.a(libc_a-wsetup.o)
 .ARM.attributes
                0x00000d4b       0x34 /usr/lib/gcc/arm-none-eabi/13.2.1/../../../arm-none-eabi/lib/thumb/v7e-m+fp/hard/libc_nano.a(libc_a-nano-vfprintf_i.o)
 .ARM.attributes
                0x00000d7f       0x34 /usr/lib/gcc/arm-none-eabi/13.2.1/../../../arm-none-eabi/lib/thumb/v7e-m+fp/hard/libc_nano.a(libc_a-makebuf.o)
 .ARM.attributes
                0x00000db3       0x34 /usr/lib/gcc/arm-none-eabi/13.2.1/../../../arm-none-eabi/lib/thumb/v7e-m+fp/hard/libc_nano.a(libc_a-isattyr.o)
 .ARM.attributes
                0x00000de7       0x34 /usr/lib/gcc/arm-none-eabi/13.2.1/../../../arm-none-eabi/lib/thumb/v7e-m+fp/hard/libc_nano.a(libc_a-signalr.o)
 .ARM.attributes
                0x00000e1b       0x34 /usr/lib/gcc/arm-none-eabi/13.2.1/../../../arm-none-eabi/lib/thumb/v7e-m+fp/hard/libc_nano.a(libc_a-fstatr.o)
 .ARM.attributes
                0x00000e4f       0x22 /usr/lib/gcc/arm-none-eabi/13.2.1/thumb/v7e-m+fp/hard/libgcc.a(_arm_addsubdf3.o)
 .ARM.attributes
                0x00000e71       0x22 /usr/lib/gcc/arm-none-eabi/13.2.1/thumb/v7e-m+fp/hard/libgcc.a(_arm_muldivdf3.o)
 .ARM.attributes
                0x00000e93       0x22 /usr/lib/gcc/arm-none-eabi/13.2.1/thumb/v7e-m+fp/hard/libgcc.a(_arm_cmpdf2.o)
 .ARM.attributes
                0x00000eb5       0x22 /usr/lib/gcc/arm-none-eabi/13.2.1/thumb/v7e-m+fp/hard/libgcc.a(_arm_fixdfsi.o)
 .ARM.attributes
                0x00000ed7       0x22 /usr/lib/gcc/arm-none-eabi/13.2.1/thumb/v7e-m+fp/hard/libgcc.a(_arm_truncdfsf2.o)
 .ARM.attributes
                0x00000ef9       0x34 /usr/lib/gcc/arm-none-eabi/13.2.1/thumb/v7e-m+fp/hard/crtend.o
 .ARM.attributes
                0x00000f2d       0x22 /usr/lib/gcc/arm-none-eabi/13.2.1/thumb/v7e-m+fp/hard/crtn.o

.comment        0x00000000       0x26
 .comment       0x00000000       0x26 /usr/lib/gcc/arm-none-eabi/13.2.1/thumb/v7e-m+fp/hard/crtbegin.o
                                 0x27 (size before relaxing)
 .comment       0x00000026       0x27 build/main.o
 .comment       0x00000026       0x27 build/gpio.o
 .comment       0x00000026       0x27 build/adc.o
 .comment       0x00000026       0x27 build/i2c.o
 .comment       0x00000026       0x27 build/motor.o
 .comment       0x00000026       0x27 build/spi.o
 .comment       0x00000026       0x27 build/display.o
 .comment       0x00000026       0x27 build/clocks.o
 .comment       0x00000026       0x27 build/fonts.o
 .comment       0x00000026       0x27 build/dac.o
 .comment       0x00000026       0x27 build/stm32l4xx_it.o
 .comment       0x00000026       0x27 build/stm32l4xx_hal_msp.o
 .comment       0x00000026       0x27 build/stm32l4xx_hal_adc.o
 .comment       0x00000026       0x27 build/stm32l4xx_hal_adc_ex.o
 .comment       0x00000026       0x27 build/stm32l4xx_hal.o
 .comment       0x00000026       0x27 build/stm32l4xx_hal_rcc.o
 .comment       0x00000026       0x27 build/stm32l4xx_hal_rcc_ex.o
 .comment       0x00000026       0x27 build/stm32l4xx_hal_gpio.o
 .comment       0x00000026       0x27 build/stm32l4xx_hal_i2c.o
 .comment       0x00000026       0x27 build/stm32l4xx_hal_i2c_ex.o
 .comment       0x00000026       0x27 build/stm32l4xx_hal_dma.o
 .comment       0x00000026       0x27 build/stm32l4xx_hal_pwr_ex.o
 .comment       0x00000026       0x27 build/stm32l4xx_hal_cortex.o
 .comment       0x00000026       0x27 build/stm32l4xx_hal_spi.o
 .comment       0x00000026       0x27 build/system_stm32l4xx.o
 .comment       0x00000026       0x27 build/sysmem.o
 .comment       0x00000026       0x27 build/syscalls.o
 .comment       0x00000026       0x27 /usr/lib/gcc/arm-none-eabi/13.2.1/../../../arm-none-eabi/lib/thumb/v7e-m+fp/hard/libc_nano.a(libc_a-efgcvt.o)
 .comment       0x00000026       0x27 /usr/lib/gcc/arm-none-eabi/13.2.1/../../../arm-none-eabi/lib/thumb/v7e-m+fp/hard/libc_nano.a(libc_a-impure.o)
 .comment       0x00000026       0x27 /usr/lib/gcc/arm-none-eabi/13.2.1/../../../arm-none-eabi/lib/thumb/v7e-m+fp/hard/libc_nano.a(libc_a-init.o)
 .comment       0x00000026       0x27 /usr/lib/gcc/arm-none-eabi/13.2.1/../../../arm-none-eabi/lib/thumb/v7e-m+fp/hard/libc_nano.a(libc_a-memset.o)
 .comment       0x00000026       0x27 /usr/lib/gcc/arm-none-eabi/13.2.1/../../../arm-none-eabi/lib/thumb/v7e-m+fp/hard/libc_nano.a(libc_a-errno.o)
 .comment       0x00000026       0x27 /usr/lib/gcc/arm-none-eabi/13.2.1/../../../arm-none-eabi/lib/thumb/v7e-m+fp/hard/libc_nano.a(libc_a-ecvtbuf.o)
 .comment       0x00000026       0x27 /usr/lib/gcc/arm-none-eabi/13.2.1/../../../arm-none-eabi/lib/thumb/v7e-m+fp/hard/libc_nano.a(libc_a-mprec.o)
 .comment       0x00000026       0x27 /usr/lib/gcc/arm-none-eabi/13.2.1/../../../arm-none-eabi/lib/thumb/v7e-m+fp/hard/libc_nano.a(libc_a-strcpy.o)
 .comment       0x00000026       0x27 /usr/lib/gcc/arm-none-eabi/13.2.1/../../../arm-none-eabi/lib/thumb/v7e-m+fp/hard/libc_nano.a(libc_a-findfp.o)
 .comment       0x00000026       0x27 /usr/lib/gcc/arm-none-eabi/13.2.1/../../../arm-none-eabi/lib/thumb/v7e-m+fp/hard/libc_nano.a(libc_a-fflush.o)
 .comment       0x00000026       0x27 /usr/lib/gcc/arm-none-eabi/13.2.1/../../../arm-none-eabi/lib/thumb/v7e-m+fp/hard/libc_nano.a(libc_a-callocr.o)
 .comment       0x00000026       0x27 /usr/lib/gcc/arm-none-eabi/13.2.1/../../../arm-none-eabi/lib/thumb/v7e-m+fp/hard/libc_nano.a(libc_a-mallocr.o)
 .comment       0x00000026       0x27 /usr/lib/gcc/arm-none-eabi/13.2.1/../../../arm-none-eabi/lib/thumb/v7e-m+fp/hard/libc_nano.a(libc_a-dtoa.o)
 .comment       0x00000026       0x27 /usr/lib/gcc/arm-none-eabi/13.2.1/../../../arm-none-eabi/lib/thumb/v7e-m+fp/hard/libc_nano.a(libc_a-freer.o)
 .comment       0x00000026       0x27 /usr/lib/gcc/arm-none-eabi/13.2.1/../../../arm-none-eabi/lib/thumb/v7e-m+fp/hard/libc_nano.a(libc_a-fwalk.o)
 .comment       0x00000026       0x27 /usr/lib/gcc/arm-none-eabi/13.2.1/../../../arm-none-eabi/lib/thumb/v7e-m+fp/hard/libc_nano.a(libc_a-malloc.o)
 .comment       0x00000026       0x27 /usr/lib/gcc/arm-none-eabi/13.2.1/../../../arm-none-eabi/lib/thumb/v7e-m+fp/hard/libc_nano.a(libc_a-reallocr.o)
 .comment       0x00000026       0x27 /usr/lib/gcc/arm-none-eabi/13.2.1/../../../arm-none-eabi/lib/thumb/v7e-m+fp/hard/libc_nano.a(libc_a-mlock.o)
 .comment       0x00000026       0x27 /usr/lib/gcc/arm-none-eabi/13.2.1/../../../arm-none-eabi/lib/thumb/v7e-m+fp/hard/libc_nano.a(libc_a-assert.o)
 .comment       0x00000026       0x27 /usr/lib/gcc/arm-none-eabi/13.2.1/../../../arm-none-eabi/lib/thumb/v7e-m+fp/hard/libc_nano.a(libc_a-sbrkr.o)
 .comment       0x00000026       0x27 /usr/lib/gcc/arm-none-eabi/13.2.1/../../../arm-none-eabi/lib/thumb/v7e-m+fp/hard/libc_nano.a(libc_a-stdio.o)
 .comment       0x00000026       0x27 /usr/lib/gcc/arm-none-eabi/13.2.1/../../../arm-none-eabi/lib/thumb/v7e-m+fp/hard/libc_nano.a(libc_a-msizer.o)
 .comment       0x00000026       0x27 /usr/lib/gcc/arm-none-eabi/13.2.1/../../../arm-none-eabi/lib/thumb/v7e-m+fp/hard/libc_nano.a(libc_a-abort.o)
 .comment       0x00000026       0x27 /usr/lib/gcc/arm-none-eabi/13.2.1/../../../arm-none-eabi/lib/thumb/v7e-m+fp/hard/libc_nano.a(libc_a-closer.o)
 .comment       0x00000026       0x27 /usr/lib/gcc/arm-none-eabi/13.2.1/../../../arm-none-eabi/lib/thumb/v7e-m+fp/hard/libc_nano.a(libc_a-readr.o)
 .comment       0x00000026       0x27 /usr/lib/gcc/arm-none-eabi/13.2.1/../../../arm-none-eabi/lib/thumb/v7e-m+fp/hard/libc_nano.a(libc_a-fprintf.o)
 .comment       0x00000026       0x27 /usr/lib/gcc/arm-none-eabi/13.2.1/../../../arm-none-eabi/lib/thumb/v7e-m+fp/hard/libc_nano.a(libc_a-reent.o)
 .comment       0x00000026       0x27 /usr/lib/gcc/arm-none-eabi/13.2.1/../../../arm-none-eabi/lib/thumb/v7e-m+fp/hard/libc_nano.a(libc_a-lseekr.o)
 .comment       0x00000026       0x27 /usr/lib/gcc/arm-none-eabi/13.2.1/../../../arm-none-eabi/lib/thumb/v7e-m+fp/hard/libc_nano.a(libc_a-writer.o)
 .comment       0x00000026       0x27 /usr/lib/gcc/arm-none-eabi/13.2.1/../../../arm-none-eabi/lib/thumb/v7e-m+fp/hard/libc_nano.a(libc_a-nano-vfprintf.o)
 .comment       0x00000026       0x27 /usr/lib/gcc/arm-none-eabi/13.2.1/../../../arm-none-eabi/lib/thumb/v7e-m+fp/hard/libc_nano.a(libc_a-wbuf.o)
 .comment       0x00000026       0x27 /usr/lib/gcc/arm-none-eabi/13.2.1/../../../arm-none-eabi/lib/thumb/v7e-m+fp/hard/libc_nano.a(libc_a-fvwrite.o)
 .comment       0x00000026       0x27 /usr/lib/gcc/arm-none-eabi/13.2.1/../../../arm-none-eabi/lib/thumb/v7e-m+fp/hard/libc_nano.a(libc_a-signal.o)
 .comment       0x00000026       0x27 /usr/lib/gcc/arm-none-eabi/13.2.1/../../../arm-none-eabi/lib/thumb/v7e-m+fp/hard/libc_nano.a(libc_a-memmove.o)
 .comment       0x00000026       0x27 /usr/lib/gcc/arm-none-eabi/13.2.1/../../../arm-none-eabi/lib/thumb/v7e-m+fp/hard/libc_nano.a(libc_a-wsetup.o)
 .comment       0x00000026       0x27 /usr/lib/gcc/arm-none-eabi/13.2.1/../../../arm-none-eabi/lib/thumb/v7e-m+fp/hard/libc_nano.a(libc_a-nano-vfprintf_i.o)
 .comment       0x00000026       0x27 /usr/lib/gcc/arm-none-eabi/13.2.1/../../../arm-none-eabi/lib/thumb/v7e-m+fp/hard/libc_nano.a(libc_a-makebuf.o)
 .comment       0x00000026       0x27 /usr/lib/gcc/arm-none-eabi/13.2.1/../../../arm-none-eabi/lib/thumb/v7e-m+fp/hard/libc_nano.a(libc_a-isattyr.o)
 .comment       0x00000026       0x27 /usr/lib/gcc/arm-none-eabi/13.2.1/../../../arm-none-eabi/lib/thumb/v7e-m+fp/hard/libc_nano.a(libc_a-signalr.o)
 .comment       0x00000026       0x27 /usr/lib/gcc/arm-none-eabi/13.2.1/../../../arm-none-eabi/lib/thumb/v7e-m+fp/hard/libc_nano.a(libc_a-fstatr.o)
 .comment       0x00000026       0x27 /usr/lib/gcc/arm-none-eabi/13.2.1/thumb/v7e-m+fp/hard/crtend.o

.debug_info     0x00000000    0x347b0
 .debug_info    0x00000000      0xcb0 build/main.o
 .debug_info    0x00000cb0      0xb7a build/gpio.o
 .debug_info    0x0000182a     0x15b7 build/adc.o
 .debug_info    0x00002de1     0x1183 build/i2c.o
 .debug_info    0x00003f64      0x967 build/motor.o
 .debug_info    0x000048cb      0xde7 build/spi.o
 .debug_info    0x000056b2     0x1f9f build/display.o
 .debug_info    0x00007651      0x382 build/clocks.o
 .debug_info    0x000079d3      0x29c build/fonts.o
 .debug_info    0x00007c6f      0x5ea build/dac.o
 .debug_info    0x00008259      0xb1b build/stm32l4xx_it.o
 .debug_info    0x00008d74      0x364 build/stm32l4xx_hal_msp.o
 .debug_info    0x000090d8     0x3269 build/stm32l4xx_hal_adc.o
 .debug_info    0x0000c341     0x251c build/stm32l4xx_hal_adc_ex.o
 .debug_info    0x0000e85d      0xcaa build/stm32l4xx_hal.o
 .debug_info    0x0000f507     0x104e build/stm32l4xx_hal_rcc.o
 .debug_info    0x00010555     0x13d4 build/stm32l4xx_hal_rcc_ex.o
 .debug_info    0x00011929      0x904 build/stm32l4xx_hal_gpio.o
 .debug_info    0x0001222d     0x45da build/stm32l4xx_hal_i2c.o
 .debug_info    0x00016807      0xb4b build/stm32l4xx_hal_i2c_ex.o
 .debug_info    0x00017352      0x8f3 build/stm32l4xx_hal_dma.o
 .debug_info    0x00017c45      0xa8b build/stm32l4xx_hal_pwr_ex.o
 .debug_info    0x000186d0     0x110a build/stm32l4xx_hal_cortex.o
 .debug_info    0x000197da     0x2325 build/stm32l4xx_hal_spi.o
 .debug_info    0x0001baff      0x66a build/system_stm32l4xx.o
 .debug_info    0x0001c169      0x174 build/sysmem.o
 .debug_info    0x0001c2dd      0x848 build/syscalls.o
 .debug_info    0x0001cb25       0x30 build/startup_stm32l431xx.o
 .debug_info    0x0001cb55      0xede /usr/lib/gcc/arm-none-eabi/13.2.1/../../../arm-none-eabi/lib/thumb/v7e-m+fp/hard/libc_nano.a(libc_a-efgcvt.o)
 .debug_info    0x0001da33      0x70b /usr/lib/gcc/arm-none-eabi/13.2.1/../../../arm-none-eabi/lib/thumb/v7e-m+fp/hard/libc_nano.a(libc_a-impure.o)
 .debug_info    0x0001e13e      0x10b /usr/lib/gcc/arm-none-eabi/13.2.1/../../../arm-none-eabi/lib/thumb/v7e-m+fp/hard/libc_nano.a(libc_a-init.o)
 .debug_info    0x0001e249      0x135 /usr/lib/gcc/arm-none-eabi/13.2.1/../../../arm-none-eabi/lib/thumb/v7e-m+fp/hard/libc_nano.a(libc_a-memset.o)
 .debug_info    0x0001e37e      0x6f1 /usr/lib/gcc/arm-none-eabi/13.2.1/../../../arm-none-eabi/lib/thumb/v7e-m+fp/hard/libc_nano.a(libc_a-errno.o)
 .debug_info    0x0001ea6f       0x33 /usr/lib/gcc/arm-none-eabi/13.2.1/../../../arm-none-eabi/lib/thumb/v7e-m+fp/hard/libc_nano.a(libc_a-memcpy.o)
 .debug_info    0x0001eaa2     0x11d7 /usr/lib/gcc/arm-none-eabi/13.2.1/../../../arm-none-eabi/lib/thumb/v7e-m+fp/hard/libc_nano.a(libc_a-ecvtbuf.o)
 .debug_info    0x0001fc79     0x1f25 /usr/lib/gcc/arm-none-eabi/13.2.1/../../../arm-none-eabi/lib/thumb/v7e-m+fp/hard/libc_nano.a(libc_a-mprec.o)
 .debug_info    0x00021b9e       0xc3 /usr/lib/gcc/arm-none-eabi/13.2.1/../../../arm-none-eabi/lib/thumb/v7e-m+fp/hard/libc_nano.a(libc_a-strcpy.o)
 .debug_info    0x00021c61      0xe8c /usr/lib/gcc/arm-none-eabi/13.2.1/../../../arm-none-eabi/lib/thumb/v7e-m+fp/hard/libc_nano.a(libc_a-findfp.o)
 .debug_info    0x00022aed      0xa33 /usr/lib/gcc/arm-none-eabi/13.2.1/../../../arm-none-eabi/lib/thumb/v7e-m+fp/hard/libc_nano.a(libc_a-fflush.o)
 .debug_info    0x00023520      0x7c9 /usr/lib/gcc/arm-none-eabi/13.2.1/../../../arm-none-eabi/lib/thumb/v7e-m+fp/hard/libc_nano.a(libc_a-callocr.o)
 .debug_info    0x00023ce9      0x9b6 /usr/lib/gcc/arm-none-eabi/13.2.1/../../../arm-none-eabi/lib/thumb/v7e-m+fp/hard/libc_nano.a(libc_a-mallocr.o)
 .debug_info    0x0002469f     0x1952 /usr/lib/gcc/arm-none-eabi/13.2.1/../../../arm-none-eabi/lib/thumb/v7e-m+fp/hard/libc_nano.a(libc_a-dtoa.o)
 .debug_info    0x00025ff1      0x87f /usr/lib/gcc/arm-none-eabi/13.2.1/../../../arm-none-eabi/lib/thumb/v7e-m+fp/hard/libc_nano.a(libc_a-freer.o)
 .debug_info    0x00026870      0x7c8 /usr/lib/gcc/arm-none-eabi/13.2.1/../../../arm-none-eabi/lib/thumb/v7e-m+fp/hard/libc_nano.a(libc_a-fwalk.o)
 .debug_info    0x00027038      0x796 /usr/lib/gcc/arm-none-eabi/13.2.1/../../../arm-none-eabi/lib/thumb/v7e-m+fp/hard/libc_nano.a(libc_a-malloc.o)
 .debug_info    0x000277ce      0x8cd /usr/lib/gcc/arm-none-eabi/13.2.1/../../../arm-none-eabi/lib/thumb/v7e-m+fp/hard/libc_nano.a(libc_a-reallocr.o)
 .debug_info    0x0002809b      0x71c /usr/lib/gcc/arm-none-eabi/13.2.1/../../../arm-none-eabi/lib/thumb/v7e-m+fp/hard/libc_nano.a(libc_a-mlock.o)
 .debug_info    0x000287b7      0x825 /usr/lib/gcc/arm-none-eabi/13.2.1/../../../arm-none-eabi/lib/thumb/v7e-m+fp/hard/libc_nano.a(libc_a-assert.o)
 .debug_info    0x00028fdc      0x778 /usr/lib/gcc/arm-none-eabi/13.2.1/../../../arm-none-eabi/lib/thumb/v7e-m+fp/hard/libc_nano.a(libc_a-sbrkr.o)
 .debug_info    0x00029754      0xa80 /usr/lib/gcc/arm-none-eabi/13.2.1/../../../arm-none-eabi/lib/thumb/v7e-m+fp/hard/libc_nano.a(libc_a-stdio.o)
 .debug_info    0x0002a1d4      0x78a /usr/lib/gcc/arm-none-eabi/13.2.1/../../../arm-none-eabi/lib/thumb/v7e-m+fp/hard/libc_nano.a(libc_a-msizer.o)
 .debug_info    0x0002a95e       0xd8 /usr/lib/gcc/arm-none-eabi/13.2.1/../../../arm-none-eabi/lib/thumb/v7e-m+fp/hard/libc_nano.a(libc_a-abort.o)
 .debug_info    0x0002aa36      0x752 /usr/lib/gcc/arm-none-eabi/13.2.1/../../../arm-none-eabi/lib/thumb/v7e-m+fp/hard/libc_nano.a(libc_a-closer.o)
 .debug_info    0x0002b188      0x7b5 /usr/lib/gcc/arm-none-eabi/13.2.1/../../../arm-none-eabi/lib/thumb/v7e-m+fp/hard/libc_nano.a(libc_a-readr.o)
 .debug_info    0x0002b93d      0x85d /usr/lib/gcc/arm-none-eabi/13.2.1/../../../arm-none-eabi/lib/thumb/v7e-m+fp/hard/libc_nano.a(libc_a-fprintf.o)
 .debug_info    0x0002c19a      0x89f /usr/lib/gcc/arm-none-eabi/13.2.1/../../../arm-none-eabi/lib/thumb/v7e-m+fp/hard/libc_nano.a(libc_a-reent.o)
 .debug_info    0x0002ca39      0x79e /usr/lib/gcc/arm-none-eabi/13.2.1/../../../arm-none-eabi/lib/thumb/v7e-m+fp/hard/libc_nano.a(libc_a-lseekr.o)
 .debug_info    0x0002d1d7      0x7bb /usr/lib/gcc/arm-none-eabi/13.2.1/../../../arm-none-eabi/lib/thumb/v7e-m+fp/hard/libc_nano.a(libc_a-writer.o)
 .debug_info    0x0002d992     0x108a /usr/lib/gcc/arm-none-eabi/13.2.1/../../../arm-none-eabi/lib/thumb/v7e-m+fp/hard/libc_nano.a(libc_a-nano-vfprintf.o)
 .debug_info    0x0002ea1c      0x863 /usr/lib/gcc/arm-none-eabi/13.2.1/../../../arm-none-eabi/lib/thumb/v7e-m+fp/hard/libc_nano.a(libc_a-wbuf.o)
 .debug_info    0x0002f27f      0xaf1 /usr/lib/gcc/arm-none-eabi/13.2.1/../../../arm-none-eabi/lib/thumb/v7e-m+fp/hard/libc_nano.a(libc_a-fvwrite.o)
 .debug_info    0x0002fd70      0xc39 /usr/lib/gcc/arm-none-eabi/13.2.1/../../../arm-none-eabi/lib/thumb/v7e-m+fp/hard/libc_nano.a(libc_a-signal.o)
 .debug_info    0x000309a9      0x148 /usr/lib/gcc/arm-none-eabi/13.2.1/../../../arm-none-eabi/lib/thumb/v7e-m+fp/hard/libc_nano.a(libc_a-memmove.o)
 .debug_info    0x00030af1       0x25 /usr/lib/gcc/arm-none-eabi/13.2.1/../../../arm-none-eabi/lib/thumb/v7e-m+fp/hard/libc_nano.a(libc_a-memchr.o)
 .debug_info    0x00030b16      0x7b1 /usr/lib/gcc/arm-none-eabi/13.2.1/../../../arm-none-eabi/lib/thumb/v7e-m+fp/hard/libc_nano.a(libc_a-wsetup.o)
 .debug_info    0x000312c7      0xdd7 /usr/lib/gcc/arm-none-eabi/13.2.1/../../../arm-none-eabi/lib/thumb/v7e-m+fp/hard/libc_nano.a(libc_a-nano-vfprintf_i.o)
 .debug_info    0x0003209e      0xbe6 /usr/lib/gcc/arm-none-eabi/13.2.1/../../../arm-none-eabi/lib/thumb/v7e-m+fp/hard/libc_nano.a(libc_a-makebuf.o)
 .debug_info    0x00032c84      0x752 /usr/lib/gcc/arm-none-eabi/13.2.1/../../../arm-none-eabi/lib/thumb/v7e-m+fp/hard/libc_nano.a(libc_a-isattyr.o)
 .debug_info    0x000333d6      0x7df /usr/lib/gcc/arm-none-eabi/13.2.1/../../../arm-none-eabi/lib/thumb/v7e-m+fp/hard/libc_nano.a(libc_a-signalr.o)
 .debug_info    0x00033bb5      0x977 /usr/lib/gcc/arm-none-eabi/13.2.1/../../../arm-none-eabi/lib/thumb/v7e-m+fp/hard/libc_nano.a(libc_a-fstatr.o)
 .debug_info    0x0003452c       0xd3 /usr/lib/gcc/arm-none-eabi/13.2.1/thumb/v7e-m+fp/hard/libgcc.a(_arm_addsubdf3.o)
 .debug_info    0x000345ff       0x57 /usr/lib/gcc/arm-none-eabi/13.2.1/thumb/v7e-m+fp/hard/libgcc.a(_arm_muldivdf3.o)
 .debug_info    0x00034656       0xdf /usr/lib/gcc/arm-none-eabi/13.2.1/thumb/v7e-m+fp/hard/libgcc.a(_arm_cmpdf2.o)
 .debug_info    0x00034735       0x3c /usr/lib/gcc/arm-none-eabi/13.2.1/thumb/v7e-m+fp/hard/libgcc.a(_arm_fixdfsi.o)
 .debug_info    0x00034771       0x3f /usr/lib/gcc/arm-none-eabi/13.2.1/thumb/v7e-m+fp/hard/libgcc.a(_arm_truncdfsf2.o)

.debug_abbrev   0x00000000     0x8def
 .debug_abbrev  0x00000000      0x2a9 build/main.o
 .debug_abbrev  0x000002a9      0x1f9 build/gpio.o
 .debug_abbrev  0x000004a2      0x273 build/adc.o
 .debug_abbrev  0x00000715      0x22b build/i2c.o
 .debug_abbrev  0x00000940      0x1cb build/motor.o
 .debug_abbrev  0x00000b0b      0x211 build/spi.o
 .debug_abbrev  0x00000d1c      0x365 build/display.o
 .debug_abbrev  0x00001081      0x125 build/clocks.o
 .debug_abbrev  0x000011a6      0x12d build/fonts.o
 .debug_abbrev  0x000012d3      0x126 build/dac.o
 .debug_abbrev  0x000013f9      0x187 build/stm32l4xx_it.o
 .debug_abbrev  0x00001580       0xc1 build/stm32l4xx_hal_msp.o
 .debug_abbrev  0x00001641      0x34a build/stm32l4xx_hal_adc.o
 .debug_abbrev  0x0000198b      0x3b5 build/stm32l4xx_hal_adc_ex.o
 .debug_abbrev  0x00001d40      0x284 build/stm32l4xx_hal.o
 .debug_abbrev  0x00001fc4      0x2de build/stm32l4xx_hal_rcc.o
 .debug_abbrev  0x000022a2      0x2c2 build/stm32l4xx_hal_rcc_ex.o
 .debug_abbrev  0x00002564      0x222 build/stm32l4xx_hal_gpio.o
 .debug_abbrev  0x00002786      0x2e4 build/stm32l4xx_hal_i2c.o
 .debug_abbrev  0x00002a6a      0x1b5 build/stm32l4xx_hal_i2c_ex.o
 .debug_abbrev  0x00002c1f      0x23a build/stm32l4xx_hal_dma.o
 .debug_abbrev  0x00002e59      0x233 build/stm32l4xx_hal_pwr_ex.o
 .debug_abbrev  0x0000308c      0x3d3 build/stm32l4xx_hal_cortex.o
 .debug_abbrev  0x0000345f      0x2b9 build/stm32l4xx_hal_spi.o
 .debug_abbrev  0x00003718      0x11b build/system_stm32l4xx.o
 .debug_abbrev  0x00003833       0xeb build/sysmem.o
 .debug_abbrev  0x0000391e      0x1e3 build/syscalls.o
 .debug_abbrev  0x00003b01       0x1d build/startup_stm32l431xx.o
 .debug_abbrev  0x00003b1e      0x297 /usr/lib/gcc/arm-none-eabi/13.2.1/../../../arm-none-eabi/lib/thumb/v7e-m+fp/hard/libc_nano.a(libc_a-efgcvt.o)
 .debug_abbrev  0x00003db5      0x149 /usr/lib/gcc/arm-none-eabi/13.2.1/../../../arm-none-eabi/lib/thumb/v7e-m+fp/hard/libc_nano.a(libc_a-impure.o)
 .debug_abbrev  0x00003efe       0xc9 /usr/lib/gcc/arm-none-eabi/13.2.1/../../../arm-none-eabi/lib/thumb/v7e-m+fp/hard/libc_nano.a(libc_a-init.o)
 .debug_abbrev  0x00003fc7       0xb7 /usr/lib/gcc/arm-none-eabi/13.2.1/../../../arm-none-eabi/lib/thumb/v7e-m+fp/hard/libc_nano.a(libc_a-memset.o)
 .debug_abbrev  0x0000407e      0x15e /usr/lib/gcc/arm-none-eabi/13.2.1/../../../arm-none-eabi/lib/thumb/v7e-m+fp/hard/libc_nano.a(libc_a-errno.o)
 .debug_abbrev  0x000041dc       0x28 /usr/lib/gcc/arm-none-eabi/13.2.1/../../../arm-none-eabi/lib/thumb/v7e-m+fp/hard/libc_nano.a(libc_a-memcpy.o)
 .debug_abbrev  0x00004204      0x3b3 /usr/lib/gcc/arm-none-eabi/13.2.1/../../../arm-none-eabi/lib/thumb/v7e-m+fp/hard/libc_nano.a(libc_a-ecvtbuf.o)
 .debug_abbrev  0x000045b7      0x493 /usr/lib/gcc/arm-none-eabi/13.2.1/../../../arm-none-eabi/lib/thumb/v7e-m+fp/hard/libc_nano.a(libc_a-mprec.o)
 .debug_abbrev  0x00004a4a       0x7b /usr/lib/gcc/arm-none-eabi/13.2.1/../../../arm-none-eabi/lib/thumb/v7e-m+fp/hard/libc_nano.a(libc_a-strcpy.o)
 .debug_abbrev  0x00004ac5      0x408 /usr/lib/gcc/arm-none-eabi/13.2.1/../../../arm-none-eabi/lib/thumb/v7e-m+fp/hard/libc_nano.a(libc_a-findfp.o)
 .debug_abbrev  0x00004ecd      0x2e4 /usr/lib/gcc/arm-none-eabi/13.2.1/../../../arm-none-eabi/lib/thumb/v7e-m+fp/hard/libc_nano.a(libc_a-fflush.o)
 .debug_abbrev  0x000051b1      0x1cd /usr/lib/gcc/arm-none-eabi/13.2.1/../../../arm-none-eabi/lib/thumb/v7e-m+fp/hard/libc_nano.a(libc_a-callocr.o)
 .debug_abbrev  0x0000537e      0x24a /usr/lib/gcc/arm-none-eabi/13.2.1/../../../arm-none-eabi/lib/thumb/v7e-m+fp/hard/libc_nano.a(libc_a-mallocr.o)
 .debug_abbrev  0x000055c8      0x333 /usr/lib/gcc/arm-none-eabi/13.2.1/../../../arm-none-eabi/lib/thumb/v7e-m+fp/hard/libc_nano.a(libc_a-dtoa.o)
 .debug_abbrev  0x000058fb      0x249 /usr/lib/gcc/arm-none-eabi/13.2.1/../../../arm-none-eabi/lib/thumb/v7e-m+fp/hard/libc_nano.a(libc_a-freer.o)
 .debug_abbrev  0x00005b44      0x19b /usr/lib/gcc/arm-none-eabi/13.2.1/../../../arm-none-eabi/lib/thumb/v7e-m+fp/hard/libc_nano.a(libc_a-fwalk.o)
 .debug_abbrev  0x00005cdf      0x1cf /usr/lib/gcc/arm-none-eabi/13.2.1/../../../arm-none-eabi/lib/thumb/v7e-m+fp/hard/libc_nano.a(libc_a-malloc.o)
 .debug_abbrev  0x00005eae      0x20c /usr/lib/gcc/arm-none-eabi/13.2.1/../../../arm-none-eabi/lib/thumb/v7e-m+fp/hard/libc_nano.a(libc_a-reallocr.o)
 .debug_abbrev  0x000060ba      0x192 /usr/lib/gcc/arm-none-eabi/13.2.1/../../../arm-none-eabi/lib/thumb/v7e-m+fp/hard/libc_nano.a(libc_a-mlock.o)
 .debug_abbrev  0x0000624c      0x1ea /usr/lib/gcc/arm-none-eabi/13.2.1/../../../arm-none-eabi/lib/thumb/v7e-m+fp/hard/libc_nano.a(libc_a-assert.o)
 .debug_abbrev  0x00006436      0x1da /usr/lib/gcc/arm-none-eabi/13.2.1/../../../arm-none-eabi/lib/thumb/v7e-m+fp/hard/libc_nano.a(libc_a-sbrkr.o)
 .debug_abbrev  0x00006610      0x224 /usr/lib/gcc/arm-none-eabi/13.2.1/../../../arm-none-eabi/lib/thumb/v7e-m+fp/hard/libc_nano.a(libc_a-stdio.o)
 .debug_abbrev  0x00006834      0x196 /usr/lib/gcc/arm-none-eabi/13.2.1/../../../arm-none-eabi/lib/thumb/v7e-m+fp/hard/libc_nano.a(libc_a-msizer.o)
 .debug_abbrev  0x000069ca       0x99 /usr/lib/gcc/arm-none-eabi/13.2.1/../../../arm-none-eabi/lib/thumb/v7e-m+fp/hard/libc_nano.a(libc_a-abort.o)
 .debug_abbrev  0x00006a63      0x1b0 /usr/lib/gcc/arm-none-eabi/13.2.1/../../../arm-none-eabi/lib/thumb/v7e-m+fp/hard/libc_nano.a(libc_a-closer.o)
 .debug_abbrev  0x00006c13      0x1b0 /usr/lib/gcc/arm-none-eabi/13.2.1/../../../arm-none-eabi/lib/thumb/v7e-m+fp/hard/libc_nano.a(libc_a-readr.o)
 .debug_abbrev  0x00006dc3      0x21d /usr/lib/gcc/arm-none-eabi/13.2.1/../../../arm-none-eabi/lib/thumb/v7e-m+fp/hard/libc_nano.a(libc_a-fprintf.o)
 .debug_abbrev  0x00006fe0      0x1ee /usr/lib/gcc/arm-none-eabi/13.2.1/../../../arm-none-eabi/lib/thumb/v7e-m+fp/hard/libc_nano.a(libc_a-reent.o)
 .debug_abbrev  0x000071ce      0x1c4 /usr/lib/gcc/arm-none-eabi/13.2.1/../../../arm-none-eabi/lib/thumb/v7e-m+fp/hard/libc_nano.a(libc_a-lseekr.o)
 .debug_abbrev  0x00007392      0x1b5 /usr/lib/gcc/arm-none-eabi/13.2.1/../../../arm-none-eabi/lib/thumb/v7e-m+fp/hard/libc_nano.a(libc_a-writer.o)
 .debug_abbrev  0x00007547      0x36e /usr/lib/gcc/arm-none-eabi/13.2.1/../../../arm-none-eabi/lib/thumb/v7e-m+fp/hard/libc_nano.a(libc_a-nano-vfprintf.o)
 .debug_abbrev  0x000078b5      0x236 /usr/lib/gcc/arm-none-eabi/13.2.1/../../../arm-none-eabi/lib/thumb/v7e-m+fp/hard/libc_nano.a(libc_a-wbuf.o)
 .debug_abbrev  0x00007aeb      0x21b /usr/lib/gcc/arm-none-eabi/13.2.1/../../../arm-none-eabi/lib/thumb/v7e-m+fp/hard/libc_nano.a(libc_a-fvwrite.o)
 .debug_abbrev  0x00007d06      0x2d7 /usr/lib/gcc/arm-none-eabi/13.2.1/../../../arm-none-eabi/lib/thumb/v7e-m+fp/hard/libc_nano.a(libc_a-signal.o)
 .debug_abbrev  0x00007fdd       0xc3 /usr/lib/gcc/arm-none-eabi/13.2.1/../../../arm-none-eabi/lib/thumb/v7e-m+fp/hard/libc_nano.a(libc_a-memmove.o)
 .debug_abbrev  0x000080a0       0x14 /usr/lib/gcc/arm-none-eabi/13.2.1/../../../arm-none-eabi/lib/thumb/v7e-m+fp/hard/libc_nano.a(libc_a-memchr.o)
 .debug_abbrev  0x000080b4      0x1e2 /usr/lib/gcc/arm-none-eabi/13.2.1/../../../arm-none-eabi/lib/thumb/v7e-m+fp/hard/libc_nano.a(libc_a-wsetup.o)
 .debug_abbrev  0x00008296      0x284 /usr/lib/gcc/arm-none-eabi/13.2.1/../../../arm-none-eabi/lib/thumb/v7e-m+fp/hard/libc_nano.a(libc_a-nano-vfprintf_i.o)
 .debug_abbrev  0x0000851a      0x29d /usr/lib/gcc/arm-none-eabi/13.2.1/../../../arm-none-eabi/lib/thumb/v7e-m+fp/hard/libc_nano.a(libc_a-makebuf.o)
 .debug_abbrev  0x000087b7      0x1b0 /usr/lib/gcc/arm-none-eabi/13.2.1/../../../arm-none-eabi/lib/thumb/v7e-m+fp/hard/libc_nano.a(libc_a-isattyr.o)
 .debug_abbrev  0x00008967      0x1fd /usr/lib/gcc/arm-none-eabi/13.2.1/../../../arm-none-eabi/lib/thumb/v7e-m+fp/hard/libc_nano.a(libc_a-signalr.o)
 .debug_abbrev  0x00008b64      0x1c3 /usr/lib/gcc/arm-none-eabi/13.2.1/../../../arm-none-eabi/lib/thumb/v7e-m+fp/hard/libc_nano.a(libc_a-fstatr.o)
 .debug_abbrev  0x00008d27       0x28 /usr/lib/gcc/arm-none-eabi/13.2.1/thumb/v7e-m+fp/hard/libgcc.a(_arm_addsubdf3.o)
 .debug_abbrev  0x00008d4f       0x28 /usr/lib/gcc/arm-none-eabi/13.2.1/thumb/v7e-m+fp/hard/libgcc.a(_arm_muldivdf3.o)
 .debug_abbrev  0x00008d77       0x28 /usr/lib/gcc/arm-none-eabi/13.2.1/thumb/v7e-m+fp/hard/libgcc.a(_arm_cmpdf2.o)
 .debug_abbrev  0x00008d9f       0x28 /usr/lib/gcc/arm-none-eabi/13.2.1/thumb/v7e-m+fp/hard/libgcc.a(_arm_fixdfsi.o)
 .debug_abbrev  0x00008dc7       0x28 /usr/lib/gcc/arm-none-eabi/13.2.1/thumb/v7e-m+fp/hard/libgcc.a(_arm_truncdfsf2.o)

.debug_loc      0x00000000    0x142c8
 .debug_loc     0x00000000       0x4c build/main.o
 .debug_loc     0x0000004c       0x7b build/gpio.o
 .debug_loc     0x000000c7      0x1ac build/adc.o
 .debug_loc     0x00000273      0x13c build/i2c.o
 .debug_loc     0x000003af       0xca build/motor.o
 .debug_loc     0x00000479      0x120 build/spi.o
 .debug_loc     0x00000599     0x16bb build/display.o
 .debug_loc     0x00001c54       0x46 build/clocks.o
 .debug_loc     0x00001c9a       0x8f build/fonts.o
 .debug_loc     0x00001d29       0x38 build/dac.o
 .debug_loc     0x00001d61       0x80 build/stm32l4xx_it.o
 .debug_loc     0x00001de1       0x2c build/stm32l4xx_hal_msp.o
 .debug_loc     0x00001e0d     0x28c2 build/stm32l4xx_hal_adc.o
 .debug_loc     0x000046cf     0x1dca build/stm32l4xx_hal_adc_ex.o
 .debug_loc     0x00006499      0x2cd build/stm32l4xx_hal.o
 .debug_loc     0x00006766      0xa09 build/stm32l4xx_hal_rcc.o
 .debug_loc     0x0000716f     0x1a0c build/stm32l4xx_hal_rcc_ex.o
 .debug_loc     0x00008b7b      0x499 build/stm32l4xx_hal_gpio.o
 .debug_loc     0x00009014     0x605d build/stm32l4xx_hal_i2c.o
 .debug_loc     0x0000f071      0x243 build/stm32l4xx_hal_i2c_ex.o
 .debug_loc     0x0000f2b4      0xa07 build/stm32l4xx_hal_dma.o
 .debug_loc     0x0000fcbb      0x89b build/stm32l4xx_hal_pwr_ex.o
 .debug_loc     0x00010556      0x8ff build/stm32l4xx_hal_cortex.o
 .debug_loc     0x00010e55     0x2d39 build/stm32l4xx_hal_spi.o
 .debug_loc     0x00013b8e      0x127 build/system_stm32l4xx.o
 .debug_loc     0x00013cb5       0x90 build/sysmem.o
 .debug_loc     0x00013d45      0x583 build/syscalls.o

.debug_aranges  0x00000000     0x1608
 .debug_aranges
                0x00000000       0x50 build/main.o
 .debug_aranges
                0x00000050       0x28 build/gpio.o
 .debug_aranges
                0x00000078       0x38 build/adc.o
 .debug_aranges
                0x000000b0       0x30 build/i2c.o
 .debug_aranges
                0x000000e0       0x28 build/motor.o
 .debug_aranges
                0x00000108       0x30 build/spi.o
 .debug_aranges
                0x00000138       0xd0 build/display.o
 .debug_aranges
                0x00000208       0x20 build/clocks.o
 .debug_aranges
                0x00000228       0x20 build/fonts.o
 .debug_aranges
                0x00000248       0x28 build/dac.o
 .debug_aranges
                0x00000270       0x78 build/stm32l4xx_it.o
 .debug_aranges
                0x000002e8       0x20 build/stm32l4xx_hal_msp.o
 .debug_aranges
                0x00000308      0x110 build/stm32l4xx_hal_adc.o
 .debug_aranges
                0x00000418       0xd8 build/stm32l4xx_hal_adc_ex.o
 .debug_aranges
                0x000004f0      0x130 build/stm32l4xx_hal.o
 .debug_aranges
                0x00000620       0x90 build/stm32l4xx_hal_rcc.o
 .debug_aranges
                0x000006b0       0xf0 build/stm32l4xx_hal_rcc_ex.o
 .debug_aranges
                0x000007a0       0x58 build/stm32l4xx_hal_gpio.o
 .debug_aranges
                0x000007f8      0x2a0 build/stm32l4xx_hal_i2c.o
 .debug_aranges
                0x00000a98       0x48 build/stm32l4xx_hal_i2c_ex.o
 .debug_aranges
                0x00000ae0       0x80 build/stm32l4xx_hal_dma.o
 .debug_aranges
                0x00000b60      0x100 build/stm32l4xx_hal_pwr_ex.o
 .debug_aranges
                0x00000c60       0xe0 build/stm32l4xx_hal_cortex.o
 .debug_aranges
                0x00000d40      0x1d8 build/stm32l4xx_hal_spi.o
 .debug_aranges
                0x00000f18       0x28 build/system_stm32l4xx.o
 .debug_aranges
                0x00000f40       0x20 build/sysmem.o
 .debug_aranges
                0x00000f60       0xa8 build/syscalls.o
 .debug_aranges
                0x00001008       0x28 build/startup_stm32l431xx.o
 .debug_aranges
                0x00001030       0x20 /usr/lib/gcc/arm-none-eabi/13.2.1/../../../arm-none-eabi/lib/thumb/v7e-m+fp/hard/libc_nano.a(libc_a-efgcvt.o)
 .debug_aranges
                0x00001050       0x18 /usr/lib/gcc/arm-none-eabi/13.2.1/../../../arm-none-eabi/lib/thumb/v7e-m+fp/hard/libc_nano.a(libc_a-impure.o)
 .debug_aranges
                0x00001068       0x20 /usr/lib/gcc/arm-none-eabi/13.2.1/../../../arm-none-eabi/lib/thumb/v7e-m+fp/hard/libc_nano.a(libc_a-init.o)
 .debug_aranges
                0x00001088       0x20 /usr/lib/gcc/arm-none-eabi/13.2.1/../../../arm-none-eabi/lib/thumb/v7e-m+fp/hard/libc_nano.a(libc_a-memset.o)
 .debug_aranges
                0x000010a8       0x20 /usr/lib/gcc/arm-none-eabi/13.2.1/../../../arm-none-eabi/lib/thumb/v7e-m+fp/hard/libc_nano.a(libc_a-errno.o)
 .debug_aranges
                0x000010c8       0x20 /usr/lib/gcc/arm-none-eabi/13.2.1/../../../arm-none-eabi/lib/thumb/v7e-m+fp/hard/libc_nano.a(libc_a-memcpy.o)
 .debug_aranges
                0x000010e8       0x20 /usr/lib/gcc/arm-none-eabi/13.2.1/../../../arm-none-eabi/lib/thumb/v7e-m+fp/hard/libc_nano.a(libc_a-ecvtbuf.o)
 .debug_aranges
                0x00001108       0x20 /usr/lib/gcc/arm-none-eabi/13.2.1/../../../arm-none-eabi/lib/thumb/v7e-m+fp/hard/libc_nano.a(libc_a-mprec.o)
 .debug_aranges
                0x00001128       0x20 /usr/lib/gcc/arm-none-eabi/13.2.1/../../../arm-none-eabi/lib/thumb/v7e-m+fp/hard/libc_nano.a(libc_a-strcpy.o)
 .debug_aranges
                0x00001148       0x20 /usr/lib/gcc/arm-none-eabi/13.2.1/../../../arm-none-eabi/lib/thumb/v7e-m+fp/hard/libc_nano.a(libc_a-findfp.o)
 .debug_aranges
                0x00001168       0x20 /usr/lib/gcc/arm-none-eabi/13.2.1/../../../arm-none-eabi/lib/thumb/v7e-m+fp/hard/libc_nano.a(libc_a-fflush.o)
 .debug_aranges
                0x00001188       0x20 /usr/lib/gcc/arm-none-eabi/13.2.1/../../../arm-none-eabi/lib/thumb/v7e-m+fp/hard/libc_nano.a(libc_a-callocr.o)
 .debug_aranges
                0x000011a8       0x20 /usr/lib/gcc/arm-none-eabi/13.2.1/../../../arm-none-eabi/lib/thumb/v7e-m+fp/hard/libc_nano.a(libc_a-mallocr.o)
 .debug_aranges
                0x000011c8       0x20 /usr/lib/gcc/arm-none-eabi/13.2.1/../../../arm-none-eabi/lib/thumb/v7e-m+fp/hard/libc_nano.a(libc_a-dtoa.o)
 .debug_aranges
                0x000011e8       0x20 /usr/lib/gcc/arm-none-eabi/13.2.1/../../../arm-none-eabi/lib/thumb/v7e-m+fp/hard/libc_nano.a(libc_a-freer.o)
 .debug_aranges
                0x00001208       0x20 /usr/lib/gcc/arm-none-eabi/13.2.1/../../../arm-none-eabi/lib/thumb/v7e-m+fp/hard/libc_nano.a(libc_a-fwalk.o)
 .debug_aranges
                0x00001228       0x20 /usr/lib/gcc/arm-none-eabi/13.2.1/../../../arm-none-eabi/lib/thumb/v7e-m+fp/hard/libc_nano.a(libc_a-malloc.o)
 .debug_aranges
                0x00001248       0x20 /usr/lib/gcc/arm-none-eabi/13.2.1/../../../arm-none-eabi/lib/thumb/v7e-m+fp/hard/libc_nano.a(libc_a-reallocr.o)
 .debug_aranges
                0x00001268       0x20 /usr/lib/gcc/arm-none-eabi/13.2.1/../../../arm-none-eabi/lib/thumb/v7e-m+fp/hard/libc_nano.a(libc_a-mlock.o)
 .debug_aranges
                0x00001288       0x20 /usr/lib/gcc/arm-none-eabi/13.2.1/../../../arm-none-eabi/lib/thumb/v7e-m+fp/hard/libc_nano.a(libc_a-assert.o)
 .debug_aranges
                0x000012a8       0x20 /usr/lib/gcc/arm-none-eabi/13.2.1/../../../arm-none-eabi/lib/thumb/v7e-m+fp/hard/libc_nano.a(libc_a-sbrkr.o)
 .debug_aranges
                0x000012c8       0x20 /usr/lib/gcc/arm-none-eabi/13.2.1/../../../arm-none-eabi/lib/thumb/v7e-m+fp/hard/libc_nano.a(libc_a-stdio.o)
 .debug_aranges
                0x000012e8       0x20 /usr/lib/gcc/arm-none-eabi/13.2.1/../../../arm-none-eabi/lib/thumb/v7e-m+fp/hard/libc_nano.a(libc_a-msizer.o)
 .debug_aranges
                0x00001308       0x20 /usr/lib/gcc/arm-none-eabi/13.2.1/../../../arm-none-eabi/lib/thumb/v7e-m+fp/hard/libc_nano.a(libc_a-abort.o)
 .debug_aranges
                0x00001328       0x20 /usr/lib/gcc/arm-none-eabi/13.2.1/../../../arm-none-eabi/lib/thumb/v7e-m+fp/hard/libc_nano.a(libc_a-closer.o)
 .debug_aranges
                0x00001348       0x20 /usr/lib/gcc/arm-none-eabi/13.2.1/../../../arm-none-eabi/lib/thumb/v7e-m+fp/hard/libc_nano.a(libc_a-readr.o)
 .debug_aranges
                0x00001368       0x20 /usr/lib/gcc/arm-none-eabi/13.2.1/../../../arm-none-eabi/lib/thumb/v7e-m+fp/hard/libc_nano.a(libc_a-fprintf.o)
 .debug_aranges
                0x00001388       0x20 /usr/lib/gcc/arm-none-eabi/13.2.1/../../../arm-none-eabi/lib/thumb/v7e-m+fp/hard/libc_nano.a(libc_a-reent.o)
 .debug_aranges
                0x000013a8       0x20 /usr/lib/gcc/arm-none-eabi/13.2.1/../../../arm-none-eabi/lib/thumb/v7e-m+fp/hard/libc_nano.a(libc_a-lseekr.o)
 .debug_aranges
                0x000013c8       0x20 /usr/lib/gcc/arm-none-eabi/13.2.1/../../../arm-none-eabi/lib/thumb/v7e-m+fp/hard/libc_nano.a(libc_a-writer.o)
 .debug_aranges
                0x000013e8       0x20 /usr/lib/gcc/arm-none-eabi/13.2.1/../../../arm-none-eabi/lib/thumb/v7e-m+fp/hard/libc_nano.a(libc_a-nano-vfprintf.o)
 .debug_aranges
                0x00001408       0x20 /usr/lib/gcc/arm-none-eabi/13.2.1/../../../arm-none-eabi/lib/thumb/v7e-m+fp/hard/libc_nano.a(libc_a-wbuf.o)
 .debug_aranges
                0x00001428       0x20 /usr/lib/gcc/arm-none-eabi/13.2.1/../../../arm-none-eabi/lib/thumb/v7e-m+fp/hard/libc_nano.a(libc_a-fvwrite.o)
 .debug_aranges
                0x00001448       0x20 /usr/lib/gcc/arm-none-eabi/13.2.1/../../../arm-none-eabi/lib/thumb/v7e-m+fp/hard/libc_nano.a(libc_a-signal.o)
 .debug_aranges
                0x00001468       0x20 /usr/lib/gcc/arm-none-eabi/13.2.1/../../../arm-none-eabi/lib/thumb/v7e-m+fp/hard/libc_nano.a(libc_a-memmove.o)
 .debug_aranges
                0x00001488       0x20 /usr/lib/gcc/arm-none-eabi/13.2.1/../../../arm-none-eabi/lib/thumb/v7e-m+fp/hard/libc_nano.a(libc_a-memchr.o)
 .debug_aranges
                0x000014a8       0x20 /usr/lib/gcc/arm-none-eabi/13.2.1/../../../arm-none-eabi/lib/thumb/v7e-m+fp/hard/libc_nano.a(libc_a-wsetup.o)
 .debug_aranges
                0x000014c8       0x20 /usr/lib/gcc/arm-none-eabi/13.2.1/../../../arm-none-eabi/lib/thumb/v7e-m+fp/hard/libc_nano.a(libc_a-nano-vfprintf_i.o)
 .debug_aranges
                0x000014e8       0x20 /usr/lib/gcc/arm-none-eabi/13.2.1/../../../arm-none-eabi/lib/thumb/v7e-m+fp/hard/libc_nano.a(libc_a-makebuf.o)
 .debug_aranges
                0x00001508       0x20 /usr/lib/gcc/arm-none-eabi/13.2.1/../../../arm-none-eabi/lib/thumb/v7e-m+fp/hard/libc_nano.a(libc_a-isattyr.o)
 .debug_aranges
                0x00001528       0x20 /usr/lib/gcc/arm-none-eabi/13.2.1/../../../arm-none-eabi/lib/thumb/v7e-m+fp/hard/libc_nano.a(libc_a-signalr.o)
 .debug_aranges
                0x00001548       0x20 /usr/lib/gcc/arm-none-eabi/13.2.1/../../../arm-none-eabi/lib/thumb/v7e-m+fp/hard/libc_nano.a(libc_a-fstatr.o)
 .debug_aranges
                0x00001568       0x20 /usr/lib/gcc/arm-none-eabi/13.2.1/thumb/v7e-m+fp/hard/libgcc.a(_arm_addsubdf3.o)
 .debug_aranges
                0x00001588       0x20 /usr/lib/gcc/arm-none-eabi/13.2.1/thumb/v7e-m+fp/hard/libgcc.a(_arm_muldivdf3.o)
 .debug_aranges
                0x000015a8       0x20 /usr/lib/gcc/arm-none-eabi/13.2.1/thumb/v7e-m+fp/hard/libgcc.a(_arm_cmpdf2.o)
 .debug_aranges
                0x000015c8       0x20 /usr/lib/gcc/arm-none-eabi/13.2.1/thumb/v7e-m+fp/hard/libgcc.a(_arm_fixdfsi.o)
 .debug_aranges
                0x000015e8       0x20 /usr/lib/gcc/arm-none-eabi/13.2.1/thumb/v7e-m+fp/hard/libgcc.a(_arm_truncdfsf2.o)

.debug_ranges   0x00000000     0x1238
 .debug_ranges  0x00000000       0x58 build/main.o
 .debug_ranges  0x00000058       0x18 build/gpio.o
 .debug_ranges  0x00000070       0x28 build/adc.o
 .debug_ranges  0x00000098       0x20 build/i2c.o
 .debug_ranges  0x000000b8       0x18 build/motor.o
 .debug_ranges  0x000000d0       0x20 build/spi.o
 .debug_ranges  0x000000f0       0xc0 build/display.o
 .debug_ranges  0x000001b0       0x10 build/clocks.o
 .debug_ranges  0x000001c0       0x10 build/fonts.o
 .debug_ranges  0x000001d0       0x18 build/dac.o
 .debug_ranges  0x000001e8       0x68 build/stm32l4xx_it.o
 .debug_ranges  0x00000250       0x10 build/stm32l4xx_hal_msp.o
 .debug_ranges  0x00000260      0x3a0 build/stm32l4xx_hal_adc.o
 .debug_ranges  0x00000600      0x1a0 build/stm32l4xx_hal_adc_ex.o